###############################################################################
#
# IAR ELF Linker V3.10.1.201 for STM8                     07/Jul/2021  14:07:07
# Copyright 2010-2017 IAR Systems AB.
#
#    Output file  =  
#        E:\0_Ebyte_Product\0_Ebyte\E15\E15-EVB02\Software\2021-05-06-Project\0_Project\IAR_for_Stm8\ExMx_Demo\E15-EVB02_E30-900M20S\Exe\project.out
#    Map file     =  
#        E:\0_Ebyte_Product\0_Ebyte\E15\E15-EVB02\Software\2021-05-06-Project\0_Project\IAR_for_Stm8\ExMx_Demo\E15-EVB02_E30-900M20S\List\project.map
#    Command line =  
#        -f C:\Users\529880~1\AppData\Local\Temp\EW470A.tmp
#        (E:\0_Ebyte_Product\0_Ebyte\E15\E15-EVB02\Software\2021-05-06-Project\0_Project\IAR_for_Stm8\ExMx_Demo\E15-EVB02_E30-900M20S\Obj\board.o
#        E:\0_Ebyte_Product\0_Ebyte\E15\E15-EVB02\Software\2021-05-06-Project\0_Project\IAR_for_Stm8\ExMx_Demo\E15-EVB02_E30-900M20S\Obj\board_button.o
#        E:\0_Ebyte_Product\0_Ebyte\E15\E15-EVB02\Software\2021-05-06-Project\0_Project\IAR_for_Stm8\ExMx_Demo\E15-EVB02_E30-900M20S\Obj\board_mini_printf.o
#        E:\0_Ebyte_Product\0_Ebyte\E15\E15-EVB02\Software\2021-05-06-Project\0_Project\IAR_for_Stm8\ExMx_Demo\E15-EVB02_E30-900M20S\Obj\ebyte_callback.o
#        E:\0_Ebyte_Product\0_Ebyte\E15\E15-EVB02\Software\2021-05-06-Project\0_Project\IAR_for_Stm8\ExMx_Demo\E15-EVB02_E30-900M20S\Obj\ebyte_core.o
#        E:\0_Ebyte_Product\0_Ebyte\E15\E15-EVB02\Software\2021-05-06-Project\0_Project\IAR_for_Stm8\ExMx_Demo\E15-EVB02_E30-900M20S\Obj\ebyte_debug.o
#        E:\0_Ebyte_Product\0_Ebyte\E15\E15-EVB02\Software\2021-05-06-Project\0_Project\IAR_for_Stm8\ExMx_Demo\E15-EVB02_E30-900M20S\Obj\ebyte_e30x.o
#        E:\0_Ebyte_Product\0_Ebyte\E15\E15-EVB02\Software\2021-05-06-Project\0_Project\IAR_for_Stm8\ExMx_Demo\E15-EVB02_E30-900M20S\Obj\ebyte_kfifo.o
#        E:\0_Ebyte_Product\0_Ebyte\E15\E15-EVB02\Software\2021-05-06-Project\0_Project\IAR_for_Stm8\ExMx_Demo\E15-EVB02_E30-900M20S\Obj\ebyte_port.o
#        E:\0_Ebyte_Product\0_Ebyte\E15\E15-EVB02\Software\2021-05-06-Project\0_Project\IAR_for_Stm8\ExMx_Demo\E15-EVB02_E30-900M20S\Obj\main.o
#        E:\0_Ebyte_Product\0_Ebyte\E15\E15-EVB02\Software\2021-05-06-Project\0_Project\IAR_for_Stm8\ExMx_Demo\E15-EVB02_E30-900M20S\Obj\stm8l15x_adc.o
#        E:\0_Ebyte_Product\0_Ebyte\E15\E15-EVB02\Software\2021-05-06-Project\0_Project\IAR_for_Stm8\ExMx_Demo\E15-EVB02_E30-900M20S\Obj\stm8l15x_aes.o
#        E:\0_Ebyte_Product\0_Ebyte\E15\E15-EVB02\Software\2021-05-06-Project\0_Project\IAR_for_Stm8\ExMx_Demo\E15-EVB02_E30-900M20S\Obj\stm8l15x_beep.o
#        E:\0_Ebyte_Product\0_Ebyte\E15\E15-EVB02\Software\2021-05-06-Project\0_Project\IAR_for_Stm8\ExMx_Demo\E15-EVB02_E30-900M20S\Obj\stm8l15x_clk.o
#        E:\0_Ebyte_Product\0_Ebyte\E15\E15-EVB02\Software\2021-05-06-Project\0_Project\IAR_for_Stm8\ExMx_Demo\E15-EVB02_E30-900M20S\Obj\stm8l15x_comp.o
#        E:\0_Ebyte_Product\0_Ebyte\E15\E15-EVB02\Software\2021-05-06-Project\0_Project\IAR_for_Stm8\ExMx_Demo\E15-EVB02_E30-900M20S\Obj\stm8l15x_dac.o
#        E:\0_Ebyte_Product\0_Ebyte\E15\E15-EVB02\Software\2021-05-06-Project\0_Project\IAR_for_Stm8\ExMx_Demo\E15-EVB02_E30-900M20S\Obj\stm8l15x_dma.o
#        E:\0_Ebyte_Product\0_Ebyte\E15\E15-EVB02\Software\2021-05-06-Project\0_Project\IAR_for_Stm8\ExMx_Demo\E15-EVB02_E30-900M20S\Obj\stm8l15x_exti.o
#        E:\0_Ebyte_Product\0_Ebyte\E15\E15-EVB02\Software\2021-05-06-Project\0_Project\IAR_for_Stm8\ExMx_Demo\E15-EVB02_E30-900M20S\Obj\stm8l15x_flash.o
#        E:\0_Ebyte_Product\0_Ebyte\E15\E15-EVB02\Software\2021-05-06-Project\0_Project\IAR_for_Stm8\ExMx_Demo\E15-EVB02_E30-900M20S\Obj\stm8l15x_gpio.o
#        E:\0_Ebyte_Product\0_Ebyte\E15\E15-EVB02\Software\2021-05-06-Project\0_Project\IAR_for_Stm8\ExMx_Demo\E15-EVB02_E30-900M20S\Obj\stm8l15x_i2c.o
#        E:\0_Ebyte_Product\0_Ebyte\E15\E15-EVB02\Software\2021-05-06-Project\0_Project\IAR_for_Stm8\ExMx_Demo\E15-EVB02_E30-900M20S\Obj\stm8l15x_irtim.o
#        E:\0_Ebyte_Product\0_Ebyte\E15\E15-EVB02\Software\2021-05-06-Project\0_Project\IAR_for_Stm8\ExMx_Demo\E15-EVB02_E30-900M20S\Obj\stm8l15x_it.o
#        E:\0_Ebyte_Product\0_Ebyte\E15\E15-EVB02\Software\2021-05-06-Project\0_Project\IAR_for_Stm8\ExMx_Demo\E15-EVB02_E30-900M20S\Obj\stm8l15x_iwdg.o
#        E:\0_Ebyte_Product\0_Ebyte\E15\E15-EVB02\Software\2021-05-06-Project\0_Project\IAR_for_Stm8\ExMx_Demo\E15-EVB02_E30-900M20S\Obj\stm8l15x_lcd.o
#        E:\0_Ebyte_Product\0_Ebyte\E15\E15-EVB02\Software\2021-05-06-Project\0_Project\IAR_for_Stm8\ExMx_Demo\E15-EVB02_E30-900M20S\Obj\stm8l15x_pwr.o
#        E:\0_Ebyte_Product\0_Ebyte\E15\E15-EVB02\Software\2021-05-06-Project\0_Project\IAR_for_Stm8\ExMx_Demo\E15-EVB02_E30-900M20S\Obj\stm8l15x_rst.o
#        E:\0_Ebyte_Product\0_Ebyte\E15\E15-EVB02\Software\2021-05-06-Project\0_Project\IAR_for_Stm8\ExMx_Demo\E15-EVB02_E30-900M20S\Obj\stm8l15x_rtc.o
#        E:\0_Ebyte_Product\0_Ebyte\E15\E15-EVB02\Software\2021-05-06-Project\0_Project\IAR_for_Stm8\ExMx_Demo\E15-EVB02_E30-900M20S\Obj\stm8l15x_spi.o
#        E:\0_Ebyte_Product\0_Ebyte\E15\E15-EVB02\Software\2021-05-06-Project\0_Project\IAR_for_Stm8\ExMx_Demo\E15-EVB02_E30-900M20S\Obj\stm8l15x_syscfg.o
#        E:\0_Ebyte_Product\0_Ebyte\E15\E15-EVB02\Software\2021-05-06-Project\0_Project\IAR_for_Stm8\ExMx_Demo\E15-EVB02_E30-900M20S\Obj\stm8l15x_tim1.o
#        E:\0_Ebyte_Product\0_Ebyte\E15\E15-EVB02\Software\2021-05-06-Project\0_Project\IAR_for_Stm8\ExMx_Demo\E15-EVB02_E30-900M20S\Obj\stm8l15x_tim2.o
#        E:\0_Ebyte_Product\0_Ebyte\E15\E15-EVB02\Software\2021-05-06-Project\0_Project\IAR_for_Stm8\ExMx_Demo\E15-EVB02_E30-900M20S\Obj\stm8l15x_tim3.o
#        E:\0_Ebyte_Product\0_Ebyte\E15\E15-EVB02\Software\2021-05-06-Project\0_Project\IAR_for_Stm8\ExMx_Demo\E15-EVB02_E30-900M20S\Obj\stm8l15x_tim4.o
#        E:\0_Ebyte_Product\0_Ebyte\E15\E15-EVB02\Software\2021-05-06-Project\0_Project\IAR_for_Stm8\ExMx_Demo\E15-EVB02_E30-900M20S\Obj\stm8l15x_tim5.o
#        E:\0_Ebyte_Product\0_Ebyte\E15\E15-EVB02\Software\2021-05-06-Project\0_Project\IAR_for_Stm8\ExMx_Demo\E15-EVB02_E30-900M20S\Obj\stm8l15x_usart.o
#        E:\0_Ebyte_Product\0_Ebyte\E15\E15-EVB02\Software\2021-05-06-Project\0_Project\IAR_for_Stm8\ExMx_Demo\E15-EVB02_E30-900M20S\Obj\stm8l15x_wfe.o
#        E:\0_Ebyte_Product\0_Ebyte\E15\E15-EVB02\Software\2021-05-06-Project\0_Project\IAR_for_Stm8\ExMx_Demo\E15-EVB02_E30-900M20S\Obj\stm8l15x_wwdg.o
#        --redirect _Printf=_PrintfSmall --redirect _Scanf=_ScanfSmall -o
#        E:\0_Ebyte_Product\0_Ebyte\E15\E15-EVB02\Software\2021-05-06-Project\0_Project\IAR_for_Stm8\ExMx_Demo\E15-EVB02_E30-900M20S\Exe\project.out
#        --map
#        E:\0_Ebyte_Product\0_Ebyte\E15\E15-EVB02\Software\2021-05-06-Project\0_Project\IAR_for_Stm8\ExMx_Demo\E15-EVB02_E30-900M20S\List\project.map
#        --config
#        F:\01_JH_Software\IAR\Install_ForStm8\stm8\config\lnkstm8l151g4.icf
#        --config_def _CSTACK_SIZE=0x100 --config_def _HEAP_SIZE=0x100 --entry
#        __iar_program_start --debug_lib)
#
###############################################################################

*******************************************************************************
*** RUNTIME MODEL ATTRIBUTES
***

__SystemLibrary            = DLib
__code_model               = small
__core                     = stm8
__data_model               = medium
__dlib_file_descriptor     = 0
__dlib_full_locale_support = 0
__rt_version               = 4


*******************************************************************************
*** PLACEMENT SUMMARY
***

"A0":  place at start of [0x000000-0x0000ff] { rw section .vregs };
"A1":  place at end of [0x000000-0x0007ff] { block CSTACK };
"P2":  place in [from 0x000000 to 0x0007ff] {
          block HEAP, rw section __DLIB_PERTHREAD, rw section .far.bss,
          rw section .far.data, rw section .far.noinit,
          rw section .far_func.textrw, rw section .huge.bss,
          rw section .huge.data, rw section .huge.noinit,
          rw section .huge_func.textrw, rw section .iar.dynexit,
          rw section .near.bss, rw section .near.data, rw section .near.noinit,
          rw section .near_func.textrw };
"A2":  place at start of [0x008000-0x00bfff] { block INTVEC };
"P3":  place in [from 0x008000 to 0x00bfff] {
          ro section __DLIB_PERTHREAD_init, ro section .far.data_init,
          ro section .far_func.textrw_init, ro section .huge.data_init,
          ro section .huge_func.textrw_init, ro section .iar.init_table,
          ro section .init_array, ro section .near.data_init,
          ro section .near.rodata, ro section .near_func.text,
          ro section .near_func.textrw_init, ro section .tiny.data_init,
          ro section .tiny.rodata_init };
"P4":  place in [from 0x008000 to 0x00bfff] {
          ro section .far.rodata, ro section .far_func.text };
"P5":  place in [from 0x008000 to 0x00bfff] {
          ro section .huge.rodata, ro section .huge_func.text };
do not initialize {
   rw section .eeprom.noinit, rw section .far.noinit, rw section .huge.noinit,
   rw section .near.noinit, rw section .tiny.noinit, rw section .vregs };
initialize by copy {
   rw section .far.bss, rw section .far.data, rw section .far_func.textrw,
   rw section .huge.bss, rw section .huge.data, rw section .huge_func.textrw,
   rw section .iar.dynexit, rw section .near.bss, rw section .near.data,
   rw section .near_func.textrw, rw section .tiny.bss, rw section .tiny.data,
   ro section .tiny.rodata };

  Section            Kind      Address    Size  Object
  -------            ----      -------    ----  ------
"A0":                                     0x10
  .vregs             uninit   0x000000    0x10  vregs.o [4]
                            - 0x000010    0x10

"P2", part 1 of 2:                        0x16
  P2-1                        0x000010    0x16  <Init block>
    .near.data       inited   0x000010     0xc  ebyte_e30x.o [1]
    .near.data       inited   0x00001c     0x5  main.o [1]
    .near.data       inited   0x000021     0x5  main.o [1]
                            - 0x000026    0x16

"P2", part 2 of 2:                       0x11f
  .near.bss          zero     0x000026    0x4c  main.o [1]
  .near.bss          zero     0x000072    0x40  ebyte_e30x.o [1]
  .near.bss          zero     0x0000b2    0x40  main.o [1]
  .near.bss          zero     0x0000f2    0x14  main.o [1]
  .near.bss          zero     0x000106    0x13  board.o [1]
  .near.bss          zero     0x000119     0xa  ebyte_e30x.o [1]
  .near.bss          zero     0x000123     0xa  ebyte_e30x.o [1]
  .near.bss          zero     0x00012d     0x4  board.o [1]
  .near.bss          zero     0x000131     0x4  stm8l15x_it.o [1]
  .near.bss          zero     0x000135     0x4  stm8l15x_it.o [1]
  .near.bss          zero     0x000139     0x2  stm8l15x_it.o [1]
  .near.bss          zero     0x00013b     0x2  stm8l15x_it.o [1]
  .near.bss          zero     0x00013d     0x1  ebyte_e30x.o [1]
  .near.bss          zero     0x00013e     0x1  main.o [1]
  .near.bss          zero     0x00013f     0x1  main.o [1]
  .near.bss          zero     0x000140     0x1  main.o [1]
  .near.bss          zero     0x000141     0x1  main.o [1]
  .near.bss          zero     0x000142     0x1  main.o [1]
  .near.bss          zero     0x000143     0x1  stm8l15x_it.o [1]
  .near.bss          zero     0x000144     0x1  stm8l15x_it.o [1]
                            - 0x000145   0x11f

"A1":                                    0x100
  CSTACK                      0x000700   0x100  <Block>
    CSTACK           uninit   0x000700   0x100  <Block tail>
                            - 0x000800   0x100

"A2":                                     0x80
  INTVEC                      0x008000    0x80  <Block>
    .intvec          const    0x008000    0x80  interrupt.o [4]
                            - 0x008080    0x80

"P3-P5":                                0x257a
  .near_func.text    ro code  0x008080   0x32d  float.o [4]
  .near_func.text    ro code  0x0083ad   0x2a6  ebyte_debug.o [1]
  .near_func.text    ro code  0x008653   0x1f0  board_mini_printf.o [1]
  .near.rodata       const    0x008843   0x165  ebyte_e30x.o [1]
  .near_func.text    ro code  0x0089a8   0x164  board_mini_printf.o [1]
  .near_func.text    ro code  0x008b0c   0x163  ebyte_kfifo.o [1]
  .near_func.text    ro code  0x008c6f   0x14e  ebyte_kfifo.o [1]
  .near_func.text    ro code  0x008dbd   0x14d  vreg_util.o [4]
  .near_func.text    ro code  0x008f0a   0x126  long.o [4]
  .near_func.text    ro code  0x009030   0x105  main.o [1]
  .near_func.text    ro code  0x009135   0x103  board_mini_printf.o [1]
  .near_func.text    ro code  0x009238    0xec  main.o [1]
  .near_func.text    ro code  0x009324    0xca  stm8l15x_usart.o [1]
  .near_func.text    ro code  0x0093ee    0xc5  main.o [1]
  .near_func.text    ro code  0x0094b3    0x9b  stm8l15x_it.o [1]
  .near_func.text    ro code  0x00954e    0x94  stm8l15x_usart.o [1]
  .near_func.text    ro code  0x0095e2    0x8e  ebyte_e30x.o [1]
  .near_func.text    ro code  0x009670    0x8e  stm8l15x_gpio.o [1]
  .near_func.text    ro code  0x0096fe    0x89  stm8l15x_clk.o [1]
  .near_func.text    ro code  0x009787    0x77  ebyte_e30x.o [1]
  .near_func.text    ro code  0x0097fe    0x72  stm8l15x_clk.o [1]
  .near_func.text    ro code  0x009870    0x6e  stm8l15x_it.o [1]
  .near_func.text    ro code  0x0098de    0x6a  ebyte_e30x.o [1]
  .near_func.text    ro code  0x009948    0x65  ebyte_e30x.o [1]
  .near_func.text    ro code  0x0099ad    0x55  stm8l15x_syscfg.o [1]
  .near_func.text    ro code  0x009a02    0x54  board.o [1]
  .near_func.text    ro code  0x009a56    0x54  long_util.o [4]
  .near_func.text    ro code  0x009aaa    0x50  ebyte_e30x.o [1]
  .near_func.text    ro code  0x009afa    0x48  main.o [1]
  .near_func.text    ro code  0x009b42    0x47  ebyte_kfifo.o [1]
  .near_func.text    ro code  0x009b89    0x47  stm8l15x_it.o [1]
  .near_func.text    ro code  0x009bd0    0x44  board.o [1]
  .near_func.text    ro code  0x009c14    0x44  ebyte_e30x.o [1]
  .near_func.text    ro code  0x009c58    0x43  board_button.o [1]
  .near_func.text    ro code  0x009c9b    0x42  ebyte_e30x.o [1]
  .near_func.text    ro code  0x009cdd    0x41  stm8l15x_spi.o [1]
  .near_func.text    ro code  0x009d1e    0x3c  ebyte_e30x.o [1]
  .near_func.text    ro code  0x009d5a    0x3b  board.o [1]
  .near_func.text    ro code  0x009d95    0x3b  ebyte_e30x.o [1]
  .near.rodata       const    0x009dd0    0x3a  main.o [1]
  .near_func.text    ro code  0x009e0a    0x3a  board.o [1]
  .near_func.text    ro code  0x009e44    0x37  ebyte_e30x.o [1]
  .near_func.text    ro code  0x009e7b    0x36  short.o [4]
  .near.rodata       const    0x009eb1    0x35  main.o [1]
  .near_func.text    ro code  0x009ee6    0x33  board.o [1]
  .near_func.text    ro code  0x009f19    0x33  board_button.o [1]
  .near_func.text    ro code  0x009f4c    0x31  ebyte_e30x.o [1]
  .near_func.text    ro code  0x009f7d    0x2e  ebyte_e30x.o [1]
  .near_func.text    ro code  0x009fab    0x2d  ebyte_e30x.o [1]
  .near_func.text    ro code  0x009fd8    0x2d  ebyte_e30x.o [1]
  .near_func.text    ro code  0x00a005    0x2c  ebyte_e30x.o [1]
  .near_func.text    ro code  0x00a031    0x2c  stm8l15x_gpio.o [1]
  .near.rodata       const    0x00a05d    0x2b  main.o [1]
  .near_func.text    ro code  0x00a088    0x2b  ebyte_port.o [1]
  .near_func.text    ro code  0x00a0b3    0x28  init_small.o [4]
  .near_func.text    ro code  0x00a0db    0x27  stm8l15x_usart.o [1]
  .near_func.text    ro code  0x00a102    0x26  board.o [1]
  .near_func.text    ro code  0x00a128    0x24  board.o [1]
  .near_func.text    ro code  0x00a14c    0x24  board.o [1]
  .near_func.text    ro code  0x00a170    0x24  stm8l15x_tim3.o [1]
  .near_func.text    ro code  0x00a194    0x23  board.o [1]
  .near_func.text    ro code  0x00a1b7    0x23  ebyte_e30x.o [1]
  .near.rodata       const    0x00a1da    0x22  main.o [1]
  .near_func.text    ro code  0x00a1fc    0x22  stm8l15x_usart.o [1]
  .near_func.text    ro code  0x00a21e    0x21  stm8l15x_exti.o [1]
  .near_func.text    ro code  0x00a23f    0x21  stm8l15x_it.o [1]
  .iar.init_table    const    0x00a260    0x12  - Linker created -
  .near_func.text    ro code  0x00a272    0x1f  board_mini_printf.o [1]
  .near_func.text    ro code  0x00a291    0x1e  init_small.o [4]
  .near_func.text    ro code  0x00a2af    0x1d  ebyte_callback.o [1]
  .near_func.text    ro code  0x00a2cc    0x1d  stm8l15x_it.o [1]
  .near_func.text    ro code  0x00a2e9    0x1c  ebyte_kfifo.o [1]
  .near_func.text    ro code  0x00a305    0x1a  ebyte_callback.o [1]
  .near_func.text    ro code  0x00a31f    0x1a  ebyte_port.o [1]
  .near_func.text    ro code  0x00a339    0x1a  ebyte_port.o [1]
  .near_func.text    ro code  0x00a353    0x1a  stm8l15x_tim3.o [1]
  .near_func.text    ro code  0x00a36d    0x19  stm8l15x_it.o [1]
  .near_func.text    ro code  0x00a386    0x19  stm8l15x_it.o [1]
  .near_func.text    ro code  0x00a39f    0x19  stm8l15x_it.o [1]
  .near_func.text    ro code  0x00a3b8    0x18  board.o [1]
  .near_func.text    ro code  0x00a3d0    0x18  stm8l15x_it.o [1]
  .near_func.text    ro code  0x00a3e8    0x18  dc_util.o [4]
  Initializer bytes  const    0x00a400    0x16  <for P2-1>
  .near_func.text    ro code  0x00a416    0x15  board.o [1]
  .near.rodata       const    0x00a42b    0x14  main.o [1]
  .near_func.text    ro code  0x00a43f    0x14  ebyte_e30x.o [1]
  .near_func.text    ro code  0x00a453    0x14  init.o [4]
  .near_func.text    ro code  0x00a467    0x14  __dbg_xxexit.o [3]
  .near_func.text    ro code  0x00a47b    0x13  cstartup.o [4]
  .near.rodata       const    0x00a48e    0x12  ebyte_core.o [1]
  .near.rodata       const    0x00a4a0    0x12  main.o [1]
  .near.rodata       const    0x00a4b2    0x12  main.o [1]
  .near_func.text    ro code  0x00a4c4    0x12  stm8l15x_gpio.o [1]
  .near.rodata       const    0x00a4d6    0x11  board_mini_printf.o [1]
  .near_func.text    ro code  0x00a4e7    0x11  board.o [1]
  .near_func.text    ro code  0x00a4f8    0x10  ebyte_port.o [1]
  .near_func.text    ro code  0x00a508     0xe  board_button.o [1]
  .near_func.text    ro code  0x00a516     0xe  stm8l15x_comp.o [1]
  .near_func.text    ro code  0x00a524     0xd  ebyte_e30x.o [1]
  .near_func.text    ro code  0x00a531     0xd  stm8l15x_spi.o [1]
  .near_func.text    ro code  0x00a53e     0xd  stm8l15x_tim3.o [1]
  .near_func.text    ro code  0x00a54b     0xd  move.o [4]
  .near.rodata       const    0x00a558     0xb  board_mini_printf.o [1]
  .near.rodata       const    0x00a563     0xb  main.o [1]
  .near_func.text    ro code  0x00a56e     0xb  stm8l15x_tim3.o [1]
  .near_func.text    ro code  0x00a579     0x9  board.o [1]
  .near_func.text    ro code  0x00a582     0x7  stm8l15x_gpio.o [1]
  .near_func.text    ro code  0x00a589     0x7  stm8l15x_gpio.o [1]
  .near.rodata       const    0x00a590     0x5  ebyte_debug.o [1]
  .near.rodata       const    0x00a595     0x5  ebyte_debug.o [1]
  .near.rodata       const    0x00a59a     0x5  ebyte_debug.o [1]
  .near.rodata       const    0x00a59f     0x5  ebyte_debug.o [1]
  .near.rodata       const    0x00a5a4     0x5  stm8l15x_clk.o [1]
  .near_func.text    ro code  0x00a5a9     0x5  stm8l15x_tim3.o [1]
  .near_func.text    ro code  0x00a5ae     0x5  stm8l15x_usart.o [1]
  .near_func.text    ro code  0x00a5b3     0x5  cexit.o [4]
  .near_func.text    ro code  0x00a5b8     0x4  ebyte_e30x.o [1]
  .near_func.text    ro code  0x00a5bc     0x4  ebyte_e30x.o [1]
  .near_func.text    ro code  0x00a5c0     0x4  main.o [1]
  .near_func.text    ro code  0x00a5c4     0x4  stm8l15x_clk.o [1]
  .near_func.text    ro code  0x00a5c8     0x4  stm8l15x_clk.o [1]
  .near_func.text    ro code  0x00a5cc     0x3  ebyte_e30x.o [1]
  .near_func.text    ro code  0x00a5cf     0x3  stm8l15x_usart.o [1]
  .near_func.text    ro code  0x00a5d2     0x3  stm8l15x_usart.o [1]
  .near_func.text    ro code  0x00a5d5     0x3  interrupt.o [4]
  .near_func.text    ro code  0x00a5d8     0x3  low_level_init.o [4]
  .near_func.text    ro code  0x00a5db     0x3  exit.o [4]
  .near_func.text    ro code  0x00a5de     0x3  unhandled_exception.o [4]
  .near_func.text    ro code  0x00a5e1     0x1  ebyte_e30x.o [1]
  .near_func.text    ro code  0x00a5e2     0x1  stm8l15x_it.o [1]
  .near_func.text    ro code  0x00a5e3     0x1  stm8l15x_it.o [1]
  .near_func.text    ro code  0x00a5e4     0x1  stm8l15x_it.o [1]
  .near_func.text    ro code  0x00a5e5     0x1  stm8l15x_it.o [1]
  .near_func.text    ro code  0x00a5e6     0x1  stm8l15x_it.o [1]
  .near_func.text    ro code  0x00a5e7     0x1  stm8l15x_it.o [1]
  .near_func.text    ro code  0x00a5e8     0x1  stm8l15x_it.o [1]
  .near_func.text    ro code  0x00a5e9     0x1  stm8l15x_it.o [1]
  .near_func.text    ro code  0x00a5ea     0x1  stm8l15x_it.o [1]
  .near_func.text    ro code  0x00a5eb     0x1  stm8l15x_it.o [1]
  .near_func.text    ro code  0x00a5ec     0x1  stm8l15x_it.o [1]
  .near_func.text    ro code  0x00a5ed     0x1  stm8l15x_it.o [1]
  .near_func.text    ro code  0x00a5ee     0x1  stm8l15x_it.o [1]
  .near_func.text    ro code  0x00a5ef     0x1  stm8l15x_it.o [1]
  .near_func.text    ro code  0x00a5f0     0x1  stm8l15x_it.o [1]
  .near_func.text    ro code  0x00a5f1     0x1  stm8l15x_it.o [1]
  .near_func.text    ro code  0x00a5f2     0x1  stm8l15x_it.o [1]
  .near_func.text    ro code  0x00a5f3     0x1  stm8l15x_it.o [1]
  .near_func.text    ro code  0x00a5f4     0x1  stm8l15x_it.o [1]
  .near_func.text    ro code  0x00a5f5     0x1  stm8l15x_it.o [1]
  .near_func.text    ro code  0x00a5f6     0x1  stm8l15x_it.o [1]
  .near_func.text    ro code  0x00a5f7     0x1  stm8l15x_it.o [1]
  .near_func.text    ro code  0x00a5f8     0x1  stm8l15x_it.o [1]
  .near_func.text    ro code  0x00a5f9     0x1  __dbg_break.o [3]
                            - 0x00a5fa  0x257a


*******************************************************************************
*** INIT TABLE
***

          Address   Size
          -------   ----
Zero (__iar_zero_init2)
    1 destination range, total size 0x11f:
          0x000026  0x11f

Copy (__iar_copy_init2)
    1 source range, total size 0x16:
          0x00a400   0x16
    1 destination range, total size 0x16:
          0x000010   0x16



*******************************************************************************
*** MODULE SUMMARY
***

    Module                 ro code  ro data  rw data
    ------                 -------  -------  -------
E:\0_Ebyte_Product\0_Ebyte\E15\E15-EVB02\Software\2021-05-06-Project\0_Project\IAR_for_Stm8\ExMx_Demo\E15-EVB02_E30-900M20S\Obj: [1]
    board.o                    536                23
    board_button.o             132
    board_mini_printf.o      1 142       28
    ebyte_callback.o            55
    ebyte_core.o                         18
    ebyte_debug.o              678       20
    ebyte_e30x.o             1 165      369       97
    ebyte_kfifo.o              788
    ebyte_port.o               111
    main.o                     770      265      175
    stm8l15x_clk.o             259        5
    stm8l15x_comp.o             14
    stm8l15x_exti.o             33
    stm8l15x_gpio.o            218
    stm8l15x_it.o              520                14
    stm8l15x_spi.o              78
    stm8l15x_syscfg.o           85
    stm8l15x_tim3.o             91
    stm8l15x_usart.o           434
    ------------------------------------------------
    Total:                   7 109      705      309

command line: [2]
    ------------------------------------------------
    Total:

dbgstm8smd.a: [3]
    __dbg_break.o                1
    __dbg_xxexit.o              20
    ------------------------------------------------
    Total:                      21

dlstm8smn.a: [4]
    cexit.o                      5
    cstartup.o                  19
    dc_util.o                   24
    exit.o                       3
    float.o                    813
    init.o                      20
    init_small.o                70
    interrupt.o                  3      128
    long.o                     294
    long_util.o                 84
    low_level_init.o             3
    move.o                      13
    short.o                     54
    unhandled_exception.o        3
    vreg_util.o                333
    vregs.o                                       16
    ------------------------------------------------
    Total:                   1 741      128       16

    Linker created                       18      256
----------------------------------------------------
    Grand Total:             8 871      851      581


*******************************************************************************
*** ENTRY LIST
***

Entry                    Address   Size  Type      Object
-----                    -------   ----  ----      ------
.iar.init_table$$Base   0x00a260          --   Gb  - Linker created -
.iar.init_table$$Limit  0x00a272          --   Gb  - Linker created -
?add32_l0_l0_0x         0x008f36         Code  Gb  long.o [4]
?and32_l0_l0_0x         0x008fe1         Code  Gb  long.o [4]
?b0                     0x000000         Data  Gb  vregs.o [4]
?b1                     0x000001         Data  Gb  vregs.o [4]
?b10                    0x00000a         Data  Gb  vregs.o [4]
?b11                    0x00000b         Data  Gb  vregs.o [4]
?b12                    0x00000c         Data  Gb  vregs.o [4]
?b13                    0x00000d         Data  Gb  vregs.o [4]
?b14                    0x00000e         Data  Gb  vregs.o [4]
?b15                    0x00000f         Data  Gb  vregs.o [4]
?b2                     0x000002         Data  Gb  vregs.o [4]
?b3                     0x000003         Data  Gb  vregs.o [4]
?b4                     0x000004         Data  Gb  vregs.o [4]
?b5                     0x000005         Data  Gb  vregs.o [4]
?b6                     0x000006         Data  Gb  vregs.o [4]
?b7                     0x000007         Data  Gb  vregs.o [4]
?b8                     0x000008         Data  Gb  vregs.o [4]
?b9                     0x000009         Data  Gb  vregs.o [4]
?dc32_l1                0x00a3e8         Code  Gb  dc_util.o [4]
?dc32_px                0x00a3f5         Code  Gb  dc_util.o [4]
?dec32_0x_0x            0x008f22         Code  Gb  long.o [4]
?dec32_l0_l0            0x008f1d         Code  Gb  long.o [4]
?e0                     0x000001         Data  Gb  vregs.o [4]
?e1                     0x000005         Data  Gb  vregs.o [4]
?e2                     0x000009         Data  Gb  vregs.o [4]
?e3                     0x00000d         Data  Gb  vregs.o [4]
?epilogue_l2            0x008e69         Code  Gb  vreg_util.o [4]
?epilogue_l2_l3         0x008e66         Code  Gb  vreg_util.o [4]
?epilogue_l2_w6         0x008e6d         Code  Gb  vreg_util.o [4]
?epilogue_w4            0x008e74         Code  Gb  vreg_util.o [4]
?fadd32_l0_l0_l1        0x0080a3         Code  Gb  float.o [4]
?fcastf32s16_l0_x       0x008266         Code  Gb  float.o [4]
?fcastf32u16_l0_x       0x00826d         Code  Gb  float.o [4]
?fcasts16f32_x_l0       0x00828b         Code  Gb  float.o [4]
?fcmplt32_c_l0_0x       0x008210         Code  Gb  float.o [4]
?fcmplt32_c_l0_dc32     0x00820b         Code  Gb  float.o [4]
?fmul32_l0_l0_dc32      0x008171         Code  Gb  float.o [4]
?fmul32_l0_l0_l1        0x008176         Code  Gb  float.o [4]
?fsub32_l0_l0_l1        0x00809d         Code  Gb  float.o [4]
?inc32_0x_0x            0x008f0f         Code  Gb  long.o [4]
?inc32_l0_l0            0x008f0a         Code  Gb  long.o [4]
?l0                     0x000000         Data  Gb  vregs.o [4]
?l1                     0x000004         Data  Gb  vregs.o [4]
?l2                     0x000008         Data  Gb  vregs.o [4]
?l3                     0x00000c         Data  Gb  vregs.o [4]
?load32_0x_l0           0x009a8e         Code  Gb  long_util.o [4]
?load32_0x_l1           0x009a9c         Code  Gb  long_util.o [4]
?load32_l0_0x           0x009a66         Code  Gb  long_util.o [4]
?load32_l0_asp          0x009a5b         Code  Gb  long_util.o [4]
?load32_l0_dbsp         0x009a56         Code  Gb  long_util.o [4]
?load32_l0_xsp          0x009a5d         Code  Gb  long_util.o [4]
?load32_l1_0x           0x009a82         Code  Gb  long_util.o [4]
?load32_l1_asp          0x009a77         Code  Gb  long_util.o [4]
?load32_l1_dbsp         0x009a72         Code  Gb  long_util.o [4]
?load32_l1_xsp          0x009a79         Code  Gb  long_util.o [4]
?mov_e0_e1              0x008e9e         Code  Gb  vreg_util.o [4]
?mov_e0_e2              0x008eab         Code  Gb  vreg_util.o [4]
?mov_e0_e3              0x008eb8         Code  Gb  vreg_util.o [4]
?mov_e1_e0              0x008ec5         Code  Gb  vreg_util.o [4]
?mov_e1_e2              0x008ed2         Code  Gb  vreg_util.o [4]
?mov_e1_e3              0x008edf         Code  Gb  vreg_util.o [4]
?mov_e2_e0              0x008eec         Code  Gb  vreg_util.o [4]
?mov_e3_e0              0x008ef9         Code  Gb  vreg_util.o [4]
?mov_l0_l1              0x008e9b         Code  Gb  vreg_util.o [4]
?mov_l0_l2              0x008ea8         Code  Gb  vreg_util.o [4]
?mov_l0_l3              0x008eb5         Code  Gb  vreg_util.o [4]
?mov_l1_l0              0x008ec2         Code  Gb  vreg_util.o [4]
?mov_l1_l2              0x008ecf         Code  Gb  vreg_util.o [4]
?mov_l1_l3              0x008edc         Code  Gb  vreg_util.o [4]
?mov_l2_l0              0x008ee9         Code  Gb  vreg_util.o [4]
?mov_l3_l0              0x008ef6         Code  Gb  vreg_util.o [4]
?mov_w0_w2              0x008e78         Code  Gb  vreg_util.o [4]
?mov_w1_w0              0x008e7f         Code  Gb  vreg_util.o [4]
?mov_w1_w3              0x008ea1         Code  Gb  vreg_util.o [4]
?mov_w1_w5              0x008eae         Code  Gb  vreg_util.o [4]
?mov_w1_w7              0x008ebb         Code  Gb  vreg_util.o [4]
?mov_w2_w1              0x008e86         Code  Gb  vreg_util.o [4]
?mov_w2_w5              0x008e8d         Code  Gb  vreg_util.o [4]
?mov_w3_w1              0x008ec8         Code  Gb  vreg_util.o [4]
?mov_w3_w5              0x008ed5         Code  Gb  vreg_util.o [4]
?mov_w3_w7              0x008ee2         Code  Gb  vreg_util.o [4]
?mov_w5_w0              0x008e94         Code  Gb  vreg_util.o [4]
?mov_w5_w1              0x008eef         Code  Gb  vreg_util.o [4]
?mov_w7_w1              0x008efc         Code  Gb  vreg_util.o [4]
?mov_w7_w5              0x008f03         Code  Gb  vreg_util.o [4]
?move1616_v_x_y_a       0x00a54b         Code  Gb  move.o [4]
?or32_l0_l0_0x          0x008ffc         Code  Gb  long.o [4]
?or32_l0_l0_l1          0x008ff9         Code  Gb  long.o [4]
?pop_l0                 0x008e32         Code  Gb  vreg_util.o [4]
?pop_l1                 0x008e3d         Code  Gb  vreg_util.o [4]
?pop_l2                 0x008e48         Code  Gb  vreg_util.o [4]
?pop_l3                 0x008e53         Code  Gb  vreg_util.o [4]
?pop_w4                 0x008de4         Code  Gb  vreg_util.o [4]
?pop_w6                 0x008deb         Code  Gb  vreg_util.o [4]
?pop_w7                 0x008df2         Code  Gb  vreg_util.o [4]
?push_l0                0x008e01         Code  Gb  vreg_util.o [4]
?push_l1                0x008e06         Code  Gb  vreg_util.o [4]
?push_l2                0x008e0b         Code  Gb  vreg_util.o [4]
?push_l3                0x008e10         Code  Gb  vreg_util.o [4]
?push_w0                0x008dbd         Code  Gb  vreg_util.o [4]
?push_w4                0x008dc2         Code  Gb  vreg_util.o [4]
?push_w6                0x008dc7         Code  Gb  vreg_util.o [4]
?push_w7                0x008dcc         Code  Gb  vreg_util.o [4]
?sdiv16_x_x_y           0x009e7b         Code  Gb  short.o [4]
?sext32_l0_x            0x009025         Code  Gb  long.o [4]
?sll16_x_x_a            0x009ea4         Code  Gb  short.o [4]
?sll32_0x_0x_a          0x009017         Code  Gb  long.o [4]
?sll32_l0_l0_a          0x009014         Code  Gb  long.o [4]
?smod16_y_x_y           0x009e94         Code  Gb  short.o [4]
?srl16_x_x_4            0x009eac         Code  Gb  short.o [4]
?sub32_l0_l0_0x         0x008f51         Code  Gb  long.o [4]
?sub32_l0_l0_l1         0x008f4e         Code  Gb  long.o [4]
?ucmp32_c_l0_l1         0x008fd6         Code  Gb  long.o [4]
?udiv32_l0_l0_l1        0x008f69         Code  Gb  long.o [4]
?umod32_l1_l0_l1        0x008f69         Code  Gb  long.o [4]
?w0                     0x000000         Data  Gb  vregs.o [4]
?w1                     0x000002         Data  Gb  vregs.o [4]
?w2                     0x000004         Data  Gb  vregs.o [4]
?w3                     0x000006         Data  Gb  vregs.o [4]
?w4                     0x000008         Data  Gb  vregs.o [4]
?w5                     0x00000a         Data  Gb  vregs.o [4]
?w6                     0x00000c         Data  Gb  vregs.o [4]
?w7                     0x00000e         Data  Gb  vregs.o [4]
ADC1_COMP_IRQHandler    0x00a3d0   0x18  Code  Gb  stm8l15x_it.o [1]
BSP_BTN_FIFO            0x000106   0x13  Data  Gb  board.o [1]
BTN_Event               0x000142    0x1  Data  Lc  main.o [1]
BufferPing              0x00001c    0x5  Data  Gb  main.o [1]
BufferPong              0x000021    0x5  Data  Gb  main.o [1]
Button1_TickCounter     0x000139    0x2  Data  Lc  stm8l15x_it.o [1]
Button2_TickCounter     0x00013b    0x2  Data  Lc  stm8l15x_it.o [1]
CLK_GetClockFreq        0x0097fe   0x72  Code  Gb  stm8l15x_clk.o [1]
CLK_PeripheralClockConfig
                        0x0096fe   0x89  Code  Gb  stm8l15x_clk.o [1]
CLK_SYSCLKDivConfig     0x00a5c8    0x4  Code  Gb  stm8l15x_clk.o [1]
CLK_SYSCLKSourceConfig  0x00a5c4    0x4  Code  Gb  stm8l15x_clk.o [1]
COMP_ClearFlag          0x00a516    0xe  Code  Gb  stm8l15x_comp.o [1]
CSTACK$$Base            0x000700          --   Gb  - Linker created -
CSTACK$$Limit           0x000800          --   Gb  - Linker created -
Callback_isPingCheckReady
                        0x000140    0x1  Data  Gb  main.o [1]
DMA1_CHANNEL0_1_IRQHandler
                        0x00a5e4    0x1  Code  Gb  stm8l15x_it.o [1]
DMA1_CHANNEL2_3_IRQHandler
                        0x00a5e5    0x1  Code  Gb  stm8l15x_it.o [1]
E30x_ClearFIFO          0x009e44   0x37  Code  Lc  ebyte_e30x.o [1]
E30x_Config             0x009787   0x77  Code  Lc  ebyte_e30x.o [1]
E30x_Config_WDS         0x008843  0x165  Data  Gb  ebyte_e30x.o [1]
E30x_GetDriverVersion   0x00a5cc    0x3  Code  Gb  ebyte_e30x.o [1]
E30x_GetFIFO            0x009aaa   0x50  Code  Lc  ebyte_e30x.o [1]
E30x_GetIRQ             0x00a1b7   0x23  Code  Gb  ebyte_e30x.o [1]
E30x_GetName            0x00a5b8    0x4  Code  Gb  ebyte_e30x.o [1]
E30x_GetResponse        0x009c9b   0x42  Code  Lc  ebyte_e30x.o [1]
E30x_GetStatus          0x00a5bc    0x4  Code  Gb  ebyte_e30x.o [1]
E30x_GoReceive          0x009948   0x65  Code  Gb  ebyte_e30x.o [1]
E30x_GoSleep            0x00a524    0xd  Code  Gb  ebyte_e30x.o [1]
E30x_GoTransmit         0x0095e2   0x8e  Code  Gb  ebyte_e30x.o [1]
E30x_Init               0x00a005   0x2c  Code  Gb  ebyte_e30x.o [1]
E30x_IsExist            0x009fab   0x2d  Code  Lc  ebyte_e30x.o [1]
E30x_IsExist::buffer    0x000123    0xa  Data  Lc  ebyte_e30x.o [1]
E30x_IsReady            0x009c14   0x44  Code  Lc  ebyte_e30x.o [1]
E30x_NameString         0x000010    0xc  Data  Lc  ebyte_e30x.o [1]
E30x_Reset              0x00a43f   0x14  Code  Gb  ebyte_e30x.o [1]
E30x_RxBuffer           0x000072   0x40  Data  Lc  ebyte_e30x.o [1]
E30x_SendCommand        0x009d95   0x3b  Code  Lc  ebyte_e30x.o [1]
E30x_SetFIFO            0x009d1e   0x3c  Code  Lc  ebyte_e30x.o [1]
E30x_SetGPIO            0x009f4c   0x31  Code  Gb  ebyte_e30x.o [1]
E30x_SetProperty        0x009f7d   0x2e  Code  Lc  ebyte_e30x.o [1]
E30x_SetWorkMode        0x0098de   0x6a  Code  Lc  ebyte_e30x.o [1]
E30x_Status             0x00013d    0x1  Data  Lc  ebyte_e30x.o [1]
E30x_TaskForIRQ         0x00a5e1    0x1  Code  Gb  ebyte_e30x.o [1]
E30x_TaskForPoll        0x009fd8   0x2d  Code  Gb  ebyte_e30x.o [1]
EXTI0_IRQHandler        0x00a5ea    0x1  Code  Gb  stm8l15x_it.o [1]
EXTI1_IRQHandler        0x00a5eb    0x1  Code  Gb  stm8l15x_it.o [1]
EXTI2_IRQHandler        0x00a2cc   0x1d  Code  Gb  stm8l15x_it.o [1]
EXTI3_IRQHandler        0x00a36d   0x19  Code  Gb  stm8l15x_it.o [1]
EXTI4_IRQHandler        0x00a386   0x19  Code  Gb  stm8l15x_it.o [1]
EXTI5_IRQHandler        0x00a39f   0x19  Code  Gb  stm8l15x_it.o [1]
EXTI6_IRQHandler        0x00a5ec    0x1  Code  Gb  stm8l15x_it.o [1]
EXTI7_IRQHandler        0x00a5ed    0x1  Code  Gb  stm8l15x_it.o [1]
EXTIB_G_IRQHandler      0x00a5e8    0x1  Code  Gb  stm8l15x_it.o [1]
EXTID_H_IRQHandler      0x00a5e9    0x1  Code  Gb  stm8l15x_it.o [1]
EXTIE_F_PVD_IRQHandler  0x00a5e7    0x1  Code  Gb  stm8l15x_it.o [1]
EXTI_ClearITPendingBit  0x00a21e   0x21  Code  Gb  stm8l15x_exti.o [1]
Ebyte_BSP_DelayMs       0x00a128   0x24  Code  Gb  board.o [1]
Ebyte_BSP_E30xGPIO_Init
                        0x00a3b8   0x18  Code  Gb  board.o [1]
Ebyte_BSP_GPIO_Init     0x009ee6   0x33  Code  Gb  board.o [1]
Ebyte_BSP_HSI_Init      0x00a579    0x9  Code  Gb  board.o [1]
Ebyte_BSP_Init          0x00a416   0x15  Code  Gb  board.o [1]
Ebyte_BSP_LedControl    0x009e0a   0x3a  Code  Gb  board.o [1]
Ebyte_BSP_ReadButton    0x00a194   0x23  Code  Gb  board.o [1]
Ebyte_BSP_SPI_Init      0x009bd0   0x44  Code  Gb  board.o [1]
Ebyte_BSP_SpiTransAndRecv
                        0x00a4e7   0x11  Code  Gb  board.o [1]
Ebyte_BSP_TIMER_Init    0x00a102   0x26  Code  Gb  board.o [1]
Ebyte_BSP_TimerDecrement
                        0x00a14c   0x24  Code  Gb  board.o [1]
Ebyte_BSP_UART_Init     0x009a02   0x54  Code  Gb  board.o [1]
Ebyte_BSP_UartTransmit  0x009d5a   0x3b  Code  Gb  board.o [1]
Ebyte_BTN_FIFO_Init     0x00a508    0xe  Code  Gb  board_button.o [1]
Ebyte_BTN_FIFO_Pop      0x009f19   0x33  Code  Gb  board_button.o [1]
Ebyte_BTN_FIFO_Push     0x009c58   0x43  Code  Gb  board_button.o [1]
Ebyte_DEBUG_CommandEcho
                        0x0083ad  0x2a6  Code  Gb  ebyte_debug.o [1]
Ebyte_FIFO_GetDataLength
                        0x00a2e9   0x1c  Code  Gb  ebyte_kfifo.o [1]
Ebyte_FIFO_Init         0x009b42   0x47  Code  Gb  ebyte_kfifo.o [1]
Ebyte_FIFO_Read         0x008c6f  0x14e  Code  Gb  ebyte_kfifo.o [1]
Ebyte_FIFO_Write        0x008b0c  0x163  Code  Gb  ebyte_kfifo.o [1]
Ebyte_Port_DelayMs      0x00a088   0x2b  Code  Gb  ebyte_port.o [1]
Ebyte_Port_ReceiveCallback
                        0x00a2af   0x1d  Code  Gb  ebyte_callback.o [1]
Ebyte_Port_SdnIoControl
                        0x00a339   0x1a  Code  Gb  ebyte_port.o [1]
Ebyte_Port_SpiCsIoControl
                        0x00a31f   0x1a  Code  Gb  ebyte_port.o [1]
Ebyte_Port_SpiTransmitAndReceivce
                        0x00a4f8   0x10  Code  Gb  ebyte_port.o [1]
Ebyte_Port_TransmitCallback
                        0x00a305   0x1a  Code  Gb  ebyte_callback.o [1]
Ebyte_RF                0x00a48e   0x12  Data  Gb  ebyte_core.o [1]
Ebyte_TimerDelayCounter
                        0x00012d    0x4  Data  Gb  board.o [1]
FIFO_TickCounter        0x000135    0x4  Data  Lc  stm8l15x_it.o [1]
FIFO_isTimeCheckReady   0x00013f    0x1  Data  Gb  main.o [1]
FLASH_IRQHandler        0x00a5e3    0x1  Code  Gb  stm8l15x_it.o [1]
GPIO_ExternalPullUpConfig
                        0x00a031   0x2c  Code  Gb  stm8l15x_gpio.o [1]
GPIO_Init               0x009670   0x8e  Code  Gb  stm8l15x_gpio.o [1]
GPIO_ReadInputDataBit   0x00a589    0x7  Code  Gb  stm8l15x_gpio.o [1]
GPIO_ToggleBits         0x00a582    0x7  Code  Gb  stm8l15x_gpio.o [1]
GPIO_WriteBit           0x00a4c4   0x12  Code  Gb  stm8l15x_gpio.o [1]
I2C1_SPI2_IRQHandler    0x00a5f8    0x1  Code  Gb  stm8l15x_it.o [1]
INTVEC$$Base            0x008000          --   Gb  - Linker created -
INTVEC$$Limit           0x008080          --   Gb  - Linker created -
IT_Timer_ButtonCheck    0x009870   0x6e  Code  Gb  stm8l15x_it.o [1]
IT_Timer_UartCheck      0x0094b3   0x9b  Code  Gb  stm8l15x_it.o [1]
LCD_AES_IRQHandler      0x00a5ee    0x1  Code  Gb  stm8l15x_it.o [1]
PC_isConnected          0x000141    0x1  Data  Gb  main.o [1]
PcEchoBuffer            0x0000f2   0x14  Data  Gb  main.o [1]
RTC_CSSLSE_IRQHandler   0x00a5e6    0x1  Code  Gb  stm8l15x_it.o [1]
Region$$Table$$Base     0x00a260          --   Gb  - Linker created -
Region$$Table$$Limit    0x00a272          --   Gb  - Linker created -
SPI1_IRQHandler         0x00a5f6    0x1  Code  Gb  stm8l15x_it.o [1]
SPI_Cmd                 0x00a531    0xd  Code  Gb  stm8l15x_spi.o [1]
SPI_Init                0x009cdd   0x41  Code  Gb  stm8l15x_spi.o [1]
SWITCH_CSS_BREAK_DAC_IRQHandler
                        0x00a5ef    0x1  Code  Gb  stm8l15x_it.o [1]
SYSCFG_REMAPPinConfig   0x0099ad   0x55  Code  Gb  stm8l15x_syscfg.o [1]
SYSDivFactor            0x00a5a4    0x5  Data  Gb  stm8l15x_clk.o [1]
SimulatedCommandsButton1
                        0x00a590    0x5  Data  Gb  ebyte_debug.o [1]
SimulatedCommandsButton2
                        0x00a595    0x5  Data  Gb  ebyte_debug.o [1]
SimulatedCommandsWireless1
                        0x00a59a    0x5  Data  Gb  ebyte_debug.o [1]
SimulatedCommandsWireless2
                        0x00a59f    0x5  Data  Gb  ebyte_debug.o [1]
TIM1_CC_IRQHandler      0x00a5f4    0x1  Code  Gb  stm8l15x_it.o [1]
TIM1_UPD_OVF_TRG_COM_IRQHandler
                        0x00a5f3    0x1  Code  Gb  stm8l15x_it.o [1]
TIM2_CC_USART2_RX_IRQHandler
                        0x00a5f1    0x1  Code  Gb  stm8l15x_it.o [1]
TIM2_UPD_OVF_TRG_BRK_USART2_TX_IRQHandler
                        0x00a5f0    0x1  Code  Gb  stm8l15x_it.o [1]
TIM3_CC_USART3_RX_IRQHandler
                        0x00a5f2    0x1  Code  Gb  stm8l15x_it.o [1]
TIM3_ClearFlag          0x00a56e    0xb  Code  Gb  stm8l15x_tim3.o [1]
TIM3_ClearITPendingBit  0x00a5a9    0x5  Code  Gb  stm8l15x_tim3.o [1]
TIM3_Cmd                0x00a53e    0xd  Code  Gb  stm8l15x_tim3.o [1]
TIM3_ITConfig           0x00a353   0x1a  Code  Gb  stm8l15x_tim3.o [1]
TIM3_TimeBaseInit       0x00a170   0x24  Code  Gb  stm8l15x_tim3.o [1]
TIM3_UPD_OVF_TRG_BRK_USART3_TX_IRQHandler
                        0x00a23f   0x21  Code  Gb  stm8l15x_it.o [1]
TIM4_UPD_OVF_TRG_IRQHandler
                        0x00a5f5    0x1  Code  Gb  stm8l15x_it.o [1]
TRAP_IRQHandler         0x00a5e2    0x1  Code  Gb  stm8l15x_it.o [1]
Task_Button             0x009238   0xec  Code  Gb  main.o [1]
Task_Transmit           0x0093ee   0xc5  Code  Gb  main.o [1]
TxBuffer                0x0000b2   0x40  Data  Gb  main.o [1]
USART1_RX_TIM5_CC_IRQHandler
                        0x009b89   0x47  Code  Gb  stm8l15x_it.o [1]
USART1_TX_TIM5_UPD_OVF_TRG_BRK_IRQHandler
                        0x00a5f7    0x1  Code  Gb  stm8l15x_it.o [1]
USART_ClearITPendingBit
                        0x00a5ae    0x5  Code  Gb  stm8l15x_usart.o [1]
USART_Cmd               0x00a0db   0x27  Code  Gb  stm8l15x_usart.o [1]
USART_GetFlagStatus     0x00a1fc   0x22  Code  Gb  stm8l15x_usart.o [1]
USART_ITConfig          0x00954e   0x94  Code  Gb  stm8l15x_usart.o [1]
USART_Init              0x009324   0xca  Code  Gb  stm8l15x_usart.o [1]
USART_ReceiveData8      0x00a5cf    0x3  Code  Gb  stm8l15x_usart.o [1]
USART_SendData8         0x00a5d2    0x3  Code  Gb  stm8l15x_usart.o [1]
Uart_TickCounter        0x000131    0x4  Data  Lc  stm8l15x_it.o [1]
Uart_isContinuousRecv   0x000144    0x1  Data  Lc  stm8l15x_it.o [1]
Uart_isInRecvState      0x000143    0x1  Data  Lc  stm8l15x_it.o [1]
Uart_isRecvReady        0x00013e    0x1  Data  Gb  main.o [1]
UserReceiveDoneCallback
                        0x009030  0x105  Code  Gb  main.o [1]
UserTransmitDoneCallback
                        0x00a5c0    0x4  Code  Gb  main.o [1]
__DebugBreak            0x00a5f9    0x1  Code  Gb  __dbg_break.o [3]
__exit                  0x00a467   0x14  Code  Gb  __dbg_xxexit.o [3]
__iar_copy_init2        0x00a0b3         Code  Gb  init_small.o [4]
__iar_data_init2        0x00a453   0x14  Code  Gb  init.o [4]
__iar_program_start     0x00a47b         Code  Gb  cstartup.o [4]
__iar_unhandled_exception
                        0x00a5de         Code  Gb  unhandled_exception.o [4]
__iar_zero_init2        0x00a291         Code  Gb  init_small.o [4]
__intvec                0x008000         Data  Gb  interrupt.o [4]
__low_level_init        0x00a5d8    0x3  Code  Gb  low_level_init.o [4]
_exit                   0x00a5b3         Code  Gb  cexit.o [4]
_interrupt_1            0x00a5e2         Code  Gb  stm8l15x_it.o [1]
_interrupt_10           0x00a5ea         Code  Gb  stm8l15x_it.o [1]
_interrupt_11           0x00a5eb         Code  Gb  stm8l15x_it.o [1]
_interrupt_12           0x00a2cc         Code  Gb  stm8l15x_it.o [1]
_interrupt_13           0x00a36d         Code  Gb  stm8l15x_it.o [1]
_interrupt_14           0x00a386         Code  Gb  stm8l15x_it.o [1]
_interrupt_15           0x00a39f         Code  Gb  stm8l15x_it.o [1]
_interrupt_16           0x00a5ec         Code  Gb  stm8l15x_it.o [1]
_interrupt_17           0x00a5ed         Code  Gb  stm8l15x_it.o [1]
_interrupt_18           0x00a5ee         Code  Gb  stm8l15x_it.o [1]
_interrupt_19           0x00a5ef         Code  Gb  stm8l15x_it.o [1]
_interrupt_20           0x00a3d0         Code  Gb  stm8l15x_it.o [1]
_interrupt_21           0x00a5f0         Code  Gb  stm8l15x_it.o [1]
_interrupt_22           0x00a5f1         Code  Gb  stm8l15x_it.o [1]
_interrupt_23           0x00a23f         Code  Gb  stm8l15x_it.o [1]
_interrupt_24           0x00a5f2         Code  Gb  stm8l15x_it.o [1]
_interrupt_25           0x00a5f3         Code  Gb  stm8l15x_it.o [1]
_interrupt_26           0x00a5f4         Code  Gb  stm8l15x_it.o [1]
_interrupt_27           0x00a5f5         Code  Gb  stm8l15x_it.o [1]
_interrupt_28           0x00a5f6         Code  Gb  stm8l15x_it.o [1]
_interrupt_29           0x00a5f7         Code  Gb  stm8l15x_it.o [1]
_interrupt_3            0x00a5e3         Code  Gb  stm8l15x_it.o [1]
_interrupt_30           0x009b89         Code  Gb  stm8l15x_it.o [1]
_interrupt_31           0x00a5f8         Code  Gb  stm8l15x_it.o [1]
_interrupt_4            0x00a5e4         Code  Gb  stm8l15x_it.o [1]
_interrupt_5            0x00a5e5         Code  Gb  stm8l15x_it.o [1]
_interrupt_6            0x00a5e6         Code  Gb  stm8l15x_it.o [1]
_interrupt_7            0x00a5e7         Code  Gb  stm8l15x_it.o [1]
_interrupt_8            0x00a5e8         Code  Gb  stm8l15x_it.o [1]
_interrupt_9            0x00a5e9         Code  Gb  stm8l15x_it.o [1]
exit                    0x00a5db    0x3  Code  Gb  exit.o [4]
hfifo                   0x000026   0x4c  Data  Gb  main.o [1]
main                    0x009afa   0x48  Code  Gb  main.o [1]
mprintf                 0x0089a8  0x164  Code  Gb  board_mini_printf.o [1]
send_uart_data          0x00a272   0x1f  Code  Lc  board_mini_printf.o [1]
sky_ftoa                0x008653  0x1f0  Code  Lc  board_mini_printf.o [1]
sky_itoa                0x009135  0x103  Code  Lc  board_mini_printf.o [1]
ttio                    0x000119    0xa  Data  Lc  ebyte_e30x.o [1]


[1] = E:\0_Ebyte_Product\0_Ebyte\E15\E15-EVB02\Software\2021-05-06-Project\0_Project\IAR_for_Stm8\ExMx_Demo\E15-EVB02_E30-900M20S\Obj
[2] = command line
[3] = dbgstm8smd.a
[4] = dlstm8smn.a

  8 871 bytes of readonly  code memory
    851 bytes of readonly  data memory
    581 bytes of readwrite data memory

Errors: none
Warnings: none
