###############################################################################
#
# IAR ELF Linker V3.10.1.201 for STM8                     07/Jul/2021  14:14:30
# Copyright 2010-2017 IAR Systems AB.
#
#    Output file  =  
#        E:\0_Ebyte_Product\0_Ebyte\E15\E15-EVB02\Software\2021-05-06-Project\0_Project\IAR_for_Stm8\ExMx_Demo\E15-EVB02_E49-400M20S\Exe\project.out
#    Map file     =  
#        E:\0_Ebyte_Product\0_Ebyte\E15\E15-EVB02\Software\2021-05-06-Project\0_Project\IAR_for_Stm8\ExMx_Demo\E15-EVB02_E49-400M20S\List\project.map
#    Command line =  
#        -f C:\Users\529880~1\AppData\Local\Temp\EW877.tmp
#        (E:\0_Ebyte_Product\0_Ebyte\E15\E15-EVB02\Software\2021-05-06-Project\0_Project\IAR_for_Stm8\ExMx_Demo\E15-EVB02_E49-400M20S\Obj\board.o
#        E:\0_Ebyte_Product\0_Ebyte\E15\E15-EVB02\Software\2021-05-06-Project\0_Project\IAR_for_Stm8\ExMx_Demo\E15-EVB02_E49-400M20S\Obj\board_button.o
#        E:\0_Ebyte_Product\0_Ebyte\E15\E15-EVB02\Software\2021-05-06-Project\0_Project\IAR_for_Stm8\ExMx_Demo\E15-EVB02_E49-400M20S\Obj\board_mini_printf.o
#        E:\0_Ebyte_Product\0_Ebyte\E15\E15-EVB02\Software\2021-05-06-Project\0_Project\IAR_for_Stm8\ExMx_Demo\E15-EVB02_E49-400M20S\Obj\ebyte_callback.o
#        E:\0_Ebyte_Product\0_Ebyte\E15\E15-EVB02\Software\2021-05-06-Project\0_Project\IAR_for_Stm8\ExMx_Demo\E15-EVB02_E49-400M20S\Obj\ebyte_core.o
#        E:\0_Ebyte_Product\0_Ebyte\E15\E15-EVB02\Software\2021-05-06-Project\0_Project\IAR_for_Stm8\ExMx_Demo\E15-EVB02_E49-400M20S\Obj\ebyte_debug.o
#        E:\0_Ebyte_Product\0_Ebyte\E15\E15-EVB02\Software\2021-05-06-Project\0_Project\IAR_for_Stm8\ExMx_Demo\E15-EVB02_E49-400M20S\Obj\ebyte_e49x.o
#        E:\0_Ebyte_Product\0_Ebyte\E15\E15-EVB02\Software\2021-05-06-Project\0_Project\IAR_for_Stm8\ExMx_Demo\E15-EVB02_E49-400M20S\Obj\ebyte_kfifo.o
#        E:\0_Ebyte_Product\0_Ebyte\E15\E15-EVB02\Software\2021-05-06-Project\0_Project\IAR_for_Stm8\ExMx_Demo\E15-EVB02_E49-400M20S\Obj\ebyte_port.o
#        E:\0_Ebyte_Product\0_Ebyte\E15\E15-EVB02\Software\2021-05-06-Project\0_Project\IAR_for_Stm8\ExMx_Demo\E15-EVB02_E49-400M20S\Obj\main.o
#        E:\0_Ebyte_Product\0_Ebyte\E15\E15-EVB02\Software\2021-05-06-Project\0_Project\IAR_for_Stm8\ExMx_Demo\E15-EVB02_E49-400M20S\Obj\stm8l15x_adc.o
#        E:\0_Ebyte_Product\0_Ebyte\E15\E15-EVB02\Software\2021-05-06-Project\0_Project\IAR_for_Stm8\ExMx_Demo\E15-EVB02_E49-400M20S\Obj\stm8l15x_aes.o
#        E:\0_Ebyte_Product\0_Ebyte\E15\E15-EVB02\Software\2021-05-06-Project\0_Project\IAR_for_Stm8\ExMx_Demo\E15-EVB02_E49-400M20S\Obj\stm8l15x_beep.o
#        E:\0_Ebyte_Product\0_Ebyte\E15\E15-EVB02\Software\2021-05-06-Project\0_Project\IAR_for_Stm8\ExMx_Demo\E15-EVB02_E49-400M20S\Obj\stm8l15x_clk.o
#        E:\0_Ebyte_Product\0_Ebyte\E15\E15-EVB02\Software\2021-05-06-Project\0_Project\IAR_for_Stm8\ExMx_Demo\E15-EVB02_E49-400M20S\Obj\stm8l15x_comp.o
#        E:\0_Ebyte_Product\0_Ebyte\E15\E15-EVB02\Software\2021-05-06-Project\0_Project\IAR_for_Stm8\ExMx_Demo\E15-EVB02_E49-400M20S\Obj\stm8l15x_dac.o
#        E:\0_Ebyte_Product\0_Ebyte\E15\E15-EVB02\Software\2021-05-06-Project\0_Project\IAR_for_Stm8\ExMx_Demo\E15-EVB02_E49-400M20S\Obj\stm8l15x_dma.o
#        E:\0_Ebyte_Product\0_Ebyte\E15\E15-EVB02\Software\2021-05-06-Project\0_Project\IAR_for_Stm8\ExMx_Demo\E15-EVB02_E49-400M20S\Obj\stm8l15x_exti.o
#        E:\0_Ebyte_Product\0_Ebyte\E15\E15-EVB02\Software\2021-05-06-Project\0_Project\IAR_for_Stm8\ExMx_Demo\E15-EVB02_E49-400M20S\Obj\stm8l15x_flash.o
#        E:\0_Ebyte_Product\0_Ebyte\E15\E15-EVB02\Software\2021-05-06-Project\0_Project\IAR_for_Stm8\ExMx_Demo\E15-EVB02_E49-400M20S\Obj\stm8l15x_gpio.o
#        E:\0_Ebyte_Product\0_Ebyte\E15\E15-EVB02\Software\2021-05-06-Project\0_Project\IAR_for_Stm8\ExMx_Demo\E15-EVB02_E49-400M20S\Obj\stm8l15x_i2c.o
#        E:\0_Ebyte_Product\0_Ebyte\E15\E15-EVB02\Software\2021-05-06-Project\0_Project\IAR_for_Stm8\ExMx_Demo\E15-EVB02_E49-400M20S\Obj\stm8l15x_irtim.o
#        E:\0_Ebyte_Product\0_Ebyte\E15\E15-EVB02\Software\2021-05-06-Project\0_Project\IAR_for_Stm8\ExMx_Demo\E15-EVB02_E49-400M20S\Obj\stm8l15x_it.o
#        E:\0_Ebyte_Product\0_Ebyte\E15\E15-EVB02\Software\2021-05-06-Project\0_Project\IAR_for_Stm8\ExMx_Demo\E15-EVB02_E49-400M20S\Obj\stm8l15x_iwdg.o
#        E:\0_Ebyte_Product\0_Ebyte\E15\E15-EVB02\Software\2021-05-06-Project\0_Project\IAR_for_Stm8\ExMx_Demo\E15-EVB02_E49-400M20S\Obj\stm8l15x_lcd.o
#        E:\0_Ebyte_Product\0_Ebyte\E15\E15-EVB02\Software\2021-05-06-Project\0_Project\IAR_for_Stm8\ExMx_Demo\E15-EVB02_E49-400M20S\Obj\stm8l15x_pwr.o
#        E:\0_Ebyte_Product\0_Ebyte\E15\E15-EVB02\Software\2021-05-06-Project\0_Project\IAR_for_Stm8\ExMx_Demo\E15-EVB02_E49-400M20S\Obj\stm8l15x_rst.o
#        E:\0_Ebyte_Product\0_Ebyte\E15\E15-EVB02\Software\2021-05-06-Project\0_Project\IAR_for_Stm8\ExMx_Demo\E15-EVB02_E49-400M20S\Obj\stm8l15x_rtc.o
#        E:\0_Ebyte_Product\0_Ebyte\E15\E15-EVB02\Software\2021-05-06-Project\0_Project\IAR_for_Stm8\ExMx_Demo\E15-EVB02_E49-400M20S\Obj\stm8l15x_spi.o
#        E:\0_Ebyte_Product\0_Ebyte\E15\E15-EVB02\Software\2021-05-06-Project\0_Project\IAR_for_Stm8\ExMx_Demo\E15-EVB02_E49-400M20S\Obj\stm8l15x_syscfg.o
#        E:\0_Ebyte_Product\0_Ebyte\E15\E15-EVB02\Software\2021-05-06-Project\0_Project\IAR_for_Stm8\ExMx_Demo\E15-EVB02_E49-400M20S\Obj\stm8l15x_tim1.o
#        E:\0_Ebyte_Product\0_Ebyte\E15\E15-EVB02\Software\2021-05-06-Project\0_Project\IAR_for_Stm8\ExMx_Demo\E15-EVB02_E49-400M20S\Obj\stm8l15x_tim2.o
#        E:\0_Ebyte_Product\0_Ebyte\E15\E15-EVB02\Software\2021-05-06-Project\0_Project\IAR_for_Stm8\ExMx_Demo\E15-EVB02_E49-400M20S\Obj\stm8l15x_tim3.o
#        E:\0_Ebyte_Product\0_Ebyte\E15\E15-EVB02\Software\2021-05-06-Project\0_Project\IAR_for_Stm8\ExMx_Demo\E15-EVB02_E49-400M20S\Obj\stm8l15x_tim4.o
#        E:\0_Ebyte_Product\0_Ebyte\E15\E15-EVB02\Software\2021-05-06-Project\0_Project\IAR_for_Stm8\ExMx_Demo\E15-EVB02_E49-400M20S\Obj\stm8l15x_tim5.o
#        E:\0_Ebyte_Product\0_Ebyte\E15\E15-EVB02\Software\2021-05-06-Project\0_Project\IAR_for_Stm8\ExMx_Demo\E15-EVB02_E49-400M20S\Obj\stm8l15x_usart.o
#        E:\0_Ebyte_Product\0_Ebyte\E15\E15-EVB02\Software\2021-05-06-Project\0_Project\IAR_for_Stm8\ExMx_Demo\E15-EVB02_E49-400M20S\Obj\stm8l15x_wfe.o
#        E:\0_Ebyte_Product\0_Ebyte\E15\E15-EVB02\Software\2021-05-06-Project\0_Project\IAR_for_Stm8\ExMx_Demo\E15-EVB02_E49-400M20S\Obj\stm8l15x_wwdg.o
#        --redirect _Printf=_PrintfSmall --redirect _Scanf=_ScanfSmall -o
#        E:\0_Ebyte_Product\0_Ebyte\E15\E15-EVB02\Software\2021-05-06-Project\0_Project\IAR_for_Stm8\ExMx_Demo\E15-EVB02_E49-400M20S\Exe\project.out
#        --map
#        E:\0_Ebyte_Product\0_Ebyte\E15\E15-EVB02\Software\2021-05-06-Project\0_Project\IAR_for_Stm8\ExMx_Demo\E15-EVB02_E49-400M20S\List\project.map
#        --config
#        F:\01_JH_Software\IAR\Install_ForStm8\stm8\config\lnkstm8l151g4.icf
#        --config_def _CSTACK_SIZE=0x100 --config_def _HEAP_SIZE=0x100 --entry
#        __iar_program_start --debug_lib)
#
###############################################################################

*******************************************************************************
*** RUNTIME MODEL ATTRIBUTES
***

__SystemLibrary            = DLib
__code_model               = small
__core                     = stm8
__data_model               = medium
__dlib_file_descriptor     = 0
__dlib_full_locale_support = 0
__rt_version               = 4


*******************************************************************************
*** PLACEMENT SUMMARY
***

"A0":  place at start of [0x000000-0x0000ff] { rw section .vregs };
"A1":  place at end of [0x000000-0x0007ff] { block CSTACK };
"P2":  place in [from 0x000000 to 0x0007ff] {
          block HEAP, rw section __DLIB_PERTHREAD, rw section .far.bss,
          rw section .far.data, rw section .far.noinit,
          rw section .far_func.textrw, rw section .huge.bss,
          rw section .huge.data, rw section .huge.noinit,
          rw section .huge_func.textrw, rw section .iar.dynexit,
          rw section .near.bss, rw section .near.data, rw section .near.noinit,
          rw section .near_func.textrw };
"A2":  place at start of [0x008000-0x00bfff] { block INTVEC };
"P3":  place in [from 0x008000 to 0x00bfff] {
          ro section __DLIB_PERTHREAD_init, ro section .far.data_init,
          ro section .far_func.textrw_init, ro section .huge.data_init,
          ro section .huge_func.textrw_init, ro section .iar.init_table,
          ro section .init_array, ro section .near.data_init,
          ro section .near.rodata, ro section .near_func.text,
          ro section .near_func.textrw_init, ro section .tiny.data_init,
          ro section .tiny.rodata_init };
"P4":  place in [from 0x008000 to 0x00bfff] {
          ro section .far.rodata, ro section .far_func.text };
"P5":  place in [from 0x008000 to 0x00bfff] {
          ro section .huge.rodata, ro section .huge_func.text };
do not initialize {
   rw section .eeprom.noinit, rw section .far.noinit, rw section .huge.noinit,
   rw section .near.noinit, rw section .tiny.noinit, rw section .vregs };
initialize by copy {
   rw section .far.bss, rw section .far.data, rw section .far_func.textrw,
   rw section .huge.bss, rw section .huge.data, rw section .huge_func.textrw,
   rw section .iar.dynexit, rw section .near.bss, rw section .near.data,
   rw section .near_func.textrw, rw section .tiny.bss, rw section .tiny.data,
   ro section .tiny.rodata };

  Section            Kind      Address    Size  Object
  -------            ----      -------    ----  ------
"A0":                                     0x10
  .vregs             uninit   0x000000    0x10  vregs.o [4]
                            - 0x000010    0x10

"P2", part 1 of 2:                        0x76
  P2-1                        0x000010    0x76  <Init block>
    .near.data       inited   0x000010     0xc  ebyte_e49x.o [1]
    .near.data       inited   0x00001c     0xc  ebyte_e49x.o [1]
    .near.data       inited   0x000028     0xc  ebyte_e49x.o [1]
    .near.data       inited   0x000034     0x8  ebyte_e49x.o [1]
    .near.data       inited   0x00003c    0x18  ebyte_e49x.o [1]
    .near.data       inited   0x000054    0x1d  ebyte_e49x.o [1]
    .near.data       inited   0x000071     0xb  ebyte_e49x.o [1]
    .near.data       inited   0x00007c     0x5  main.o [1]
    .near.data       inited   0x000081     0x5  main.o [1]
                            - 0x000086    0x76

"P2", part 2 of 2:                       0x10c
  .near.bss          zero     0x000086    0x4c  main.o [1]
  .near.bss          zero     0x0000d2    0x40  ebyte_e49x.o [1]
  .near.bss          zero     0x000112    0x40  main.o [1]
  .near.bss          zero     0x000152    0x14  main.o [1]
  .near.bss          zero     0x000166    0x13  board.o [1]
  .near.bss          zero     0x000179     0x4  board.o [1]
  .near.bss          zero     0x00017d     0x4  stm8l15x_it.o [1]
  .near.bss          zero     0x000181     0x4  stm8l15x_it.o [1]
  .near.bss          zero     0x000185     0x2  stm8l15x_it.o [1]
  .near.bss          zero     0x000187     0x2  stm8l15x_it.o [1]
  .near.bss          zero     0x000189     0x1  ebyte_e49x.o [1]
  .near.bss          zero     0x00018a     0x1  ebyte_e49x.o [1]
  .near.bss          zero     0x00018b     0x1  main.o [1]
  .near.bss          zero     0x00018c     0x1  main.o [1]
  .near.bss          zero     0x00018d     0x1  main.o [1]
  .near.bss          zero     0x00018e     0x1  main.o [1]
  .near.bss          zero     0x00018f     0x1  main.o [1]
  .near.bss          zero     0x000190     0x1  stm8l15x_it.o [1]
  .near.bss          zero     0x000191     0x1  stm8l15x_it.o [1]
                            - 0x000192   0x10c

"A1":                                    0x100
  CSTACK                      0x000700   0x100  <Block>
    CSTACK           uninit   0x000700   0x100  <Block tail>
                            - 0x000800   0x100

"A2":                                     0x80
  INTVEC                      0x008000    0x80  <Block>
    .intvec          const    0x008000    0x80  interrupt.o [4]
                            - 0x008080    0x80

"P3-P5":                                0x298f
  .near_func.text    ro code  0x008080   0x747  ebyte_e49x.o [1]
  .near_func.text    ro code  0x0087c7   0x32d  float.o [4]
  .near_func.text    ro code  0x008af4   0x2a6  ebyte_debug.o [1]
  .near_func.text    ro code  0x008d9a   0x1f0  board_mini_printf.o [1]
  .near_func.text    ro code  0x008f8a   0x164  board_mini_printf.o [1]
  .near_func.text    ro code  0x0090ee   0x163  ebyte_kfifo.o [1]
  .near_func.text    ro code  0x009251   0x14e  ebyte_kfifo.o [1]
  .near_func.text    ro code  0x00939f   0x14d  vreg_util.o [4]
  .near_func.text    ro code  0x0094ec   0x126  long.o [4]
  .near_func.text    ro code  0x009612   0x10d  stm8l15x_exti.o [1]
  .near_func.text    ro code  0x00971f   0x105  main.o [1]
  .near_func.text    ro code  0x009824   0x103  board_mini_printf.o [1]
  .near_func.text    ro code  0x009927    0xec  main.o [1]
  .near_func.text    ro code  0x009a13    0xca  stm8l15x_usart.o [1]
  .near_func.text    ro code  0x009add    0xc5  main.o [1]
  .near_func.text    ro code  0x009ba2    0x9b  stm8l15x_it.o [1]
  .near_func.text    ro code  0x009c3d    0x94  stm8l15x_usart.o [1]
  .near_func.text    ro code  0x009cd1    0x8e  stm8l15x_gpio.o [1]
  .near_func.text    ro code  0x009d5f    0x89  stm8l15x_clk.o [1]
  .near_func.text    ro code  0x009de8    0x7c  ebyte_e49x.o [1]
  Initializer bytes  const    0x009e64    0x76  <for P2-1>
  .near_func.text    ro code  0x009eda    0x75  board.o [1]
  .near_func.text    ro code  0x009f4f    0x72  stm8l15x_clk.o [1]
  .near_func.text    ro code  0x009fc1    0x6e  stm8l15x_it.o [1]
  .near_func.text    ro code  0x00a02f    0x5a  ebyte_port.o [1]
  .near_func.text    ro code  0x00a089    0x55  stm8l15x_syscfg.o [1]
  .near_func.text    ro code  0x00a0de    0x54  board.o [1]
  .near_func.text    ro code  0x00a132    0x54  long_util.o [4]
  .near_func.text    ro code  0x00a186    0x4c  ebyte_e49x.o [1]
  .near_func.text    ro code  0x00a1d2    0x48  main.o [1]
  .near_func.text    ro code  0x00a21a    0x47  ebyte_e49x.o [1]
  .near_func.text    ro code  0x00a261    0x47  ebyte_kfifo.o [1]
  .near_func.text    ro code  0x00a2a8    0x47  stm8l15x_it.o [1]
  .near_func.text    ro code  0x00a2ef    0x43  board_button.o [1]
  .near_func.text    ro code  0x00a332    0x3f  ebyte_e49x.o [1]
  .near_func.text    ro code  0x00a371    0x3b  board.o [1]
  .near.rodata       const    0x00a3ac    0x3a  main.o [1]
  .near_func.text    ro code  0x00a3e6    0x3a  board.o [1]
  .near_func.text    ro code  0x00a420    0x36  short.o [4]
  .near.rodata       const    0x00a456    0x35  main.o [1]
  .near_func.text    ro code  0x00a48b    0x33  board.o [1]
  .near_func.text    ro code  0x00a4be    0x33  board_button.o [1]
  .near_func.text    ro code  0x00a4f1    0x2c  stm8l15x_gpio.o [1]
  .near.rodata       const    0x00a51d    0x2b  main.o [1]
  .near_func.text    ro code  0x00a548    0x28  init_small.o [4]
  .near_func.text    ro code  0x00a570    0x27  stm8l15x_usart.o [1]
  .near_func.text    ro code  0x00a597    0x26  board.o [1]
  .near_func.text    ro code  0x00a5bd    0x24  board.o [1]
  .near_func.text    ro code  0x00a5e1    0x24  board.o [1]
  .near_func.text    ro code  0x00a605    0x24  stm8l15x_tim3.o [1]
  .near_func.text    ro code  0x00a629    0x23  board.o [1]
  .near.rodata       const    0x00a64c    0x22  main.o [1]
  .near_func.text    ro code  0x00a66e    0x22  stm8l15x_usart.o [1]
  .near_func.text    ro code  0x00a690    0x21  stm8l15x_exti.o [1]
  .near_func.text    ro code  0x00a6b1    0x21  stm8l15x_it.o [1]
  .iar.init_table    const    0x00a6d2    0x12  - Linker created -
  .near_func.text    ro code  0x00a6e4    0x1f  board_mini_printf.o [1]
  .near_func.text    ro code  0x00a703    0x1e  init_small.o [4]
  .near_func.text    ro code  0x00a721    0x1d  stm8l15x_it.o [1]
  .near_func.text    ro code  0x00a73e    0x1c  ebyte_kfifo.o [1]
  .near_func.text    ro code  0x00a75a    0x1a  ebyte_port.o [1]
  .near_func.text    ro code  0x00a774    0x1a  ebyte_port.o [1]
  .near_func.text    ro code  0x00a78e    0x1a  ebyte_port.o [1]
  .near_func.text    ro code  0x00a7a8    0x1a  stm8l15x_tim3.o [1]
  .near_func.text    ro code  0x00a7c2    0x19  stm8l15x_it.o [1]
  .near_func.text    ro code  0x00a7db    0x19  stm8l15x_it.o [1]
  .near_func.text    ro code  0x00a7f4    0x19  stm8l15x_it.o [1]
  .near_func.text    ro code  0x00a80d    0x18  stm8l15x_it.o [1]
  .near_func.text    ro code  0x00a825    0x18  dc_util.o [4]
  .near_func.text    ro code  0x00a83d    0x15  board.o [1]
  .near.rodata       const    0x00a852    0x14  main.o [1]
  .near_func.text    ro code  0x00a866    0x14  init.o [4]
  .near_func.text    ro code  0x00a87a    0x14  __dbg_xxexit.o [3]
  .near_func.text    ro code  0x00a88e    0x13  cstartup.o [4]
  .near.rodata       const    0x00a8a1    0x12  ebyte_core.o [1]
  .near.rodata       const    0x00a8b3    0x12  main.o [1]
  .near.rodata       const    0x00a8c5    0x12  main.o [1]
  .near_func.text    ro code  0x00a8d7    0x12  stm8l15x_gpio.o [1]
  .near.rodata       const    0x00a8e9    0x11  board_mini_printf.o [1]
  .near_func.text    ro code  0x00a8fa    0x10  ebyte_callback.o [1]
  .near_func.text    ro code  0x00a90a     0xf  ebyte_callback.o [1]
  .near_func.text    ro code  0x00a919     0xf  ebyte_port.o [1]
  .near_func.text    ro code  0x00a928     0xe  board_button.o [1]
  .near_func.text    ro code  0x00a936     0xe  stm8l15x_comp.o [1]
  .near_func.text    ro code  0x00a944     0xd  stm8l15x_tim3.o [1]
  .near_func.text    ro code  0x00a951     0xd  move.o [4]
  .near.rodata       const    0x00a95e     0xb  board_mini_printf.o [1]
  .near.rodata       const    0x00a969     0xb  main.o [1]
  .near_func.text    ro code  0x00a974     0xb  stm8l15x_tim3.o [1]
  .near_func.text    ro code  0x00a97f     0xa  ebyte_e49x.o [1]
  .near_func.text    ro code  0x00a989     0x9  board.o [1]
  .near_func.text    ro code  0x00a992     0x7  stm8l15x_gpio.o [1]
  .near_func.text    ro code  0x00a999     0x7  stm8l15x_gpio.o [1]
  .near.rodata       const    0x00a9a0     0x5  ebyte_debug.o [1]
  .near.rodata       const    0x00a9a5     0x5  ebyte_debug.o [1]
  .near.rodata       const    0x00a9aa     0x5  ebyte_debug.o [1]
  .near.rodata       const    0x00a9af     0x5  ebyte_debug.o [1]
  .near.rodata       const    0x00a9b4     0x5  stm8l15x_clk.o [1]
  .near_func.text    ro code  0x00a9b9     0x5  ebyte_e49x.o [1]
  .near_func.text    ro code  0x00a9be     0x5  stm8l15x_tim3.o [1]
  .near_func.text    ro code  0x00a9c3     0x5  stm8l15x_usart.o [1]
  .near_func.text    ro code  0x00a9c8     0x5  cexit.o [4]
  .near_func.text    ro code  0x00a9cd     0x4  ebyte_e49x.o [1]
  .near_func.text    ro code  0x00a9d1     0x4  ebyte_e49x.o [1]
  .near_func.text    ro code  0x00a9d5     0x4  main.o [1]
  .near_func.text    ro code  0x00a9d9     0x4  stm8l15x_clk.o [1]
  .near_func.text    ro code  0x00a9dd     0x4  stm8l15x_clk.o [1]
  .near_func.text    ro code  0x00a9e1     0x3  ebyte_e49x.o [1]
  .near_func.text    ro code  0x00a9e4     0x3  stm8l15x_usart.o [1]
  .near_func.text    ro code  0x00a9e7     0x3  stm8l15x_usart.o [1]
  .near_func.text    ro code  0x00a9ea     0x3  interrupt.o [4]
  .near_func.text    ro code  0x00a9ed     0x3  low_level_init.o [4]
  .near_func.text    ro code  0x00a9f0     0x3  exit.o [4]
  .near_func.text    ro code  0x00a9f3     0x3  unhandled_exception.o [4]
  .near_func.text    ro code  0x00a9f6     0x1  board.o [1]
  .near_func.text    ro code  0x00a9f7     0x1  stm8l15x_it.o [1]
  .near_func.text    ro code  0x00a9f8     0x1  stm8l15x_it.o [1]
  .near_func.text    ro code  0x00a9f9     0x1  stm8l15x_it.o [1]
  .near_func.text    ro code  0x00a9fa     0x1  stm8l15x_it.o [1]
  .near_func.text    ro code  0x00a9fb     0x1  stm8l15x_it.o [1]
  .near_func.text    ro code  0x00a9fc     0x1  stm8l15x_it.o [1]
  .near_func.text    ro code  0x00a9fd     0x1  stm8l15x_it.o [1]
  .near_func.text    ro code  0x00a9fe     0x1  stm8l15x_it.o [1]
  .near_func.text    ro code  0x00a9ff     0x1  stm8l15x_it.o [1]
  .near_func.text    ro code  0x00aa00     0x1  stm8l15x_it.o [1]
  .near_func.text    ro code  0x00aa01     0x1  stm8l15x_it.o [1]
  .near_func.text    ro code  0x00aa02     0x1  stm8l15x_it.o [1]
  .near_func.text    ro code  0x00aa03     0x1  stm8l15x_it.o [1]
  .near_func.text    ro code  0x00aa04     0x1  stm8l15x_it.o [1]
  .near_func.text    ro code  0x00aa05     0x1  stm8l15x_it.o [1]
  .near_func.text    ro code  0x00aa06     0x1  stm8l15x_it.o [1]
  .near_func.text    ro code  0x00aa07     0x1  stm8l15x_it.o [1]
  .near_func.text    ro code  0x00aa08     0x1  stm8l15x_it.o [1]
  .near_func.text    ro code  0x00aa09     0x1  stm8l15x_it.o [1]
  .near_func.text    ro code  0x00aa0a     0x1  stm8l15x_it.o [1]
  .near_func.text    ro code  0x00aa0b     0x1  stm8l15x_it.o [1]
  .near_func.text    ro code  0x00aa0c     0x1  stm8l15x_it.o [1]
  .near_func.text    ro code  0x00aa0d     0x1  stm8l15x_it.o [1]
  .near_func.text    ro code  0x00aa0e     0x1  __dbg_break.o [3]
                            - 0x00aa0f  0x298f


*******************************************************************************
*** INIT TABLE
***

          Address   Size
          -------   ----
Zero (__iar_zero_init2)
    1 destination range, total size 0x10c:
          0x000086  0x10c

Copy (__iar_copy_init2)
    1 source range, total size 0x76:
          0x009e64   0x76
    1 destination range, total size 0x76:
          0x000010   0x76



*******************************************************************************
*** MODULE SUMMARY
***

    Module                 ro code  ro data  rw data
    ------                 -------  -------  -------
E:\0_Ebyte_Product\0_Ebyte\E15\E15-EVB02\Software\2021-05-06-Project\0_Project\IAR_for_Stm8\ExMx_Demo\E15-EVB02_E49-400M20S\Obj: [1]
    board.o                    545                23
    board_button.o             132
    board_mini_printf.o      1 142       28
    ebyte_callback.o            31
    ebyte_core.o                         18
    ebyte_debug.o              678       20
    ebyte_e49x.o             2 223      108      174
    ebyte_kfifo.o              788
    ebyte_port.o               183
    main.o                     770      265      175
    stm8l15x_clk.o             259        5
    stm8l15x_comp.o             14
    stm8l15x_exti.o            302
    stm8l15x_gpio.o            218
    stm8l15x_it.o              520                14
    stm8l15x_syscfg.o           85
    stm8l15x_tim3.o             91
    stm8l15x_usart.o           434
    ------------------------------------------------
    Total:                   8 415      444      386

command line: [2]
    ------------------------------------------------
    Total:

dbgstm8smd.a: [3]
    __dbg_break.o                1
    __dbg_xxexit.o              20
    ------------------------------------------------
    Total:                      21

dlstm8smn.a: [4]
    cexit.o                      5
    cstartup.o                  19
    dc_util.o                   24
    exit.o                       3
    float.o                    813
    init.o                      20
    init_small.o                70
    interrupt.o                  3      128
    long.o                     294
    long_util.o                 84
    low_level_init.o             3
    move.o                      13
    short.o                     54
    unhandled_exception.o        3
    vreg_util.o                333
    vregs.o                                       16
    ------------------------------------------------
    Total:                   1 741      128       16

    Linker created                       18      256
----------------------------------------------------
    Grand Total:            10 177      590      658


*******************************************************************************
*** ENTRY LIST
***

Entry                    Address   Size  Type      Object
-----                    -------   ----  ----      ------
.iar.init_table$$Base   0x00a6d2          --   Gb  - Linker created -
.iar.init_table$$Limit  0x00a6e4          --   Gb  - Linker created -
?add32_l0_l0_0x         0x009518         Code  Gb  long.o [4]
?and32_l0_l0_0x         0x0095c3         Code  Gb  long.o [4]
?b0                     0x000000         Data  Gb  vregs.o [4]
?b1                     0x000001         Data  Gb  vregs.o [4]
?b10                    0x00000a         Data  Gb  vregs.o [4]
?b11                    0x00000b         Data  Gb  vregs.o [4]
?b12                    0x00000c         Data  Gb  vregs.o [4]
?b13                    0x00000d         Data  Gb  vregs.o [4]
?b14                    0x00000e         Data  Gb  vregs.o [4]
?b15                    0x00000f         Data  Gb  vregs.o [4]
?b2                     0x000002         Data  Gb  vregs.o [4]
?b3                     0x000003         Data  Gb  vregs.o [4]
?b4                     0x000004         Data  Gb  vregs.o [4]
?b5                     0x000005         Data  Gb  vregs.o [4]
?b6                     0x000006         Data  Gb  vregs.o [4]
?b7                     0x000007         Data  Gb  vregs.o [4]
?b8                     0x000008         Data  Gb  vregs.o [4]
?b9                     0x000009         Data  Gb  vregs.o [4]
?dc32_l1                0x00a825         Code  Gb  dc_util.o [4]
?dc32_px                0x00a832         Code  Gb  dc_util.o [4]
?dec32_0x_0x            0x009504         Code  Gb  long.o [4]
?dec32_l0_l0            0x0094ff         Code  Gb  long.o [4]
?e0                     0x000001         Data  Gb  vregs.o [4]
?e1                     0x000005         Data  Gb  vregs.o [4]
?e2                     0x000009         Data  Gb  vregs.o [4]
?e3                     0x00000d         Data  Gb  vregs.o [4]
?epilogue_l2            0x00944b         Code  Gb  vreg_util.o [4]
?epilogue_l2_l3         0x009448         Code  Gb  vreg_util.o [4]
?epilogue_l2_w6         0x00944f         Code  Gb  vreg_util.o [4]
?epilogue_w4            0x009456         Code  Gb  vreg_util.o [4]
?fadd32_l0_l0_l1        0x0087ea         Code  Gb  float.o [4]
?fcastf32s16_l0_x       0x0089ad         Code  Gb  float.o [4]
?fcastf32u16_l0_x       0x0089b4         Code  Gb  float.o [4]
?fcasts16f32_x_l0       0x0089d2         Code  Gb  float.o [4]
?fcmplt32_c_l0_0x       0x008957         Code  Gb  float.o [4]
?fcmplt32_c_l0_dc32     0x008952         Code  Gb  float.o [4]
?fmul32_l0_l0_dc32      0x0088b8         Code  Gb  float.o [4]
?fmul32_l0_l0_l1        0x0088bd         Code  Gb  float.o [4]
?fsub32_l0_l0_l1        0x0087e4         Code  Gb  float.o [4]
?inc32_0x_0x            0x0094f1         Code  Gb  long.o [4]
?inc32_l0_l0            0x0094ec         Code  Gb  long.o [4]
?l0                     0x000000         Data  Gb  vregs.o [4]
?l1                     0x000004         Data  Gb  vregs.o [4]
?l2                     0x000008         Data  Gb  vregs.o [4]
?l3                     0x00000c         Data  Gb  vregs.o [4]
?load32_0x_l0           0x00a16a         Code  Gb  long_util.o [4]
?load32_0x_l1           0x00a178         Code  Gb  long_util.o [4]
?load32_l0_0x           0x00a142         Code  Gb  long_util.o [4]
?load32_l0_asp          0x00a137         Code  Gb  long_util.o [4]
?load32_l0_dbsp         0x00a132         Code  Gb  long_util.o [4]
?load32_l0_xsp          0x00a139         Code  Gb  long_util.o [4]
?load32_l1_0x           0x00a15e         Code  Gb  long_util.o [4]
?load32_l1_asp          0x00a153         Code  Gb  long_util.o [4]
?load32_l1_dbsp         0x00a14e         Code  Gb  long_util.o [4]
?load32_l1_xsp          0x00a155         Code  Gb  long_util.o [4]
?mov_e0_e1              0x009480         Code  Gb  vreg_util.o [4]
?mov_e0_e2              0x00948d         Code  Gb  vreg_util.o [4]
?mov_e0_e3              0x00949a         Code  Gb  vreg_util.o [4]
?mov_e1_e0              0x0094a7         Code  Gb  vreg_util.o [4]
?mov_e1_e2              0x0094b4         Code  Gb  vreg_util.o [4]
?mov_e1_e3              0x0094c1         Code  Gb  vreg_util.o [4]
?mov_e2_e0              0x0094ce         Code  Gb  vreg_util.o [4]
?mov_e3_e0              0x0094db         Code  Gb  vreg_util.o [4]
?mov_l0_l1              0x00947d         Code  Gb  vreg_util.o [4]
?mov_l0_l2              0x00948a         Code  Gb  vreg_util.o [4]
?mov_l0_l3              0x009497         Code  Gb  vreg_util.o [4]
?mov_l1_l0              0x0094a4         Code  Gb  vreg_util.o [4]
?mov_l1_l2              0x0094b1         Code  Gb  vreg_util.o [4]
?mov_l1_l3              0x0094be         Code  Gb  vreg_util.o [4]
?mov_l2_l0              0x0094cb         Code  Gb  vreg_util.o [4]
?mov_l3_l0              0x0094d8         Code  Gb  vreg_util.o [4]
?mov_w0_w2              0x00945a         Code  Gb  vreg_util.o [4]
?mov_w1_w0              0x009461         Code  Gb  vreg_util.o [4]
?mov_w1_w3              0x009483         Code  Gb  vreg_util.o [4]
?mov_w1_w5              0x009490         Code  Gb  vreg_util.o [4]
?mov_w1_w7              0x00949d         Code  Gb  vreg_util.o [4]
?mov_w2_w1              0x009468         Code  Gb  vreg_util.o [4]
?mov_w2_w5              0x00946f         Code  Gb  vreg_util.o [4]
?mov_w3_w1              0x0094aa         Code  Gb  vreg_util.o [4]
?mov_w3_w5              0x0094b7         Code  Gb  vreg_util.o [4]
?mov_w3_w7              0x0094c4         Code  Gb  vreg_util.o [4]
?mov_w5_w0              0x009476         Code  Gb  vreg_util.o [4]
?mov_w5_w1              0x0094d1         Code  Gb  vreg_util.o [4]
?mov_w7_w1              0x0094de         Code  Gb  vreg_util.o [4]
?mov_w7_w5              0x0094e5         Code  Gb  vreg_util.o [4]
?move1616_v_x_y_a       0x00a951         Code  Gb  move.o [4]
?or32_l0_l0_0x          0x0095de         Code  Gb  long.o [4]
?or32_l0_l0_l1          0x0095db         Code  Gb  long.o [4]
?pop_l0                 0x009414         Code  Gb  vreg_util.o [4]
?pop_l1                 0x00941f         Code  Gb  vreg_util.o [4]
?pop_l2                 0x00942a         Code  Gb  vreg_util.o [4]
?pop_l3                 0x009435         Code  Gb  vreg_util.o [4]
?pop_w4                 0x0093c6         Code  Gb  vreg_util.o [4]
?pop_w6                 0x0093cd         Code  Gb  vreg_util.o [4]
?pop_w7                 0x0093d4         Code  Gb  vreg_util.o [4]
?push_l0                0x0093e3         Code  Gb  vreg_util.o [4]
?push_l1                0x0093e8         Code  Gb  vreg_util.o [4]
?push_l2                0x0093ed         Code  Gb  vreg_util.o [4]
?push_l3                0x0093f2         Code  Gb  vreg_util.o [4]
?push_w0                0x00939f         Code  Gb  vreg_util.o [4]
?push_w4                0x0093a4         Code  Gb  vreg_util.o [4]
?push_w6                0x0093a9         Code  Gb  vreg_util.o [4]
?push_w7                0x0093ae         Code  Gb  vreg_util.o [4]
?sdiv16_x_x_y           0x00a420         Code  Gb  short.o [4]
?sext32_l0_x            0x009607         Code  Gb  long.o [4]
?sll16_x_x_a            0x00a449         Code  Gb  short.o [4]
?sll32_0x_0x_a          0x0095f9         Code  Gb  long.o [4]
?sll32_l0_l0_a          0x0095f6         Code  Gb  long.o [4]
?smod16_y_x_y           0x00a439         Code  Gb  short.o [4]
?srl16_x_x_4            0x00a451         Code  Gb  short.o [4]
?sub32_l0_l0_0x         0x009533         Code  Gb  long.o [4]
?sub32_l0_l0_l1         0x009530         Code  Gb  long.o [4]
?ucmp32_c_l0_l1         0x0095b8         Code  Gb  long.o [4]
?udiv32_l0_l0_l1        0x00954b         Code  Gb  long.o [4]
?umod32_l1_l0_l1        0x00954b         Code  Gb  long.o [4]
?w0                     0x000000         Data  Gb  vregs.o [4]
?w1                     0x000002         Data  Gb  vregs.o [4]
?w2                     0x000004         Data  Gb  vregs.o [4]
?w3                     0x000006         Data  Gb  vregs.o [4]
?w4                     0x000008         Data  Gb  vregs.o [4]
?w5                     0x00000a         Data  Gb  vregs.o [4]
?w6                     0x00000c         Data  Gb  vregs.o [4]
?w7                     0x00000e         Data  Gb  vregs.o [4]
ADC1_COMP_IRQHandler    0x00a80d   0x18  Code  Gb  stm8l15x_it.o [1]
BSP_BTN_FIFO            0x000166   0x13  Data  Gb  board.o [1]
BTN_Event               0x00018f    0x1  Data  Lc  main.o [1]
BufferPing              0x00007c    0x5  Data  Gb  main.o [1]
BufferPong              0x000081    0x5  Data  Gb  main.o [1]
Button1_TickCounter     0x000185    0x2  Data  Lc  stm8l15x_it.o [1]
Button2_TickCounter     0x000187    0x2  Data  Lc  stm8l15x_it.o [1]
CLK_GetClockFreq        0x009f4f   0x72  Code  Gb  stm8l15x_clk.o [1]
CLK_PeripheralClockConfig
                        0x009d5f   0x89  Code  Gb  stm8l15x_clk.o [1]
CLK_SYSCLKDivConfig     0x00a9dd    0x4  Code  Gb  stm8l15x_clk.o [1]
CLK_SYSCLKSourceConfig  0x00a9d9    0x4  Code  Gb  stm8l15x_clk.o [1]
COMP_ClearFlag          0x00a936    0xe  Code  Gb  stm8l15x_comp.o [1]
CSTACK$$Base            0x000700          --   Gb  - Linker created -
CSTACK$$Limit           0x000800          --   Gb  - Linker created -
Callback_isPingCheckReady
                        0x00018d    0x1  Data  Gb  main.o [1]
DMA1_CHANNEL0_1_IRQHandler
                        0x00a9f9    0x1  Code  Gb  stm8l15x_it.o [1]
DMA1_CHANNEL2_3_IRQHandler
                        0x00a9fa    0x1  Code  Gb  stm8l15x_it.o [1]
E49x_ClearFIFO          0x0081fe   0x16  Code  Lc  ebyte_e49x.o [1]
E49x_ClearIRQ           0x008470   0xd9  Code  Gb  ebyte_e49x.o [1]
E49x_Config             0x008683  0x141  Code  Lc  ebyte_e49x.o [1]
E49x_Config_Baseband    0x000054   0x1d  Data  Gb  ebyte_e49x.o [1]
E49x_Config_CMT         0x00001c    0xc  Data  Gb  ebyte_e49x.o [1]
E49x_Config_DataRate    0x00003c   0x18  Data  Gb  ebyte_e49x.o [1]
E49x_Config_Frequency   0x000034    0x8  Data  Gb  ebyte_e49x.o [1]
E49x_Config_System      0x000028    0xc  Data  Gb  ebyte_e49x.o [1]
E49x_Config_TX          0x000071    0xb  Data  Gb  ebyte_e49x.o [1]
E49x_GetDriverVersion   0x00a9e1    0x3  Code  Gb  ebyte_e49x.o [1]
E49x_GetFIFO            0x008173   0x8b  Code  Lc  ebyte_e49x.o [1]
E49x_GetIRQ             0x008436   0x3a  Code  Lc  ebyte_e49x.o [1]
E49x_GetName            0x00a9cd    0x4  Code  Gb  ebyte_e49x.o [1]
E49x_GetRegister        0x0080c6   0x49  Code  Lc  ebyte_e49x.o [1]
E49x_GetStatus          0x00a9d1    0x4  Code  Gb  ebyte_e49x.o [1]
E49x_GoFIFO             0x008214   0x35  Code  Lc  ebyte_e49x.o [1]
E49x_GoIRQ              0x008549    0x7  Code  Lc  ebyte_e49x.o [1]
E49x_GoReceive          0x008550   0x6c  Code  Gb  ebyte_e49x.o [1]
E49x_GoSleep            0x0087c4    0x3  Code  Gb  ebyte_e49x.o [1]
E49x_GoTransmit         0x0085bc   0x87  Code  Gb  ebyte_e49x.o [1]
E49x_HalfSpiReceive     0x00a21a   0x47  Code  Lc  ebyte_e49x.o [1]
E49x_HalfSpiTransmit    0x00a332   0x3f  Code  Lc  ebyte_e49x.o [1]
E49x_IRQ_Trigger        0x00018a    0x1  Data  Lc  ebyte_e49x.o [1]
E49x_Init               0x00a186   0x4c  Code  Gb  ebyte_e49x.o [1]
E49x_IsAlive            0x008643   0x40  Code  Lc  ebyte_e49x.o [1]
E49x_NameString         0x000010    0xc  Data  Lc  ebyte_e49x.o [1]
E49x_ReceiveBuffer      0x0000d2   0x40  Data  Lc  ebyte_e49x.o [1]
E49x_Reset              0x008249    0x9  Code  Gb  ebyte_e49x.o [1]
E49x_SetFIFO            0x00810f   0x64  Code  Lc  ebyte_e49x.o [1]
E49x_SetGPIO            0x0083f2    0x7  Code  Lc  ebyte_e49x.o [1]
E49x_SetIRQ             0x0083f9   0x3d  Code  Lc  ebyte_e49x.o [1]
E49x_SetPayloadSize     0x0083c4   0x2e  Code  Lc  ebyte_e49x.o [1]
E49x_SetReceive         0x0082a0   0x6b  Code  Lc  ebyte_e49x.o [1]
E49x_SetRegister        0x008080   0x46  Code  Lc  ebyte_e49x.o [1]
E49x_SetSleep           0x008376   0x4e  Code  Lc  ebyte_e49x.o [1]
E49x_SetStby            0x008252   0x4e  Code  Lc  ebyte_e49x.o [1]
E49x_SetTransmit        0x00830b   0x6b  Code  Lc  ebyte_e49x.o [1]
E49x_SpiDelay           0x00a97f    0xa  Code  Lc  ebyte_e49x.o [1]
E49x_Status             0x000189    0x1  Data  Lc  ebyte_e49x.o [1]
E49x_TaskForIRQ         0x00a9b9    0x5  Code  Gb  ebyte_e49x.o [1]
E49x_TaskForPoll        0x009de8   0x7c  Code  Gb  ebyte_e49x.o [1]
EXTI0_IRQHandler        0x00a9ff    0x1  Code  Gb  stm8l15x_it.o [1]
EXTI1_IRQHandler        0x00aa00    0x1  Code  Gb  stm8l15x_it.o [1]
EXTI2_IRQHandler        0x00a721   0x1d  Code  Gb  stm8l15x_it.o [1]
EXTI3_IRQHandler        0x00a7c2   0x19  Code  Gb  stm8l15x_it.o [1]
EXTI4_IRQHandler        0x00a7db   0x19  Code  Gb  stm8l15x_it.o [1]
EXTI5_IRQHandler        0x00a7f4   0x19  Code  Gb  stm8l15x_it.o [1]
EXTI6_IRQHandler        0x00aa01    0x1  Code  Gb  stm8l15x_it.o [1]
EXTI7_IRQHandler        0x00aa02    0x1  Code  Gb  stm8l15x_it.o [1]
EXTIB_G_IRQHandler      0x00a9fd    0x1  Code  Gb  stm8l15x_it.o [1]
EXTID_H_IRQHandler      0x00a9fe    0x1  Code  Gb  stm8l15x_it.o [1]
EXTIE_F_PVD_IRQHandler  0x00a9fc    0x1  Code  Gb  stm8l15x_it.o [1]
EXTI_ClearITPendingBit  0x00a690   0x21  Code  Gb  stm8l15x_exti.o [1]
EXTI_SetPinSensitivity  0x009612  0x10d  Code  Gb  stm8l15x_exti.o [1]
Ebyte_BSP_DelayMs       0x00a5bd   0x24  Code  Gb  board.o [1]
Ebyte_BSP_E49xGPIO_Init
                        0x009eda   0x75  Code  Gb  board.o [1]
Ebyte_BSP_GPIO_Init     0x00a48b   0x33  Code  Gb  board.o [1]
Ebyte_BSP_HSI_Init      0x00a989    0x9  Code  Gb  board.o [1]
Ebyte_BSP_HalfSPI_Init  0x00a9f6    0x1  Code  Gb  board.o [1]
Ebyte_BSP_Init          0x00a83d   0x15  Code  Gb  board.o [1]
Ebyte_BSP_LedControl    0x00a3e6   0x3a  Code  Gb  board.o [1]
Ebyte_BSP_ReadButton    0x00a629   0x23  Code  Gb  board.o [1]
Ebyte_BSP_TIMER_Init    0x00a597   0x26  Code  Gb  board.o [1]
Ebyte_BSP_TimerDecrement
                        0x00a5e1   0x24  Code  Gb  board.o [1]
Ebyte_BSP_UART_Init     0x00a0de   0x54  Code  Gb  board.o [1]
Ebyte_BSP_UartTransmit  0x00a371   0x3b  Code  Gb  board.o [1]
Ebyte_BTN_FIFO_Init     0x00a928    0xe  Code  Gb  board_button.o [1]
Ebyte_BTN_FIFO_Pop      0x00a4be   0x33  Code  Gb  board_button.o [1]
Ebyte_BTN_FIFO_Push     0x00a2ef   0x43  Code  Gb  board_button.o [1]
Ebyte_DEBUG_CommandEcho
                        0x008af4  0x2a6  Code  Gb  ebyte_debug.o [1]
Ebyte_FIFO_GetDataLength
                        0x00a73e   0x1c  Code  Gb  ebyte_kfifo.o [1]
Ebyte_FIFO_Init         0x00a261   0x47  Code  Gb  ebyte_kfifo.o [1]
Ebyte_FIFO_Read         0x009251  0x14e  Code  Gb  ebyte_kfifo.o [1]
Ebyte_FIFO_Write        0x0090ee  0x163  Code  Gb  ebyte_kfifo.o [1]
Ebyte_Port_CsbIoControl
                        0x00a774   0x1a  Code  Gb  ebyte_port.o [1]
Ebyte_Port_DelayUs      0x00a919    0xf  Code  Gb  ebyte_port.o [1]
Ebyte_Port_FcsbIoControl
                        0x00a78e   0x1a  Code  Gb  ebyte_port.o [1]
Ebyte_Port_ReceiveCallback
                        0x00a8fa   0x10  Code  Gb  ebyte_callback.o [1]
Ebyte_Port_SdioIoControl
                        0x00a02f   0x5a  Code  Gb  ebyte_port.o [1]
Ebyte_Port_SlckIoControl
                        0x00a75a   0x1a  Code  Gb  ebyte_port.o [1]
Ebyte_Port_TransmitCallback
                        0x00a90a    0xf  Code  Gb  ebyte_callback.o [1]
Ebyte_RF                0x00a8a1   0x12  Data  Gb  ebyte_core.o [1]
Ebyte_TimerDelayCounter
                        0x000179    0x4  Data  Gb  board.o [1]
FIFO_TickCounter        0x000181    0x4  Data  Lc  stm8l15x_it.o [1]
FIFO_isTimeCheckReady   0x00018c    0x1  Data  Gb  main.o [1]
FLASH_IRQHandler        0x00a9f8    0x1  Code  Gb  stm8l15x_it.o [1]
GPIO_ExternalPullUpConfig
                        0x00a4f1   0x2c  Code  Gb  stm8l15x_gpio.o [1]
GPIO_Init               0x009cd1   0x8e  Code  Gb  stm8l15x_gpio.o [1]
GPIO_ReadInputDataBit   0x00a999    0x7  Code  Gb  stm8l15x_gpio.o [1]
GPIO_ToggleBits         0x00a992    0x7  Code  Gb  stm8l15x_gpio.o [1]
GPIO_WriteBit           0x00a8d7   0x12  Code  Gb  stm8l15x_gpio.o [1]
I2C1_SPI2_IRQHandler    0x00aa0d    0x1  Code  Gb  stm8l15x_it.o [1]
INTVEC$$Base            0x008000          --   Gb  - Linker created -
INTVEC$$Limit           0x008080          --   Gb  - Linker created -
IT_Timer_ButtonCheck    0x009fc1   0x6e  Code  Gb  stm8l15x_it.o [1]
IT_Timer_UartCheck      0x009ba2   0x9b  Code  Gb  stm8l15x_it.o [1]
LCD_AES_IRQHandler      0x00aa03    0x1  Code  Gb  stm8l15x_it.o [1]
PC_isConnected          0x00018e    0x1  Data  Gb  main.o [1]
PcEchoBuffer            0x000152   0x14  Data  Gb  main.o [1]
RTC_CSSLSE_IRQHandler   0x00a9fb    0x1  Code  Gb  stm8l15x_it.o [1]
Region$$Table$$Base     0x00a6d2          --   Gb  - Linker created -
Region$$Table$$Limit    0x00a6e4          --   Gb  - Linker created -
SPI1_IRQHandler         0x00aa0b    0x1  Code  Gb  stm8l15x_it.o [1]
SWITCH_CSS_BREAK_DAC_IRQHandler
                        0x00aa04    0x1  Code  Gb  stm8l15x_it.o [1]
SYSCFG_REMAPPinConfig   0x00a089   0x55  Code  Gb  stm8l15x_syscfg.o [1]
SYSDivFactor            0x00a9b4    0x5  Data  Gb  stm8l15x_clk.o [1]
SimulatedCommandsButton1
                        0x00a9a0    0x5  Data  Gb  ebyte_debug.o [1]
SimulatedCommandsButton2
                        0x00a9a5    0x5  Data  Gb  ebyte_debug.o [1]
SimulatedCommandsWireless1
                        0x00a9aa    0x5  Data  Gb  ebyte_debug.o [1]
SimulatedCommandsWireless2
                        0x00a9af    0x5  Data  Gb  ebyte_debug.o [1]
TIM1_CC_IRQHandler      0x00aa09    0x1  Code  Gb  stm8l15x_it.o [1]
TIM1_UPD_OVF_TRG_COM_IRQHandler
                        0x00aa08    0x1  Code  Gb  stm8l15x_it.o [1]
TIM2_CC_USART2_RX_IRQHandler
                        0x00aa06    0x1  Code  Gb  stm8l15x_it.o [1]
TIM2_UPD_OVF_TRG_BRK_USART2_TX_IRQHandler
                        0x00aa05    0x1  Code  Gb  stm8l15x_it.o [1]
TIM3_CC_USART3_RX_IRQHandler
                        0x00aa07    0x1  Code  Gb  stm8l15x_it.o [1]
TIM3_ClearFlag          0x00a974    0xb  Code  Gb  stm8l15x_tim3.o [1]
TIM3_ClearITPendingBit  0x00a9be    0x5  Code  Gb  stm8l15x_tim3.o [1]
TIM3_Cmd                0x00a944    0xd  Code  Gb  stm8l15x_tim3.o [1]
TIM3_ITConfig           0x00a7a8   0x1a  Code  Gb  stm8l15x_tim3.o [1]
TIM3_TimeBaseInit       0x00a605   0x24  Code  Gb  stm8l15x_tim3.o [1]
TIM3_UPD_OVF_TRG_BRK_USART3_TX_IRQHandler
                        0x00a6b1   0x21  Code  Gb  stm8l15x_it.o [1]
TIM4_UPD_OVF_TRG_IRQHandler
                        0x00aa0a    0x1  Code  Gb  stm8l15x_it.o [1]
TRAP_IRQHandler         0x00a9f7    0x1  Code  Gb  stm8l15x_it.o [1]
Task_Button             0x009927   0xec  Code  Gb  main.o [1]
Task_Transmit           0x009add   0xc5  Code  Gb  main.o [1]
TxBuffer                0x000112   0x40  Data  Gb  main.o [1]
USART1_RX_TIM5_CC_IRQHandler
                        0x00a2a8   0x47  Code  Gb  stm8l15x_it.o [1]
USART1_TX_TIM5_UPD_OVF_TRG_BRK_IRQHandler
                        0x00aa0c    0x1  Code  Gb  stm8l15x_it.o [1]
USART_ClearITPendingBit
                        0x00a9c3    0x5  Code  Gb  stm8l15x_usart.o [1]
USART_Cmd               0x00a570   0x27  Code  Gb  stm8l15x_usart.o [1]
USART_GetFlagStatus     0x00a66e   0x22  Code  Gb  stm8l15x_usart.o [1]
USART_ITConfig          0x009c3d   0x94  Code  Gb  stm8l15x_usart.o [1]
USART_Init              0x009a13   0xca  Code  Gb  stm8l15x_usart.o [1]
USART_ReceiveData8      0x00a9e4    0x3  Code  Gb  stm8l15x_usart.o [1]
USART_SendData8         0x00a9e7    0x3  Code  Gb  stm8l15x_usart.o [1]
Uart_TickCounter        0x00017d    0x4  Data  Lc  stm8l15x_it.o [1]
Uart_isContinuousRecv   0x000191    0x1  Data  Lc  stm8l15x_it.o [1]
Uart_isInRecvState      0x000190    0x1  Data  Lc  stm8l15x_it.o [1]
Uart_isRecvReady        0x00018b    0x1  Data  Gb  main.o [1]
UserReceiveDoneCallback
                        0x00971f  0x105  Code  Gb  main.o [1]
UserTransmitDoneCallback
                        0x00a9d5    0x4  Code  Gb  main.o [1]
__DebugBreak            0x00aa0e    0x1  Code  Gb  __dbg_break.o [3]
__exit                  0x00a87a   0x14  Code  Gb  __dbg_xxexit.o [3]
__iar_copy_init2        0x00a548         Code  Gb  init_small.o [4]
__iar_data_init2        0x00a866   0x14  Code  Gb  init.o [4]
__iar_program_start     0x00a88e         Code  Gb  cstartup.o [4]
__iar_unhandled_exception
                        0x00a9f3         Code  Gb  unhandled_exception.o [4]
__iar_zero_init2        0x00a703         Code  Gb  init_small.o [4]
__intvec                0x008000         Data  Gb  interrupt.o [4]
__low_level_init        0x00a9ed    0x3  Code  Gb  low_level_init.o [4]
_exit                   0x00a9c8         Code  Gb  cexit.o [4]
_interrupt_1            0x00a9f7         Code  Gb  stm8l15x_it.o [1]
_interrupt_10           0x00a9ff         Code  Gb  stm8l15x_it.o [1]
_interrupt_11           0x00aa00         Code  Gb  stm8l15x_it.o [1]
_interrupt_12           0x00a721         Code  Gb  stm8l15x_it.o [1]
_interrupt_13           0x00a7c2         Code  Gb  stm8l15x_it.o [1]
_interrupt_14           0x00a7db         Code  Gb  stm8l15x_it.o [1]
_interrupt_15           0x00a7f4         Code  Gb  stm8l15x_it.o [1]
_interrupt_16           0x00aa01         Code  Gb  stm8l15x_it.o [1]
_interrupt_17           0x00aa02         Code  Gb  stm8l15x_it.o [1]
_interrupt_18           0x00aa03         Code  Gb  stm8l15x_it.o [1]
_interrupt_19           0x00aa04         Code  Gb  stm8l15x_it.o [1]
_interrupt_20           0x00a80d         Code  Gb  stm8l15x_it.o [1]
_interrupt_21           0x00aa05         Code  Gb  stm8l15x_it.o [1]
_interrupt_22           0x00aa06         Code  Gb  stm8l15x_it.o [1]
_interrupt_23           0x00a6b1         Code  Gb  stm8l15x_it.o [1]
_interrupt_24           0x00aa07         Code  Gb  stm8l15x_it.o [1]
_interrupt_25           0x00aa08         Code  Gb  stm8l15x_it.o [1]
_interrupt_26           0x00aa09         Code  Gb  stm8l15x_it.o [1]
_interrupt_27           0x00aa0a         Code  Gb  stm8l15x_it.o [1]
_interrupt_28           0x00aa0b         Code  Gb  stm8l15x_it.o [1]
_interrupt_29           0x00aa0c         Code  Gb  stm8l15x_it.o [1]
_interrupt_3            0x00a9f8         Code  Gb  stm8l15x_it.o [1]
_interrupt_30           0x00a2a8         Code  Gb  stm8l15x_it.o [1]
_interrupt_31           0x00aa0d         Code  Gb  stm8l15x_it.o [1]
_interrupt_4            0x00a9f9         Code  Gb  stm8l15x_it.o [1]
_interrupt_5            0x00a9fa         Code  Gb  stm8l15x_it.o [1]
_interrupt_6            0x00a9fb         Code  Gb  stm8l15x_it.o [1]
_interrupt_7            0x00a9fc         Code  Gb  stm8l15x_it.o [1]
_interrupt_8            0x00a9fd         Code  Gb  stm8l15x_it.o [1]
_interrupt_9            0x00a9fe         Code  Gb  stm8l15x_it.o [1]
exit                    0x00a9f0    0x3  Code  Gb  exit.o [4]
hfifo                   0x000086   0x4c  Data  Gb  main.o [1]
main                    0x00a1d2   0x48  Code  Gb  main.o [1]
mprintf                 0x008f8a  0x164  Code  Gb  board_mini_printf.o [1]
send_uart_data          0x00a6e4   0x1f  Code  Lc  board_mini_printf.o [1]
sky_ftoa                0x008d9a  0x1f0  Code  Lc  board_mini_printf.o [1]
sky_itoa                0x009824  0x103  Code  Lc  board_mini_printf.o [1]


[1] = E:\0_Ebyte_Product\0_Ebyte\E15\E15-EVB02\Software\2021-05-06-Project\0_Project\IAR_for_Stm8\ExMx_Demo\E15-EVB02_E49-400M20S\Obj
[2] = command line
[3] = dbgstm8smd.a
[4] = dlstm8smn.a

  10 177 bytes of readonly  code memory
     590 bytes of readonly  data memory
     658 bytes of readwrite data memory

Errors: none
Warnings: none
