###############################################################################
#
# IAR ELF Linker V3.10.1.201 for STM8                     28/Jun/2021  17:21:51
# Copyright 2010-2017 IAR Systems AB.
#
#    Output file  =  
#        E:\0_Ebyte_Product\0_Ebyte\E15\E15-EVB02\Software\2021-05-06-Project\0_Project\IAR_for_Stm8\ExMx_Demo\E15-EVB02_E220-400M22S\Exe\project.out
#    Map file     =  
#        E:\0_Ebyte_Product\0_Ebyte\E15\E15-EVB02\Software\2021-05-06-Project\0_Project\IAR_for_Stm8\ExMx_Demo\E15-EVB02_E220-400M22S\List\project.map
#    Command line =  
#        -f C:\Users\529880~1\AppData\Local\Temp\EW1544.tmp
#        (E:\0_Ebyte_Product\0_Ebyte\E15\E15-EVB02\Software\2021-05-06-Project\0_Project\IAR_for_Stm8\ExMx_Demo\E15-EVB02_E220-400M22S\Obj\board.o
#        E:\0_Ebyte_Product\0_Ebyte\E15\E15-EVB02\Software\2021-05-06-Project\0_Project\IAR_for_Stm8\ExMx_Demo\E15-EVB02_E220-400M22S\Obj\board_button.o
#        E:\0_Ebyte_Product\0_Ebyte\E15\E15-EVB02\Software\2021-05-06-Project\0_Project\IAR_for_Stm8\ExMx_Demo\E15-EVB02_E220-400M22S\Obj\board_mini_printf.o
#        E:\0_Ebyte_Product\0_Ebyte\E15\E15-EVB02\Software\2021-05-06-Project\0_Project\IAR_for_Stm8\ExMx_Demo\E15-EVB02_E220-400M22S\Obj\ebyte_callback.o
#        E:\0_Ebyte_Product\0_Ebyte\E15\E15-EVB02\Software\2021-05-06-Project\0_Project\IAR_for_Stm8\ExMx_Demo\E15-EVB02_E220-400M22S\Obj\ebyte_core.o
#        E:\0_Ebyte_Product\0_Ebyte\E15\E15-EVB02\Software\2021-05-06-Project\0_Project\IAR_for_Stm8\ExMx_Demo\E15-EVB02_E220-400M22S\Obj\ebyte_debug.o
#        E:\0_Ebyte_Product\0_Ebyte\E15\E15-EVB02\Software\2021-05-06-Project\0_Project\IAR_for_Stm8\ExMx_Demo\E15-EVB02_E220-400M22S\Obj\ebyte_e220x.o
#        E:\0_Ebyte_Product\0_Ebyte\E15\E15-EVB02\Software\2021-05-06-Project\0_Project\IAR_for_Stm8\ExMx_Demo\E15-EVB02_E220-400M22S\Obj\ebyte_kfifo.o
#        E:\0_Ebyte_Product\0_Ebyte\E15\E15-EVB02\Software\2021-05-06-Project\0_Project\IAR_for_Stm8\ExMx_Demo\E15-EVB02_E220-400M22S\Obj\ebyte_port.o
#        E:\0_Ebyte_Product\0_Ebyte\E15\E15-EVB02\Software\2021-05-06-Project\0_Project\IAR_for_Stm8\ExMx_Demo\E15-EVB02_E220-400M22S\Obj\main.o
#        E:\0_Ebyte_Product\0_Ebyte\E15\E15-EVB02\Software\2021-05-06-Project\0_Project\IAR_for_Stm8\ExMx_Demo\E15-EVB02_E220-400M22S\Obj\stm8l15x_adc.o
#        E:\0_Ebyte_Product\0_Ebyte\E15\E15-EVB02\Software\2021-05-06-Project\0_Project\IAR_for_Stm8\ExMx_Demo\E15-EVB02_E220-400M22S\Obj\stm8l15x_aes.o
#        E:\0_Ebyte_Product\0_Ebyte\E15\E15-EVB02\Software\2021-05-06-Project\0_Project\IAR_for_Stm8\ExMx_Demo\E15-EVB02_E220-400M22S\Obj\stm8l15x_beep.o
#        E:\0_Ebyte_Product\0_Ebyte\E15\E15-EVB02\Software\2021-05-06-Project\0_Project\IAR_for_Stm8\ExMx_Demo\E15-EVB02_E220-400M22S\Obj\stm8l15x_clk.o
#        E:\0_Ebyte_Product\0_Ebyte\E15\E15-EVB02\Software\2021-05-06-Project\0_Project\IAR_for_Stm8\ExMx_Demo\E15-EVB02_E220-400M22S\Obj\stm8l15x_comp.o
#        E:\0_Ebyte_Product\0_Ebyte\E15\E15-EVB02\Software\2021-05-06-Project\0_Project\IAR_for_Stm8\ExMx_Demo\E15-EVB02_E220-400M22S\Obj\stm8l15x_dac.o
#        E:\0_Ebyte_Product\0_Ebyte\E15\E15-EVB02\Software\2021-05-06-Project\0_Project\IAR_for_Stm8\ExMx_Demo\E15-EVB02_E220-400M22S\Obj\stm8l15x_dma.o
#        E:\0_Ebyte_Product\0_Ebyte\E15\E15-EVB02\Software\2021-05-06-Project\0_Project\IAR_for_Stm8\ExMx_Demo\E15-EVB02_E220-400M22S\Obj\stm8l15x_exti.o
#        E:\0_Ebyte_Product\0_Ebyte\E15\E15-EVB02\Software\2021-05-06-Project\0_Project\IAR_for_Stm8\ExMx_Demo\E15-EVB02_E220-400M22S\Obj\stm8l15x_flash.o
#        E:\0_Ebyte_Product\0_Ebyte\E15\E15-EVB02\Software\2021-05-06-Project\0_Project\IAR_for_Stm8\ExMx_Demo\E15-EVB02_E220-400M22S\Obj\stm8l15x_gpio.o
#        E:\0_Ebyte_Product\0_Ebyte\E15\E15-EVB02\Software\2021-05-06-Project\0_Project\IAR_for_Stm8\ExMx_Demo\E15-EVB02_E220-400M22S\Obj\stm8l15x_i2c.o
#        E:\0_Ebyte_Product\0_Ebyte\E15\E15-EVB02\Software\2021-05-06-Project\0_Project\IAR_for_Stm8\ExMx_Demo\E15-EVB02_E220-400M22S\Obj\stm8l15x_irtim.o
#        E:\0_Ebyte_Product\0_Ebyte\E15\E15-EVB02\Software\2021-05-06-Project\0_Project\IAR_for_Stm8\ExMx_Demo\E15-EVB02_E220-400M22S\Obj\stm8l15x_it.o
#        E:\0_Ebyte_Product\0_Ebyte\E15\E15-EVB02\Software\2021-05-06-Project\0_Project\IAR_for_Stm8\ExMx_Demo\E15-EVB02_E220-400M22S\Obj\stm8l15x_iwdg.o
#        E:\0_Ebyte_Product\0_Ebyte\E15\E15-EVB02\Software\2021-05-06-Project\0_Project\IAR_for_Stm8\ExMx_Demo\E15-EVB02_E220-400M22S\Obj\stm8l15x_lcd.o
#        E:\0_Ebyte_Product\0_Ebyte\E15\E15-EVB02\Software\2021-05-06-Project\0_Project\IAR_for_Stm8\ExMx_Demo\E15-EVB02_E220-400M22S\Obj\stm8l15x_pwr.o
#        E:\0_Ebyte_Product\0_Ebyte\E15\E15-EVB02\Software\2021-05-06-Project\0_Project\IAR_for_Stm8\ExMx_Demo\E15-EVB02_E220-400M22S\Obj\stm8l15x_rst.o
#        E:\0_Ebyte_Product\0_Ebyte\E15\E15-EVB02\Software\2021-05-06-Project\0_Project\IAR_for_Stm8\ExMx_Demo\E15-EVB02_E220-400M22S\Obj\stm8l15x_rtc.o
#        E:\0_Ebyte_Product\0_Ebyte\E15\E15-EVB02\Software\2021-05-06-Project\0_Project\IAR_for_Stm8\ExMx_Demo\E15-EVB02_E220-400M22S\Obj\stm8l15x_spi.o
#        E:\0_Ebyte_Product\0_Ebyte\E15\E15-EVB02\Software\2021-05-06-Project\0_Project\IAR_for_Stm8\ExMx_Demo\E15-EVB02_E220-400M22S\Obj\stm8l15x_syscfg.o
#        E:\0_Ebyte_Product\0_Ebyte\E15\E15-EVB02\Software\2021-05-06-Project\0_Project\IAR_for_Stm8\ExMx_Demo\E15-EVB02_E220-400M22S\Obj\stm8l15x_tim1.o
#        E:\0_Ebyte_Product\0_Ebyte\E15\E15-EVB02\Software\2021-05-06-Project\0_Project\IAR_for_Stm8\ExMx_Demo\E15-EVB02_E220-400M22S\Obj\stm8l15x_tim2.o
#        E:\0_Ebyte_Product\0_Ebyte\E15\E15-EVB02\Software\2021-05-06-Project\0_Project\IAR_for_Stm8\ExMx_Demo\E15-EVB02_E220-400M22S\Obj\stm8l15x_tim3.o
#        E:\0_Ebyte_Product\0_Ebyte\E15\E15-EVB02\Software\2021-05-06-Project\0_Project\IAR_for_Stm8\ExMx_Demo\E15-EVB02_E220-400M22S\Obj\stm8l15x_tim4.o
#        E:\0_Ebyte_Product\0_Ebyte\E15\E15-EVB02\Software\2021-05-06-Project\0_Project\IAR_for_Stm8\ExMx_Demo\E15-EVB02_E220-400M22S\Obj\stm8l15x_tim5.o
#        E:\0_Ebyte_Product\0_Ebyte\E15\E15-EVB02\Software\2021-05-06-Project\0_Project\IAR_for_Stm8\ExMx_Demo\E15-EVB02_E220-400M22S\Obj\stm8l15x_usart.o
#        E:\0_Ebyte_Product\0_Ebyte\E15\E15-EVB02\Software\2021-05-06-Project\0_Project\IAR_for_Stm8\ExMx_Demo\E15-EVB02_E220-400M22S\Obj\stm8l15x_wfe.o
#        E:\0_Ebyte_Product\0_Ebyte\E15\E15-EVB02\Software\2021-05-06-Project\0_Project\IAR_for_Stm8\ExMx_Demo\E15-EVB02_E220-400M22S\Obj\stm8l15x_wwdg.o
#        --redirect _Printf=_PrintfSmall --redirect _Scanf=_ScanfSmall -o
#        E:\0_Ebyte_Product\0_Ebyte\E15\E15-EVB02\Software\2021-05-06-Project\0_Project\IAR_for_Stm8\ExMx_Demo\E15-EVB02_E220-400M22S\Exe\project.out
#        --map
#        E:\0_Ebyte_Product\0_Ebyte\E15\E15-EVB02\Software\2021-05-06-Project\0_Project\IAR_for_Stm8\ExMx_Demo\E15-EVB02_E220-400M22S\List\project.map
#        --config
#        F:\01_JH_Software\IAR\Install_ForStm8\stm8\config\lnkstm8l151g4.icf
#        --config_def _CSTACK_SIZE=0x100 --config_def _HEAP_SIZE=0x100 --entry
#        __iar_program_start --debug_lib)
#
###############################################################################

*******************************************************************************
*** RUNTIME MODEL ATTRIBUTES
***

__SystemLibrary            = DLib
__code_model               = small
__core                     = stm8
__data_model               = medium
__dlib_file_descriptor     = 0
__dlib_full_locale_support = 0
__rt_version               = 4


*******************************************************************************
*** PLACEMENT SUMMARY
***

"A0":  place at start of [0x000000-0x0000ff] { rw section .vregs };
"A1":  place at end of [0x000000-0x0007ff] { block CSTACK };
"P2":  place in [from 0x000000 to 0x0007ff] {
          block HEAP, rw section __DLIB_PERTHREAD, rw section .far.bss,
          rw section .far.data, rw section .far.noinit,
          rw section .far_func.textrw, rw section .huge.bss,
          rw section .huge.data, rw section .huge.noinit,
          rw section .huge_func.textrw, rw section .iar.dynexit,
          rw section .near.bss, rw section .near.data, rw section .near.noinit,
          rw section .near_func.textrw };
"A2":  place at start of [0x008000-0x00bfff] { block INTVEC };
"P3":  place in [from 0x008000 to 0x00bfff] {
          ro section __DLIB_PERTHREAD_init, ro section .far.data_init,
          ro section .far_func.textrw_init, ro section .huge.data_init,
          ro section .huge_func.textrw_init, ro section .iar.init_table,
          ro section .init_array, ro section .near.data_init,
          ro section .near.rodata, ro section .near_func.text,
          ro section .near_func.textrw_init, ro section .tiny.data_init,
          ro section .tiny.rodata_init };
"P4":  place in [from 0x008000 to 0x00bfff] {
          ro section .far.rodata, ro section .far_func.text };
"P5":  place in [from 0x008000 to 0x00bfff] {
          ro section .huge.rodata, ro section .huge_func.text };
do not initialize {
   rw section .eeprom.noinit, rw section .far.noinit, rw section .huge.noinit,
   rw section .near.noinit, rw section .tiny.noinit, rw section .vregs };
initialize by copy {
   rw section .far.bss, rw section .far.data, rw section .far_func.textrw,
   rw section .huge.bss, rw section .huge.data, rw section .huge_func.textrw,
   rw section .iar.dynexit, rw section .near.bss, rw section .near.data,
   rw section .near_func.textrw, rw section .tiny.bss, rw section .tiny.data,
   ro section .tiny.rodata };

  Section            Kind      Address    Size  Object
  -------            ----      -------    ----  ------
"A0":                                     0x10
  .vregs             uninit   0x000000    0x10  vregs.o [4]
                            - 0x000010    0x10

"P2", part 1 of 2:                        0x17
  P2-1                        0x000010    0x17  <Init block>
    .near.data       inited   0x000010     0xd  ebyte_e220x.o [1]
    .near.data       inited   0x00001d     0x5  main.o [1]
    .near.data       inited   0x000022     0x5  main.o [1]
                            - 0x000027    0x17

"P2", part 2 of 2:                       0x1da
  .near.bss          zero     0x000027    0xff  ebyte_e220x.o [1]
  .near.bss          zero     0x000126    0x4c  main.o [1]
  .near.bss          zero     0x000172    0x40  main.o [1]
  .near.bss          zero     0x0001b2    0x14  main.o [1]
  .near.bss          zero     0x0001c6    0x13  board.o [1]
  .near.bss          zero     0x0001d9     0xb  ebyte_e220x.o [1]
  .near.bss          zero     0x0001e4     0x4  board.o [1]
  .near.bss          zero     0x0001e8     0x4  ebyte_e220x.o [1]
  .near.bss          zero     0x0001ec     0x4  stm8l15x_it.o [1]
  .near.bss          zero     0x0001f0     0x4  stm8l15x_it.o [1]
  .near.bss          zero     0x0001f4     0x2  stm8l15x_it.o [1]
  .near.bss          zero     0x0001f6     0x2  stm8l15x_it.o [1]
  .near.bss          zero     0x0001f8     0x1  ebyte_e220x.o [1]
  .near.bss          zero     0x0001f9     0x1  ebyte_e220x.o [1]
  .near.bss          zero     0x0001fa     0x1  main.o [1]
  .near.bss          zero     0x0001fb     0x1  main.o [1]
  .near.bss          zero     0x0001fc     0x1  main.o [1]
  .near.bss          zero     0x0001fd     0x1  main.o [1]
  .near.bss          zero     0x0001fe     0x1  main.o [1]
  .near.bss          zero     0x0001ff     0x1  stm8l15x_it.o [1]
  .near.bss          zero     0x000200     0x1  stm8l15x_it.o [1]
                            - 0x000201   0x1da

"A1":                                    0x100
  CSTACK                      0x000700   0x100  <Block>
    CSTACK           uninit   0x000700   0x100  <Block tail>
                            - 0x000800   0x100

"A2":                                     0x80
  INTVEC                      0x008000    0x80  <Block>
    .intvec          const    0x008000    0x80  interrupt.o [4]
                            - 0x008080    0x80

"P3-P5":                                0x27cb
  .near_func.text    ro code  0x008080   0x483  float.o [4]
  .near_func.text    ro code  0x008503   0x448  ebyte_e220x.o [1]
  .near_func.text    ro code  0x00894b   0x1f0  board_mini_printf.o [1]
  .near_func.text    ro code  0x008b3b   0x164  board_mini_printf.o [1]
  .near_func.text    ro code  0x008c9f   0x163  ebyte_kfifo.o [1]
  .near_func.text    ro code  0x008e02   0x14f  vreg_util.o [4]
  .near_func.text    ro code  0x008f51   0x14e  ebyte_kfifo.o [1]
  .near_func.text    ro code  0x00909f   0x144  ebyte_debug.o [1]
  .near_func.text    ro code  0x0091e3   0x105  main.o [1]
  .near_func.text    ro code  0x0092e8   0x103  board_mini_printf.o [1]
  .near_func.text    ro code  0x0093eb    0xef  long.o [4]
  .near_func.text    ro code  0x0094da    0xec  main.o [1]
  .near_func.text    ro code  0x0095c6    0xca  stm8l15x_usart.o [1]
  .near_func.text    ro code  0x009690    0xba  main.o [1]
  .near_func.text    ro code  0x00974a    0x9b  stm8l15x_it.o [1]
  .near_func.text    ro code  0x0097e5    0x94  stm8l15x_usart.o [1]
  .near_func.text    ro code  0x009879    0x8e  stm8l15x_gpio.o [1]
  .near_func.text    ro code  0x009907    0x89  stm8l15x_clk.o [1]
  .near_func.text    ro code  0x009990    0x88  ebyte_e220x.o [1]
  .near_func.text    ro code  0x009a18    0x80  ebyte_e220x.o [1]
  .near_func.text    ro code  0x009a98    0x74  ebyte_e220x.o [1]
  .near_func.text    ro code  0x009b0c    0x72  stm8l15x_clk.o [1]
  .near_func.text    ro code  0x009b7e    0x6e  stm8l15x_it.o [1]
  .near_func.text    ro code  0x009bec    0x6a  ebyte_e220x.o [1]
  .near_func.text    ro code  0x009c56    0x55  stm8l15x_syscfg.o [1]
  .near_func.text    ro code  0x009cab    0x54  board.o [1]
  .near_func.text    ro code  0x009cff    0x53  ebyte_e220x.o [1]
  .near_func.text    ro code  0x009d52    0x52  board.o [1]
  .near_func.text    ro code  0x009da4    0x51  ebyte_e220x.o [1]
  .near_func.text    ro code  0x009df5    0x48  main.o [1]
  .near_func.text    ro code  0x009e3d    0x47  ebyte_kfifo.o [1]
  .near_func.text    ro code  0x009e84    0x47  stm8l15x_it.o [1]
  .near_func.text    ro code  0x009ecb    0x44  board.o [1]
  .near_func.text    ro code  0x009f0f    0x44  long_util.o [4]
  .near_func.text    ro code  0x009f53    0x43  board_button.o [1]
  .near_func.text    ro code  0x009f96    0x42  ebyte_e220x.o [1]
  .near_func.text    ro code  0x009fd8    0x41  stm8l15x_spi.o [1]
  .near_func.text    ro code  0x00a019    0x3b  board.o [1]
  .near.rodata       const    0x00a054    0x3a  main.o [1]
  .near_func.text    ro code  0x00a08e    0x3a  board.o [1]
  .near_func.text    ro code  0x00a0c8    0x36  short.o [4]
  .near.rodata       const    0x00a0fe    0x35  main.o [1]
  .near_func.text    ro code  0x00a133    0x35  ebyte_e220x.o [1]
  .near_func.text    ro code  0x00a168    0x33  board.o [1]
  .near_func.text    ro code  0x00a19b    0x33  board_button.o [1]
  .near_func.text    ro code  0x00a1ce    0x33  ebyte_e220x.o [1]
  .near_func.text    ro code  0x00a201    0x2c  stm8l15x_gpio.o [1]
  .near.rodata       const    0x00a22d    0x2b  main.o [1]
  .near_func.text    ro code  0x00a258    0x2b  ebyte_port.o [1]
  .near_func.text    ro code  0x00a283    0x28  init_small.o [4]
  .near_func.text    ro code  0x00a2ab    0x27  stm8l15x_usart.o [1]
  .near_func.text    ro code  0x00a2d2    0x26  board.o [1]
  .near_func.text    ro code  0x00a2f8    0x24  board.o [1]
  .near_func.text    ro code  0x00a31c    0x24  stm8l15x_tim3.o [1]
  .near_func.text    ro code  0x00a340    0x23  board.o [1]
  .near.rodata       const    0x00a363    0x22  main.o [1]
  .near_func.text    ro code  0x00a385    0x22  stm8l15x_usart.o [1]
  .near_func.text    ro code  0x00a3a7    0x21  stm8l15x_exti.o [1]
  .near_func.text    ro code  0x00a3c8    0x21  stm8l15x_it.o [1]
  .iar.init_table    const    0x00a3e9    0x12  - Linker created -
  .near_func.text    ro code  0x00a3fb    0x20  ebyte_e220x.o [1]
  .near_func.text    ro code  0x00a41b    0x1f  board_mini_printf.o [1]
  .near_func.text    ro code  0x00a43a    0x1f  move.o [4]
  .near_func.text    ro code  0x00a459    0x1e  init_small.o [4]
  .near_func.text    ro code  0x00a477    0x1d  ebyte_callback.o [1]
  .near_func.text    ro code  0x00a494    0x1d  stm8l15x_it.o [1]
  .near_func.text    ro code  0x00a4b1    0x1c  ebyte_kfifo.o [1]
  .near_func.text    ro code  0x00a4cd    0x1b  ebyte_e220x.o [1]
  .near_func.text    ro code  0x00a4e8    0x1a  ebyte_callback.o [1]
  .near_func.text    ro code  0x00a502    0x1a  ebyte_port.o [1]
  .near_func.text    ro code  0x00a51c    0x1a  ebyte_port.o [1]
  .near_func.text    ro code  0x00a536    0x1a  ebyte_port.o [1]
  .near_func.text    ro code  0x00a550    0x1a  ebyte_port.o [1]
  .near_func.text    ro code  0x00a56a    0x1a  stm8l15x_tim3.o [1]
  .near_func.text    ro code  0x00a584    0x19  stm8l15x_it.o [1]
  .near_func.text    ro code  0x00a59d    0x19  stm8l15x_it.o [1]
  .near_func.text    ro code  0x00a5b6    0x19  stm8l15x_it.o [1]
  .near.rodata       const    0x00a5cf    0x18  ebyte_e220x.o [1]
  .near_func.text    ro code  0x00a5e7    0x18  ebyte_e220x.o [1]
  .near_func.text    ro code  0x00a5ff    0x18  stm8l15x_it.o [1]
  .near_func.text    ro code  0x00a617    0x18  dc_util.o [4]
  Initializer bytes  const    0x00a62f    0x17  <for P2-1>
  .near_func.text    ro code  0x00a646    0x16  ebyte_e220x.o [1]
  .near_func.text    ro code  0x00a65c    0x15  board.o [1]
  .near_func.text    ro code  0x00a671    0x15  ebyte_port.o [1]
  .near.rodata       const    0x00a686    0x14  main.o [1]
  .near_func.text    ro code  0x00a69a    0x14  init.o [4]
  .near_func.text    ro code  0x00a6ae    0x14  __dbg_xxexit.o [3]
  .near_func.text    ro code  0x00a6c2    0x13  cstartup.o [4]
  .near.rodata       const    0x00a6d5    0x12  ebyte_core.o [1]
  .near.rodata       const    0x00a6e7    0x12  main.o [1]
  .near.rodata       const    0x00a6f9    0x12  main.o [1]
  .near_func.text    ro code  0x00a70b    0x12  stm8l15x_gpio.o [1]
  .near.rodata       const    0x00a71d    0x11  board_mini_printf.o [1]
  .near_func.text    ro code  0x00a72e    0x11  board.o [1]
  .near_func.text    ro code  0x00a73f    0x11  ebyte_e220x.o [1]
  .near_func.text    ro code  0x00a750    0x10  ebyte_port.o [1]
  .near_func.text    ro code  0x00a760     0xe  board_button.o [1]
  .near_func.text    ro code  0x00a76e     0xe  stm8l15x_comp.o [1]
  .near_func.text    ro code  0x00a77c     0xd  stm8l15x_spi.o [1]
  .near_func.text    ro code  0x00a789     0xd  stm8l15x_tim3.o [1]
  .near.rodata       const    0x00a796     0xb  board_mini_printf.o [1]
  .near.rodata       const    0x00a7a1     0xb  main.o [1]
  .near_func.text    ro code  0x00a7ac     0xb  stm8l15x_tim3.o [1]
  .near.rodata       const    0x00a7b7     0x9  ebyte_e220x.o [1]
  .near_func.text    ro code  0x00a7c0     0x9  board.o [1]
  .near.rodata       const    0x00a7c9     0x8  ebyte_e220x.o [1]
  .near_func.text    ro code  0x00a7d1     0x7  stm8l15x_gpio.o [1]
  .near_func.text    ro code  0x00a7d8     0x7  stm8l15x_gpio.o [1]
  .near_func.text    ro code  0x00a7df     0x6  ebyte_e220x.o [1]
  .near.rodata       const    0x00a7e5     0x5  ebyte_debug.o [1]
  .near.rodata       const    0x00a7ea     0x5  ebyte_debug.o [1]
  .near.rodata       const    0x00a7ef     0x5  ebyte_debug.o [1]
  .near.rodata       const    0x00a7f4     0x5  ebyte_debug.o [1]
  .near.rodata       const    0x00a7f9     0x5  stm8l15x_clk.o [1]
  .near_func.text    ro code  0x00a7fe     0x5  stm8l15x_tim3.o [1]
  .near_func.text    ro code  0x00a803     0x5  stm8l15x_usart.o [1]
  .near_func.text    ro code  0x00a808     0x5  cexit.o [4]
  .near_func.text    ro code  0x00a80d     0x4  ebyte_e220x.o [1]
  .near_func.text    ro code  0x00a811     0x4  main.o [1]
  .near_func.text    ro code  0x00a815     0x4  stm8l15x_clk.o [1]
  .near_func.text    ro code  0x00a819     0x4  stm8l15x_clk.o [1]
  .near_func.text    ro code  0x00a81d     0x3  ebyte_e220x.o [1]
  .near_func.text    ro code  0x00a820     0x3  stm8l15x_usart.o [1]
  .near_func.text    ro code  0x00a823     0x3  stm8l15x_usart.o [1]
  .near_func.text    ro code  0x00a826     0x3  interrupt.o [4]
  .near_func.text    ro code  0x00a829     0x3  low_level_init.o [4]
  .near_func.text    ro code  0x00a82c     0x3  exit.o [4]
  .near_func.text    ro code  0x00a82f     0x3  unhandled_exception.o [4]
  .near_func.text    ro code  0x00a832     0x1  ebyte_e220x.o [1]
  .near_func.text    ro code  0x00a833     0x1  stm8l15x_it.o [1]
  .near_func.text    ro code  0x00a834     0x1  stm8l15x_it.o [1]
  .near_func.text    ro code  0x00a835     0x1  stm8l15x_it.o [1]
  .near_func.text    ro code  0x00a836     0x1  stm8l15x_it.o [1]
  .near_func.text    ro code  0x00a837     0x1  stm8l15x_it.o [1]
  .near_func.text    ro code  0x00a838     0x1  stm8l15x_it.o [1]
  .near_func.text    ro code  0x00a839     0x1  stm8l15x_it.o [1]
  .near_func.text    ro code  0x00a83a     0x1  stm8l15x_it.o [1]
  .near_func.text    ro code  0x00a83b     0x1  stm8l15x_it.o [1]
  .near_func.text    ro code  0x00a83c     0x1  stm8l15x_it.o [1]
  .near_func.text    ro code  0x00a83d     0x1  stm8l15x_it.o [1]
  .near_func.text    ro code  0x00a83e     0x1  stm8l15x_it.o [1]
  .near_func.text    ro code  0x00a83f     0x1  stm8l15x_it.o [1]
  .near_func.text    ro code  0x00a840     0x1  stm8l15x_it.o [1]
  .near_func.text    ro code  0x00a841     0x1  stm8l15x_it.o [1]
  .near_func.text    ro code  0x00a842     0x1  stm8l15x_it.o [1]
  .near_func.text    ro code  0x00a843     0x1  stm8l15x_it.o [1]
  .near_func.text    ro code  0x00a844     0x1  stm8l15x_it.o [1]
  .near_func.text    ro code  0x00a845     0x1  stm8l15x_it.o [1]
  .near_func.text    ro code  0x00a846     0x1  stm8l15x_it.o [1]
  .near_func.text    ro code  0x00a847     0x1  stm8l15x_it.o [1]
  .near_func.text    ro code  0x00a848     0x1  stm8l15x_it.o [1]
  .near_func.text    ro code  0x00a849     0x1  stm8l15x_it.o [1]
  .near_func.text    ro code  0x00a84a     0x1  __dbg_break.o [3]
                            - 0x00a84b  0x27cb


*******************************************************************************
*** INIT TABLE
***

          Address   Size
          -------   ----
Zero (__iar_zero_init2)
    1 destination range, total size 0x1da:
          0x000027  0x1da

Copy (__iar_copy_init2)
    1 source range, total size 0x17:
          0x00a62f   0x17
    1 destination range, total size 0x17:
          0x000010   0x17



*******************************************************************************
*** MODULE SUMMARY
***

    Module                 ro code  ro data  rw data
    ------                 -------  -------  -------
E:\0_Ebyte_Product\0_Ebyte\E15\E15-EVB02\Software\2021-05-06-Project\0_Project\IAR_for_Stm8\ExMx_Demo\E15-EVB02_E220-400M22S\Obj: [1]
    board.o                    558                23
    board_button.o             132
    board_mini_printf.o      1 142       28
    ebyte_callback.o            55
    ebyte_core.o                         18
    ebyte_debug.o              324       20
    ebyte_e220x.o            2 052       54      285
    ebyte_kfifo.o              788
    ebyte_port.o               184
    main.o                     759      265      175
    stm8l15x_clk.o             259        5
    stm8l15x_comp.o             14
    stm8l15x_exti.o             33
    stm8l15x_gpio.o            218
    stm8l15x_it.o              520                14
    stm8l15x_spi.o              78
    stm8l15x_syscfg.o           85
    stm8l15x_tim3.o             91
    stm8l15x_usart.o           434
    ------------------------------------------------
    Total:                   7 726      390      497

command line: [2]
    ------------------------------------------------
    Total:

dbgstm8smd.a: [3]
    __dbg_break.o                1
    __dbg_xxexit.o              20
    ------------------------------------------------
    Total:                      21

dlstm8smn.a: [4]
    cexit.o                      5
    cstartup.o                  19
    dc_util.o                   24
    exit.o                       3
    float.o                  1 155
    init.o                      20
    init_small.o                70
    interrupt.o                  3      128
    long.o                     239
    long_util.o                 68
    low_level_init.o             3
    move.o                      31
    short.o                     54
    unhandled_exception.o        3
    vreg_util.o                335
    vregs.o                                       16
    ------------------------------------------------
    Total:                   2 032      128       16

    Linker created                       18      256
----------------------------------------------------
    Grand Total:             9 779      536      769


*******************************************************************************
*** ENTRY LIST
***

Entry                    Address   Size  Type      Object
-----                    -------   ----  ----      ------
.iar.init_table$$Base   0x00a3e9          --   Gb  - Linker created -
.iar.init_table$$Limit  0x00a3fb          --   Gb  - Linker created -
?add32_l0_l0_0x         0x009417         Code  Gb  long.o [4]
?and32_l0_l0_0x         0x0094c2         Code  Gb  long.o [4]
?b0                     0x000000         Data  Gb  vregs.o [4]
?b1                     0x000001         Data  Gb  vregs.o [4]
?b10                    0x00000a         Data  Gb  vregs.o [4]
?b11                    0x00000b         Data  Gb  vregs.o [4]
?b12                    0x00000c         Data  Gb  vregs.o [4]
?b13                    0x00000d         Data  Gb  vregs.o [4]
?b14                    0x00000e         Data  Gb  vregs.o [4]
?b15                    0x00000f         Data  Gb  vregs.o [4]
?b2                     0x000002         Data  Gb  vregs.o [4]
?b3                     0x000003         Data  Gb  vregs.o [4]
?b4                     0x000004         Data  Gb  vregs.o [4]
?b5                     0x000005         Data  Gb  vregs.o [4]
?b6                     0x000006         Data  Gb  vregs.o [4]
?b7                     0x000007         Data  Gb  vregs.o [4]
?b8                     0x000008         Data  Gb  vregs.o [4]
?b9                     0x000009         Data  Gb  vregs.o [4]
?dc32_l1                0x00a617         Code  Gb  dc_util.o [4]
?dc32_px                0x00a624         Code  Gb  dc_util.o [4]
?dec32_0x_0x            0x009403         Code  Gb  long.o [4]
?dec32_l0_l0            0x0093fe         Code  Gb  long.o [4]
?e0                     0x000001         Data  Gb  vregs.o [4]
?e1                     0x000005         Data  Gb  vregs.o [4]
?e2                     0x000009         Data  Gb  vregs.o [4]
?e3                     0x00000d         Data  Gb  vregs.o [4]
?epilogue_l2            0x008ea9         Code  Gb  vreg_util.o [4]
?epilogue_l2_l3         0x008ea6         Code  Gb  vreg_util.o [4]
?epilogue_l2_w6         0x008ead         Code  Gb  vreg_util.o [4]
?epilogue_w4            0x008eb4         Code  Gb  vreg_util.o [4]
?fadd32_l0_l0_l1        0x0080a3         Code  Gb  float.o [4]
?fcastf32s16_l0_x       0x00831f         Code  Gb  float.o [4]
?fcastf32u16_l0_x       0x008326         Code  Gb  float.o [4]
?fcastf32u32_l0_l0      0x0083c9         Code  Gb  float.o [4]
?fcasts16f32_x_l0       0x008344         Code  Gb  float.o [4]
?fcastu32f32_l0_l0      0x008379         Code  Gb  float.o [4]
?fcmplt32_c_l0_0x       0x0082c9         Code  Gb  float.o [4]
?fcmplt32_c_l0_dc32     0x0082c4         Code  Gb  float.o [4]
?fdiv32_l0_l0_dc32      0x008211         Code  Gb  float.o [4]
?fdiv32_l0_l0_l1        0x008216         Code  Gb  float.o [4]
?fmul32_l0_l0_dc32      0x008171         Code  Gb  float.o [4]
?fmul32_l0_l0_l1        0x008176         Code  Gb  float.o [4]
?fsub32_l0_l0_l1        0x00809d         Code  Gb  float.o [4]
?inc32_0x_0x            0x0093f0         Code  Gb  long.o [4]
?inc32_l0_l0            0x0093eb         Code  Gb  long.o [4]
?l0                     0x000000         Data  Gb  vregs.o [4]
?l1                     0x000004         Data  Gb  vregs.o [4]
?l2                     0x000008         Data  Gb  vregs.o [4]
?l3                     0x00000c         Data  Gb  vregs.o [4]
?load32_0x_l0           0x009f37         Code  Gb  long_util.o [4]
?load32_0x_l1           0x009f45         Code  Gb  long_util.o [4]
?load32_l0_0x           0x009f0f         Code  Gb  long_util.o [4]
?load32_l1_0x           0x009f2b         Code  Gb  long_util.o [4]
?load32_l1_asp          0x009f20         Code  Gb  long_util.o [4]
?load32_l1_dbsp         0x009f1b         Code  Gb  long_util.o [4]
?load32_l1_xsp          0x009f22         Code  Gb  long_util.o [4]
?longfarg16_v_w0_a      0x00a447         Code  Gb  move.o [4]
?longfarg16_v_w0_x      0x00a449         Code  Gb  move.o [4]
?mov_e0_e1              0x008ee5         Code  Gb  vreg_util.o [4]
?mov_e0_e2              0x008ef2         Code  Gb  vreg_util.o [4]
?mov_e0_e3              0x008eff         Code  Gb  vreg_util.o [4]
?mov_e1_e0              0x008f0c         Code  Gb  vreg_util.o [4]
?mov_e1_e2              0x008f19         Code  Gb  vreg_util.o [4]
?mov_e1_e3              0x008f26         Code  Gb  vreg_util.o [4]
?mov_e2_e0              0x008f33         Code  Gb  vreg_util.o [4]
?mov_e3_e0              0x008f40         Code  Gb  vreg_util.o [4]
?mov_l0_l1              0x008ee2         Code  Gb  vreg_util.o [4]
?mov_l0_l2              0x008eef         Code  Gb  vreg_util.o [4]
?mov_l0_l3              0x008efc         Code  Gb  vreg_util.o [4]
?mov_l1_l0              0x008f09         Code  Gb  vreg_util.o [4]
?mov_l1_l2              0x008f16         Code  Gb  vreg_util.o [4]
?mov_l1_l3              0x008f23         Code  Gb  vreg_util.o [4]
?mov_l2_l0              0x008f30         Code  Gb  vreg_util.o [4]
?mov_l3_l0              0x008f3d         Code  Gb  vreg_util.o [4]
?mov_w0_w2              0x008eb8         Code  Gb  vreg_util.o [4]
?mov_w1_w0              0x008ebf         Code  Gb  vreg_util.o [4]
?mov_w1_w3              0x008ee8         Code  Gb  vreg_util.o [4]
?mov_w1_w5              0x008ef5         Code  Gb  vreg_util.o [4]
?mov_w1_w7              0x008f02         Code  Gb  vreg_util.o [4]
?mov_w2_w0              0x008ec6         Code  Gb  vreg_util.o [4]
?mov_w2_w1              0x008ecd         Code  Gb  vreg_util.o [4]
?mov_w2_w5              0x008ed4         Code  Gb  vreg_util.o [4]
?mov_w3_w1              0x008f0f         Code  Gb  vreg_util.o [4]
?mov_w3_w5              0x008f1c         Code  Gb  vreg_util.o [4]
?mov_w3_w7              0x008f29         Code  Gb  vreg_util.o [4]
?mov_w5_w0              0x008edb         Code  Gb  vreg_util.o [4]
?mov_w5_w1              0x008f36         Code  Gb  vreg_util.o [4]
?mov_w7_w1              0x008f43         Code  Gb  vreg_util.o [4]
?mov_w7_w5              0x008f4a         Code  Gb  vreg_util.o [4]
?move1616_v_x_y_a       0x00a43a         Code  Gb  move.o [4]
?pop_l0                 0x008e72         Code  Gb  vreg_util.o [4]
?pop_l1                 0x008e7d         Code  Gb  vreg_util.o [4]
?pop_l2                 0x008e88         Code  Gb  vreg_util.o [4]
?pop_l3                 0x008e93         Code  Gb  vreg_util.o [4]
?pop_w4                 0x008e24         Code  Gb  vreg_util.o [4]
?pop_w6                 0x008e2b         Code  Gb  vreg_util.o [4]
?pop_w7                 0x008e32         Code  Gb  vreg_util.o [4]
?push_l0                0x008e41         Code  Gb  vreg_util.o [4]
?push_l1                0x008e46         Code  Gb  vreg_util.o [4]
?push_l2                0x008e4b         Code  Gb  vreg_util.o [4]
?push_l3                0x008e50         Code  Gb  vreg_util.o [4]
?push_w4                0x008e02         Code  Gb  vreg_util.o [4]
?push_w6                0x008e07         Code  Gb  vreg_util.o [4]
?push_w7                0x008e0c         Code  Gb  vreg_util.o [4]
?sdiv16_x_x_y           0x00a0c8         Code  Gb  short.o [4]
?sll16_x_x_a            0x00a0f1         Code  Gb  short.o [4]
?smod16_y_x_y           0x00a0e1         Code  Gb  short.o [4]
?srl16_x_x_4            0x00a0f9         Code  Gb  short.o [4]
?sub32_l0_l0_0x         0x009432         Code  Gb  long.o [4]
?sub32_l0_l0_l1         0x00942f         Code  Gb  long.o [4]
?ucmp32_c_l0_l1         0x0094b7         Code  Gb  long.o [4]
?udiv32_l0_l0_l1        0x00944a         Code  Gb  long.o [4]
?umod32_l1_l0_l1        0x00944a         Code  Gb  long.o [4]
?w0                     0x000000         Data  Gb  vregs.o [4]
?w1                     0x000002         Data  Gb  vregs.o [4]
?w2                     0x000004         Data  Gb  vregs.o [4]
?w3                     0x000006         Data  Gb  vregs.o [4]
?w4                     0x000008         Data  Gb  vregs.o [4]
?w5                     0x00000a         Data  Gb  vregs.o [4]
?w6                     0x00000c         Data  Gb  vregs.o [4]
?w7                     0x00000e         Data  Gb  vregs.o [4]
ADC1_COMP_IRQHandler    0x00a5ff   0x18  Code  Gb  stm8l15x_it.o [1]
BSP_BTN_FIFO            0x0001c6   0x13  Data  Gb  board.o [1]
BTN_Event               0x0001fe    0x1  Data  Lc  main.o [1]
BufferPing              0x00001d    0x5  Data  Gb  main.o [1]
BufferPong              0x000022    0x5  Data  Gb  main.o [1]
Button1_TickCounter     0x0001f4    0x2  Data  Lc  stm8l15x_it.o [1]
Button2_TickCounter     0x0001f6    0x2  Data  Lc  stm8l15x_it.o [1]
CLK_GetClockFreq        0x009b0c   0x72  Code  Gb  stm8l15x_clk.o [1]
CLK_PeripheralClockConfig
                        0x009907   0x89  Code  Gb  stm8l15x_clk.o [1]
CLK_SYSCLKDivConfig     0x00a819    0x4  Code  Gb  stm8l15x_clk.o [1]
CLK_SYSCLKSourceConfig  0x00a815    0x4  Code  Gb  stm8l15x_clk.o [1]
COMP_ClearFlag          0x00a76e    0xe  Code  Gb  stm8l15x_comp.o [1]
CSTACK$$Base            0x000700          --   Gb  - Linker created -
CSTACK$$Limit           0x000800          --   Gb  - Linker created -
Callback_isPingCheckReady
                        0x0001fc    0x1  Data  Gb  main.o [1]
DMA1_CHANNEL0_1_IRQHandler
                        0x00a835    0x1  Code  Gb  stm8l15x_it.o [1]
DMA1_CHANNEL2_3_IRQHandler
                        0x00a836    0x1  Code  Gb  stm8l15x_it.o [1]
E220x_Calibrate         0x00871a    0xd  Code  Gb  ebyte_e220x.o [1]
E220x_CalibrateImage    0x009990   0x88  Code  Gb  ebyte_e220x.o [1]
E220x_CheckReady        0x00a154   0x14  Code  Gb  ebyte_e220x.o [1]
E220x_ClearIrqStatus    0x0087e7   0x18  Code  Gb  ebyte_e220x.o [1]
E220x_GetDriverVersion  0x00a81d    0x3  Code  Gb  ebyte_e220x.o [1]
E220x_GetIrqStatus      0x0088f1   0x25  Code  Gb  ebyte_e220x.o [1]
E220x_GetLoraPacketStatus
                        0x009a18   0x80  Code  Gb  ebyte_e220x.o [1]
E220x_GetName           0x00a80d    0x4  Code  Gb  ebyte_e220x.o [1]
E220x_GetOperatingMode  0x00a150    0x4  Code  Gb  ebyte_e220x.o [1]
E220x_GetPayload        0x00877b   0x3c  Code  Gb  ebyte_e220x.o [1]
E220x_GetRxBufferStatus
                        0x008738   0x3d  Code  Gb  ebyte_e220x.o [1]
E220x_GoReceive         0x008890   0x61  Code  Gb  ebyte_e220x.o [1]
E220x_GoSleep           0x00a7df    0x6  Code  Gb  ebyte_e220x.o [1]
E220x_GoTransmit        0x009f96   0x42  Code  Gb  ebyte_e220x.o [1]
E220x_Init              0x009bec   0x6a  Code  Gb  ebyte_e220x.o [1]
E220x_LoraBpsTable      0x00a5cf   0x18  Data  Lc  ebyte_e220x.o [1]
E220x_NameString        0x000010    0xd  Data  Lc  ebyte_e220x.o [1]
E220x_ReadBuffer        0x00869e   0x4b  Code  Gb  ebyte_e220x.o [1]
E220x_ReadCommand       0x00854e   0x44  Code  Gb  ebyte_e220x.o [1]
E220x_ReadRegister      0x008640   0x18  Code  Gb  ebyte_e220x.o [1]
E220x_ReadRegisters     0x0085f1   0x4f  Code  Gb  ebyte_e220x.o [1]
E220x_Reset             0x00a4cd   0x1b  Code  Gb  ebyte_e220x.o [1]
E220x_RfIoEnterRxMode   0x0086f2    0x9  Code  Gb  ebyte_e220x.o [1]
E220x_RfIoEnterTxMode   0x0086e9    0x9  Code  Gb  ebyte_e220x.o [1]
E220x_SetBufferBaseAddress
                        0x00a5e7   0x18  Code  Gb  ebyte_e220x.o [1]
E220x_SetDio2AsRfSwitchCtrl
                        0x008727   0x11  Code  Gb  ebyte_e220x.o [1]
E220x_SetDioIrqParams   0x0087b7   0x30  Code  Gb  ebyte_e220x.o [1]
E220x_SetLoraPacketParams
                        0x008858   0x38  Code  Gb  ebyte_e220x.o [1]
E220x_SetLoraSyncWord   0x008916   0x18  Code  Gb  ebyte_e220x.o [1]
E220x_SetModulationLoraParams
                        0x00a1ce   0x33  Code  Gb  ebyte_e220x.o [1]
E220x_SetPaConfig       0x00a3fb   0x20  Code  Gb  ebyte_e220x.o [1]
E220x_SetPacketType     0x00a646   0x16  Code  Gb  ebyte_e220x.o [1]
E220x_SetPayload        0x008775    0x6  Code  Gb  ebyte_e220x.o [1]
E220x_SetRegulatorMode  0x00a73f   0x11  Code  Gb  ebyte_e220x.o [1]
E220x_SetRfFrequency    0x009a98   0x74  Code  Gb  ebyte_e220x.o [1]
E220x_SetSleep          0x00892e   0x1d  Code  Gb  ebyte_e220x.o [1]
E220x_SetStandby        0x0086fb   0x1f  Code  Gb  ebyte_e220x.o [1]
E220x_SetTx             0x0087ff   0x59  Code  Gb  ebyte_e220x.o [1]
E220x_SetTxPaParams     0x009da4   0x51  Code  Gb  ebyte_e220x.o [1]
E220x_TaskForIRQ        0x00a832    0x1  Code  Gb  ebyte_e220x.o [1]
E220x_TaskForPoll       0x009cff   0x53  Code  Gb  ebyte_e220x.o [1]
E220x_WaitOnBusy        0x00a133    0x8  Code  Gb  ebyte_e220x.o [1]
E220x_Wakeup            0x00a13b   0x15  Code  Gb  ebyte_e220x.o [1]
E220x_WriteBuffer       0x008658   0x46  Code  Gb  ebyte_e220x.o [1]
E220x_WriteCommand      0x008503   0x4b  Code  Gb  ebyte_e220x.o [1]
E220x_WriteRegister     0x0085dc   0x15  Code  Gb  ebyte_e220x.o [1]
E220x_WriteRegisters    0x008592   0x4a  Code  Gb  ebyte_e220x.o [1]
EXTI0_IRQHandler        0x00a83b    0x1  Code  Gb  stm8l15x_it.o [1]
EXTI1_IRQHandler        0x00a83c    0x1  Code  Gb  stm8l15x_it.o [1]
EXTI2_IRQHandler        0x00a494   0x1d  Code  Gb  stm8l15x_it.o [1]
EXTI3_IRQHandler        0x00a584   0x19  Code  Gb  stm8l15x_it.o [1]
EXTI4_IRQHandler        0x00a59d   0x19  Code  Gb  stm8l15x_it.o [1]
EXTI5_IRQHandler        0x00a5b6   0x19  Code  Gb  stm8l15x_it.o [1]
EXTI6_IRQHandler        0x00a83d    0x1  Code  Gb  stm8l15x_it.o [1]
EXTI7_IRQHandler        0x00a83e    0x1  Code  Gb  stm8l15x_it.o [1]
EXTIB_G_IRQHandler      0x00a839    0x1  Code  Gb  stm8l15x_it.o [1]
EXTID_H_IRQHandler      0x00a83a    0x1  Code  Gb  stm8l15x_it.o [1]
EXTIE_F_PVD_IRQHandler  0x00a838    0x1  Code  Gb  stm8l15x_it.o [1]
EXTI_ClearITPendingBit  0x00a3a7   0x21  Code  Gb  stm8l15x_exti.o [1]
Ebyte_BSP_E22xE220xGPIO_Init
                        0x009d52   0x52  Code  Gb  board.o [1]
Ebyte_BSP_GPIO_Init     0x00a168   0x33  Code  Gb  board.o [1]
Ebyte_BSP_HSI_Init      0x00a7c0    0x9  Code  Gb  board.o [1]
Ebyte_BSP_Init          0x00a65c   0x15  Code  Gb  board.o [1]
Ebyte_BSP_LedControl    0x00a08e   0x3a  Code  Gb  board.o [1]
Ebyte_BSP_ReadButton    0x00a340   0x23  Code  Gb  board.o [1]
Ebyte_BSP_SPI_Init      0x009ecb   0x44  Code  Gb  board.o [1]
Ebyte_BSP_SpiTransAndRecv
                        0x00a72e   0x11  Code  Gb  board.o [1]
Ebyte_BSP_TIMER_Init    0x00a2d2   0x26  Code  Gb  board.o [1]
Ebyte_BSP_TimerDecrement
                        0x00a2f8   0x24  Code  Gb  board.o [1]
Ebyte_BSP_UART_Init     0x009cab   0x54  Code  Gb  board.o [1]
Ebyte_BSP_UartTransmit  0x00a019   0x3b  Code  Gb  board.o [1]
Ebyte_BTN_FIFO_Init     0x00a760    0xe  Code  Gb  board_button.o [1]
Ebyte_BTN_FIFO_Pop      0x00a19b   0x33  Code  Gb  board_button.o [1]
Ebyte_BTN_FIFO_Push     0x009f53   0x43  Code  Gb  board_button.o [1]
Ebyte_DEBUG_CommandEcho
                        0x00909f  0x144  Code  Gb  ebyte_debug.o [1]
Ebyte_FIFO_GetDataLength
                        0x00a4b1   0x1c  Code  Gb  ebyte_kfifo.o [1]
Ebyte_FIFO_Init         0x009e3d   0x47  Code  Gb  ebyte_kfifo.o [1]
Ebyte_FIFO_Read         0x008f51  0x14e  Code  Gb  ebyte_kfifo.o [1]
Ebyte_FIFO_Write        0x008c9f  0x163  Code  Gb  ebyte_kfifo.o [1]
Ebyte_Port_BusyIoRead   0x00a671   0x15  Code  Gb  ebyte_port.o [1]
Ebyte_Port_DelayMs      0x00a258   0x2b  Code  Gb  ebyte_port.o [1]
Ebyte_Port_ReceiveCallback
                        0x00a477   0x1d  Code  Gb  ebyte_callback.o [1]
Ebyte_Port_RstIoControl
                        0x00a51c   0x1a  Code  Gb  ebyte_port.o [1]
Ebyte_Port_RxenIoControl
                        0x00a550   0x1a  Code  Gb  ebyte_port.o [1]
Ebyte_Port_SpiCsIoControl
                        0x00a502   0x1a  Code  Gb  ebyte_port.o [1]
Ebyte_Port_SpiTransmitAndReceivce
                        0x00a750   0x10  Code  Gb  ebyte_port.o [1]
Ebyte_Port_TransmitCallback
                        0x00a4e8   0x1a  Code  Gb  ebyte_callback.o [1]
Ebyte_Port_TxenIoControl
                        0x00a536   0x1a  Code  Gb  ebyte_port.o [1]
Ebyte_RF                0x00a6d5   0x12  Data  Gb  ebyte_core.o [1]
Ebyte_TimerDelayCounter
                        0x0001e4    0x4  Data  Gb  board.o [1]
FIFO_TickCounter        0x0001f0    0x4  Data  Lc  stm8l15x_it.o [1]
FIFO_isTimeCheckReady   0x0001fb    0x1  Data  Gb  main.o [1]
FLASH_IRQHandler        0x00a834    0x1  Code  Gb  stm8l15x_it.o [1]
FrequencyError          0x0001e8    0x4  Data  Lc  ebyte_e220x.o [1]
GPIO_ExternalPullUpConfig
                        0x00a201   0x2c  Code  Gb  stm8l15x_gpio.o [1]
GPIO_Init               0x009879   0x8e  Code  Gb  stm8l15x_gpio.o [1]
GPIO_ReadInputDataBit   0x00a7d8    0x7  Code  Gb  stm8l15x_gpio.o [1]
GPIO_ToggleBits         0x00a7d1    0x7  Code  Gb  stm8l15x_gpio.o [1]
GPIO_WriteBit           0x00a70b   0x12  Code  Gb  stm8l15x_gpio.o [1]
I2C1_SPI2_IRQHandler    0x00a849    0x1  Code  Gb  stm8l15x_it.o [1]
INTVEC$$Base            0x008000          --   Gb  - Linker created -
INTVEC$$Limit           0x008080          --   Gb  - Linker created -
IT_Timer_ButtonCheck    0x009b7e   0x6e  Code  Gb  stm8l15x_it.o [1]
IT_Timer_UartCheck      0x00974a   0x9b  Code  Gb  stm8l15x_it.o [1]
LCD_AES_IRQHandler      0x00a83f    0x1  Code  Gb  stm8l15x_it.o [1]
OperatingMode           0x0001f8    0x1  Data  Lc  ebyte_e220x.o [1]
PC_isConnected          0x0001fd    0x1  Data  Gb  main.o [1]
PacketStatus            0x0001d9    0xb  Data  Lc  ebyte_e220x.o [1]
PacketType              0x0001f9    0x1  Data  Lc  ebyte_e220x.o [1]
PcEchoBuffer            0x0001b2   0x14  Data  Gb  main.o [1]
RTC_CSSLSE_IRQHandler   0x00a837    0x1  Code  Gb  stm8l15x_it.o [1]
RecvPacketBuffer        0x000027   0xff  Data  Lc  ebyte_e220x.o [1]
Region$$Table$$Base     0x00a3e9          --   Gb  - Linker created -
Region$$Table$$Limit    0x00a3fb          --   Gb  - Linker created -
SPI1_IRQHandler         0x00a847    0x1  Code  Gb  stm8l15x_it.o [1]
SPI_Cmd                 0x00a77c    0xd  Code  Gb  stm8l15x_spi.o [1]
SPI_Init                0x009fd8   0x41  Code  Gb  stm8l15x_spi.o [1]
SWITCH_CSS_BREAK_DAC_IRQHandler
                        0x00a840    0x1  Code  Gb  stm8l15x_it.o [1]
SYSCFG_REMAPPinConfig   0x009c56   0x55  Code  Gb  stm8l15x_syscfg.o [1]
SYSDivFactor            0x00a7f9    0x5  Data  Gb  stm8l15x_clk.o [1]
SimulatedCommandsButton1
                        0x00a7e5    0x5  Data  Gb  ebyte_debug.o [1]
SimulatedCommandsButton2
                        0x00a7ea    0x5  Data  Gb  ebyte_debug.o [1]
SimulatedCommandsWireless1
                        0x00a7ef    0x5  Data  Gb  ebyte_debug.o [1]
SimulatedCommandsWireless2
                        0x00a7f4    0x5  Data  Gb  ebyte_debug.o [1]
TIM1_CC_IRQHandler      0x00a845    0x1  Code  Gb  stm8l15x_it.o [1]
TIM1_UPD_OVF_TRG_COM_IRQHandler
                        0x00a844    0x1  Code  Gb  stm8l15x_it.o [1]
TIM2_CC_USART2_RX_IRQHandler
                        0x00a842    0x1  Code  Gb  stm8l15x_it.o [1]
TIM2_UPD_OVF_TRG_BRK_USART2_TX_IRQHandler
                        0x00a841    0x1  Code  Gb  stm8l15x_it.o [1]
TIM3_CC_USART3_RX_IRQHandler
                        0x00a843    0x1  Code  Gb  stm8l15x_it.o [1]
TIM3_ClearFlag          0x00a7ac    0xb  Code  Gb  stm8l15x_tim3.o [1]
TIM3_ClearITPendingBit  0x00a7fe    0x5  Code  Gb  stm8l15x_tim3.o [1]
TIM3_Cmd                0x00a789    0xd  Code  Gb  stm8l15x_tim3.o [1]
TIM3_ITConfig           0x00a56a   0x1a  Code  Gb  stm8l15x_tim3.o [1]
TIM3_TimeBaseInit       0x00a31c   0x24  Code  Gb  stm8l15x_tim3.o [1]
TIM3_UPD_OVF_TRG_BRK_USART3_TX_IRQHandler
                        0x00a3c8   0x21  Code  Gb  stm8l15x_it.o [1]
TIM4_UPD_OVF_TRG_IRQHandler
                        0x00a846    0x1  Code  Gb  stm8l15x_it.o [1]
TRAP_IRQHandler         0x00a833    0x1  Code  Gb  stm8l15x_it.o [1]
Task_Button             0x0094da   0xec  Code  Gb  main.o [1]
Task_Transmit           0x009690   0xba  Code  Gb  main.o [1]
TxBuffer                0x000172   0x40  Data  Gb  main.o [1]
USART1_RX_TIM5_CC_IRQHandler
                        0x009e84   0x47  Code  Gb  stm8l15x_it.o [1]
USART1_TX_TIM5_UPD_OVF_TRG_BRK_IRQHandler
                        0x00a848    0x1  Code  Gb  stm8l15x_it.o [1]
USART_ClearITPendingBit
                        0x00a803    0x5  Code  Gb  stm8l15x_usart.o [1]
USART_Cmd               0x00a2ab   0x27  Code  Gb  stm8l15x_usart.o [1]
USART_GetFlagStatus     0x00a385   0x22  Code  Gb  stm8l15x_usart.o [1]
USART_ITConfig          0x0097e5   0x94  Code  Gb  stm8l15x_usart.o [1]
USART_Init              0x0095c6   0xca  Code  Gb  stm8l15x_usart.o [1]
USART_ReceiveData8      0x00a820    0x3  Code  Gb  stm8l15x_usart.o [1]
USART_SendData8         0x00a823    0x3  Code  Gb  stm8l15x_usart.o [1]
Uart_TickCounter        0x0001ec    0x4  Data  Lc  stm8l15x_it.o [1]
Uart_isContinuousRecv   0x000200    0x1  Data  Lc  stm8l15x_it.o [1]
Uart_isInRecvState      0x0001ff    0x1  Data  Lc  stm8l15x_it.o [1]
Uart_isRecvReady        0x0001fa    0x1  Data  Gb  main.o [1]
UserReceiveDoneCallback
                        0x0091e3  0x105  Code  Gb  main.o [1]
UserTransmitDoneCallback
                        0x00a811    0x4  Code  Gb  main.o [1]
__DebugBreak            0x00a84a    0x1  Code  Gb  __dbg_break.o [3]
__exit                  0x00a6ae   0x14  Code  Gb  __dbg_xxexit.o [3]
__iar_copy_init2        0x00a283         Code  Gb  init_small.o [4]
__iar_data_init2        0x00a69a   0x14  Code  Gb  init.o [4]
__iar_program_start     0x00a6c2         Code  Gb  cstartup.o [4]
__iar_unhandled_exception
                        0x00a82f         Code  Gb  unhandled_exception.o [4]
__iar_zero_init2        0x00a459         Code  Gb  init_small.o [4]
__intvec                0x008000         Data  Gb  interrupt.o [4]
__low_level_init        0x00a829    0x3  Code  Gb  low_level_init.o [4]
_exit                   0x00a808         Code  Gb  cexit.o [4]
_interrupt_1            0x00a833         Code  Gb  stm8l15x_it.o [1]
_interrupt_10           0x00a83b         Code  Gb  stm8l15x_it.o [1]
_interrupt_11           0x00a83c         Code  Gb  stm8l15x_it.o [1]
_interrupt_12           0x00a494         Code  Gb  stm8l15x_it.o [1]
_interrupt_13           0x00a584         Code  Gb  stm8l15x_it.o [1]
_interrupt_14           0x00a59d         Code  Gb  stm8l15x_it.o [1]
_interrupt_15           0x00a5b6         Code  Gb  stm8l15x_it.o [1]
_interrupt_16           0x00a83d         Code  Gb  stm8l15x_it.o [1]
_interrupt_17           0x00a83e         Code  Gb  stm8l15x_it.o [1]
_interrupt_18           0x00a83f         Code  Gb  stm8l15x_it.o [1]
_interrupt_19           0x00a840         Code  Gb  stm8l15x_it.o [1]
_interrupt_20           0x00a5ff         Code  Gb  stm8l15x_it.o [1]
_interrupt_21           0x00a841         Code  Gb  stm8l15x_it.o [1]
_interrupt_22           0x00a842         Code  Gb  stm8l15x_it.o [1]
_interrupt_23           0x00a3c8         Code  Gb  stm8l15x_it.o [1]
_interrupt_24           0x00a843         Code  Gb  stm8l15x_it.o [1]
_interrupt_25           0x00a844         Code  Gb  stm8l15x_it.o [1]
_interrupt_26           0x00a845         Code  Gb  stm8l15x_it.o [1]
_interrupt_27           0x00a846         Code  Gb  stm8l15x_it.o [1]
_interrupt_28           0x00a847         Code  Gb  stm8l15x_it.o [1]
_interrupt_29           0x00a848         Code  Gb  stm8l15x_it.o [1]
_interrupt_3            0x00a834         Code  Gb  stm8l15x_it.o [1]
_interrupt_30           0x009e84         Code  Gb  stm8l15x_it.o [1]
_interrupt_31           0x00a849         Code  Gb  stm8l15x_it.o [1]
_interrupt_4            0x00a835         Code  Gb  stm8l15x_it.o [1]
_interrupt_5            0x00a836         Code  Gb  stm8l15x_it.o [1]
_interrupt_6            0x00a837         Code  Gb  stm8l15x_it.o [1]
_interrupt_7            0x00a838         Code  Gb  stm8l15x_it.o [1]
_interrupt_8            0x00a839         Code  Gb  stm8l15x_it.o [1]
_interrupt_9            0x00a83a         Code  Gb  stm8l15x_it.o [1]
exit                    0x00a82c    0x3  Code  Gb  exit.o [4]
hfifo                   0x000126   0x4c  Data  Gb  main.o [1]
main                    0x009df5   0x48  Code  Gb  main.o [1]
mprintf                 0x008b3b  0x164  Code  Gb  board_mini_printf.o [1]
send_uart_data          0x00a41b   0x1f  Code  Lc  board_mini_printf.o [1]
sky_ftoa                0x00894b  0x1f0  Code  Lc  board_mini_printf.o [1]
sky_itoa                0x0092e8  0x103  Code  Lc  board_mini_printf.o [1]


[1] = E:\0_Ebyte_Product\0_Ebyte\E15\E15-EVB02\Software\2021-05-06-Project\0_Project\IAR_for_Stm8\ExMx_Demo\E15-EVB02_E220-400M22S\Obj
[2] = command line
[3] = dbgstm8smd.a
[4] = dlstm8smn.a

  9 779 bytes of readonly  code memory
    536 bytes of readonly  data memory
    769 bytes of readwrite data memory

Errors: none
Warnings: none
