###############################################################################
#
# IAR ELF Linker V3.10.1.201 for STM8                     07/Jul/2021  13:44:42
# Copyright 2010-2017 IAR Systems AB.
#
#    Output file  =  
#        E:\0_Ebyte_Product\0_Ebyte\E15\E15-EVB02\Software\2021-05-06-Project\0_Project\IAR_for_Stm8\ExMx_Demo\E15-EVB02_E10-400M20S\Exe\project.out
#    Map file     =  
#        E:\0_Ebyte_Product\0_Ebyte\E15\E15-EVB02\Software\2021-05-06-Project\0_Project\IAR_for_Stm8\ExMx_Demo\E15-EVB02_E10-400M20S\List\project.map
#    Command line =  
#        -f C:\Users\529880~1\AppData\Local\Temp\EWC02A.tmp
#        (E:\0_Ebyte_Product\0_Ebyte\E15\E15-EVB02\Software\2021-05-06-Project\0_Project\IAR_for_Stm8\ExMx_Demo\E15-EVB02_E10-400M20S\Obj\board.o
#        E:\0_Ebyte_Product\0_Ebyte\E15\E15-EVB02\Software\2021-05-06-Project\0_Project\IAR_for_Stm8\ExMx_Demo\E15-EVB02_E10-400M20S\Obj\board_button.o
#        E:\0_Ebyte_Product\0_Ebyte\E15\E15-EVB02\Software\2021-05-06-Project\0_Project\IAR_for_Stm8\ExMx_Demo\E15-EVB02_E10-400M20S\Obj\board_mini_printf.o
#        E:\0_Ebyte_Product\0_Ebyte\E15\E15-EVB02\Software\2021-05-06-Project\0_Project\IAR_for_Stm8\ExMx_Demo\E15-EVB02_E10-400M20S\Obj\ebyte_callback.o
#        E:\0_Ebyte_Product\0_Ebyte\E15\E15-EVB02\Software\2021-05-06-Project\0_Project\IAR_for_Stm8\ExMx_Demo\E15-EVB02_E10-400M20S\Obj\ebyte_core.o
#        E:\0_Ebyte_Product\0_Ebyte\E15\E15-EVB02\Software\2021-05-06-Project\0_Project\IAR_for_Stm8\ExMx_Demo\E15-EVB02_E10-400M20S\Obj\ebyte_debug.o
#        E:\0_Ebyte_Product\0_Ebyte\E15\E15-EVB02\Software\2021-05-06-Project\0_Project\IAR_for_Stm8\ExMx_Demo\E15-EVB02_E10-400M20S\Obj\ebyte_e10x.o
#        E:\0_Ebyte_Product\0_Ebyte\E15\E15-EVB02\Software\2021-05-06-Project\0_Project\IAR_for_Stm8\ExMx_Demo\E15-EVB02_E10-400M20S\Obj\ebyte_kfifo.o
#        E:\0_Ebyte_Product\0_Ebyte\E15\E15-EVB02\Software\2021-05-06-Project\0_Project\IAR_for_Stm8\ExMx_Demo\E15-EVB02_E10-400M20S\Obj\ebyte_port.o
#        E:\0_Ebyte_Product\0_Ebyte\E15\E15-EVB02\Software\2021-05-06-Project\0_Project\IAR_for_Stm8\ExMx_Demo\E15-EVB02_E10-400M20S\Obj\main.o
#        E:\0_Ebyte_Product\0_Ebyte\E15\E15-EVB02\Software\2021-05-06-Project\0_Project\IAR_for_Stm8\ExMx_Demo\E15-EVB02_E10-400M20S\Obj\stm8l15x_adc.o
#        E:\0_Ebyte_Product\0_Ebyte\E15\E15-EVB02\Software\2021-05-06-Project\0_Project\IAR_for_Stm8\ExMx_Demo\E15-EVB02_E10-400M20S\Obj\stm8l15x_aes.o
#        E:\0_Ebyte_Product\0_Ebyte\E15\E15-EVB02\Software\2021-05-06-Project\0_Project\IAR_for_Stm8\ExMx_Demo\E15-EVB02_E10-400M20S\Obj\stm8l15x_beep.o
#        E:\0_Ebyte_Product\0_Ebyte\E15\E15-EVB02\Software\2021-05-06-Project\0_Project\IAR_for_Stm8\ExMx_Demo\E15-EVB02_E10-400M20S\Obj\stm8l15x_clk.o
#        E:\0_Ebyte_Product\0_Ebyte\E15\E15-EVB02\Software\2021-05-06-Project\0_Project\IAR_for_Stm8\ExMx_Demo\E15-EVB02_E10-400M20S\Obj\stm8l15x_comp.o
#        E:\0_Ebyte_Product\0_Ebyte\E15\E15-EVB02\Software\2021-05-06-Project\0_Project\IAR_for_Stm8\ExMx_Demo\E15-EVB02_E10-400M20S\Obj\stm8l15x_dac.o
#        E:\0_Ebyte_Product\0_Ebyte\E15\E15-EVB02\Software\2021-05-06-Project\0_Project\IAR_for_Stm8\ExMx_Demo\E15-EVB02_E10-400M20S\Obj\stm8l15x_dma.o
#        E:\0_Ebyte_Product\0_Ebyte\E15\E15-EVB02\Software\2021-05-06-Project\0_Project\IAR_for_Stm8\ExMx_Demo\E15-EVB02_E10-400M20S\Obj\stm8l15x_exti.o
#        E:\0_Ebyte_Product\0_Ebyte\E15\E15-EVB02\Software\2021-05-06-Project\0_Project\IAR_for_Stm8\ExMx_Demo\E15-EVB02_E10-400M20S\Obj\stm8l15x_flash.o
#        E:\0_Ebyte_Product\0_Ebyte\E15\E15-EVB02\Software\2021-05-06-Project\0_Project\IAR_for_Stm8\ExMx_Demo\E15-EVB02_E10-400M20S\Obj\stm8l15x_gpio.o
#        E:\0_Ebyte_Product\0_Ebyte\E15\E15-EVB02\Software\2021-05-06-Project\0_Project\IAR_for_Stm8\ExMx_Demo\E15-EVB02_E10-400M20S\Obj\stm8l15x_i2c.o
#        E:\0_Ebyte_Product\0_Ebyte\E15\E15-EVB02\Software\2021-05-06-Project\0_Project\IAR_for_Stm8\ExMx_Demo\E15-EVB02_E10-400M20S\Obj\stm8l15x_irtim.o
#        E:\0_Ebyte_Product\0_Ebyte\E15\E15-EVB02\Software\2021-05-06-Project\0_Project\IAR_for_Stm8\ExMx_Demo\E15-EVB02_E10-400M20S\Obj\stm8l15x_it.o
#        E:\0_Ebyte_Product\0_Ebyte\E15\E15-EVB02\Software\2021-05-06-Project\0_Project\IAR_for_Stm8\ExMx_Demo\E15-EVB02_E10-400M20S\Obj\stm8l15x_iwdg.o
#        E:\0_Ebyte_Product\0_Ebyte\E15\E15-EVB02\Software\2021-05-06-Project\0_Project\IAR_for_Stm8\ExMx_Demo\E15-EVB02_E10-400M20S\Obj\stm8l15x_lcd.o
#        E:\0_Ebyte_Product\0_Ebyte\E15\E15-EVB02\Software\2021-05-06-Project\0_Project\IAR_for_Stm8\ExMx_Demo\E15-EVB02_E10-400M20S\Obj\stm8l15x_pwr.o
#        E:\0_Ebyte_Product\0_Ebyte\E15\E15-EVB02\Software\2021-05-06-Project\0_Project\IAR_for_Stm8\ExMx_Demo\E15-EVB02_E10-400M20S\Obj\stm8l15x_rst.o
#        E:\0_Ebyte_Product\0_Ebyte\E15\E15-EVB02\Software\2021-05-06-Project\0_Project\IAR_for_Stm8\ExMx_Demo\E15-EVB02_E10-400M20S\Obj\stm8l15x_rtc.o
#        E:\0_Ebyte_Product\0_Ebyte\E15\E15-EVB02\Software\2021-05-06-Project\0_Project\IAR_for_Stm8\ExMx_Demo\E15-EVB02_E10-400M20S\Obj\stm8l15x_spi.o
#        E:\0_Ebyte_Product\0_Ebyte\E15\E15-EVB02\Software\2021-05-06-Project\0_Project\IAR_for_Stm8\ExMx_Demo\E15-EVB02_E10-400M20S\Obj\stm8l15x_syscfg.o
#        E:\0_Ebyte_Product\0_Ebyte\E15\E15-EVB02\Software\2021-05-06-Project\0_Project\IAR_for_Stm8\ExMx_Demo\E15-EVB02_E10-400M20S\Obj\stm8l15x_tim1.o
#        E:\0_Ebyte_Product\0_Ebyte\E15\E15-EVB02\Software\2021-05-06-Project\0_Project\IAR_for_Stm8\ExMx_Demo\E15-EVB02_E10-400M20S\Obj\stm8l15x_tim2.o
#        E:\0_Ebyte_Product\0_Ebyte\E15\E15-EVB02\Software\2021-05-06-Project\0_Project\IAR_for_Stm8\ExMx_Demo\E15-EVB02_E10-400M20S\Obj\stm8l15x_tim3.o
#        E:\0_Ebyte_Product\0_Ebyte\E15\E15-EVB02\Software\2021-05-06-Project\0_Project\IAR_for_Stm8\ExMx_Demo\E15-EVB02_E10-400M20S\Obj\stm8l15x_tim4.o
#        E:\0_Ebyte_Product\0_Ebyte\E15\E15-EVB02\Software\2021-05-06-Project\0_Project\IAR_for_Stm8\ExMx_Demo\E15-EVB02_E10-400M20S\Obj\stm8l15x_tim5.o
#        E:\0_Ebyte_Product\0_Ebyte\E15\E15-EVB02\Software\2021-05-06-Project\0_Project\IAR_for_Stm8\ExMx_Demo\E15-EVB02_E10-400M20S\Obj\stm8l15x_usart.o
#        E:\0_Ebyte_Product\0_Ebyte\E15\E15-EVB02\Software\2021-05-06-Project\0_Project\IAR_for_Stm8\ExMx_Demo\E15-EVB02_E10-400M20S\Obj\stm8l15x_wfe.o
#        E:\0_Ebyte_Product\0_Ebyte\E15\E15-EVB02\Software\2021-05-06-Project\0_Project\IAR_for_Stm8\ExMx_Demo\E15-EVB02_E10-400M20S\Obj\stm8l15x_wwdg.o
#        --redirect _Printf=_PrintfSmall --redirect _Scanf=_ScanfSmall -o
#        E:\0_Ebyte_Product\0_Ebyte\E15\E15-EVB02\Software\2021-05-06-Project\0_Project\IAR_for_Stm8\ExMx_Demo\E15-EVB02_E10-400M20S\Exe\project.out
#        --map
#        E:\0_Ebyte_Product\0_Ebyte\E15\E15-EVB02\Software\2021-05-06-Project\0_Project\IAR_for_Stm8\ExMx_Demo\E15-EVB02_E10-400M20S\List\project.map
#        --config
#        F:\01_JH_Software\IAR\Install_ForStm8\stm8\config\lnkstm8l151g4.icf
#        --config_def _CSTACK_SIZE=0x100 --config_def _HEAP_SIZE=0x100 --entry
#        __iar_program_start --debug_lib)
#
###############################################################################

*******************************************************************************
*** RUNTIME MODEL ATTRIBUTES
***

__SystemLibrary            = DLib
__code_model               = small
__core                     = stm8
__data_model               = medium
__dlib_file_descriptor     = 0
__dlib_full_locale_support = 0
__rt_version               = 4


*******************************************************************************
*** PLACEMENT SUMMARY
***

"A0":  place at start of [0x000000-0x0000ff] { rw section .vregs };
"A1":  place at end of [0x000000-0x0007ff] { block CSTACK };
"P2":  place in [from 0x000000 to 0x0007ff] {
          block HEAP, rw section __DLIB_PERTHREAD, rw section .far.bss,
          rw section .far.data, rw section .far.noinit,
          rw section .far_func.textrw, rw section .huge.bss,
          rw section .huge.data, rw section .huge.noinit,
          rw section .huge_func.textrw, rw section .iar.dynexit,
          rw section .near.bss, rw section .near.data, rw section .near.noinit,
          rw section .near_func.textrw };
"A2":  place at start of [0x008000-0x00bfff] { block INTVEC };
"P3":  place in [from 0x008000 to 0x00bfff] {
          ro section __DLIB_PERTHREAD_init, ro section .far.data_init,
          ro section .far_func.textrw_init, ro section .huge.data_init,
          ro section .huge_func.textrw_init, ro section .iar.init_table,
          ro section .init_array, ro section .near.data_init,
          ro section .near.rodata, ro section .near_func.text,
          ro section .near_func.textrw_init, ro section .tiny.data_init,
          ro section .tiny.rodata_init };
"P4":  place in [from 0x008000 to 0x00bfff] {
          ro section .far.rodata, ro section .far_func.text };
"P5":  place in [from 0x008000 to 0x00bfff] {
          ro section .huge.rodata, ro section .huge_func.text };
do not initialize {
   rw section .eeprom.noinit, rw section .far.noinit, rw section .huge.noinit,
   rw section .near.noinit, rw section .tiny.noinit, rw section .vregs };
initialize by copy {
   rw section .far.bss, rw section .far.data, rw section .far_func.textrw,
   rw section .huge.bss, rw section .huge.data, rw section .huge_func.textrw,
   rw section .iar.dynexit, rw section .near.bss, rw section .near.data,
   rw section .near_func.textrw, rw section .tiny.bss, rw section .tiny.data,
   ro section .tiny.rodata };

  Section            Kind      Address    Size  Object
  -------            ----      -------    ----  ------
"A0":                                     0x10
  .vregs             uninit   0x000000    0x10  vregs.o [4]
                            - 0x000010    0x10

"P2", part 1 of 2:                        0x16
  P2-1                        0x000010    0x16  <Init block>
    .near.data       inited   0x000010     0xc  ebyte_e10x.o [1]
    .near.data       inited   0x00001c     0x5  main.o [1]
    .near.data       inited   0x000021     0x5  main.o [1]
                            - 0x000026    0x16

"P2", part 2 of 2:                       0x115
  .near.bss          zero     0x000026    0x4c  main.o [1]
  .near.bss          zero     0x000072    0x40  ebyte_e10x.o [1]
  .near.bss          zero     0x0000b2    0x40  main.o [1]
  .near.bss          zero     0x0000f2    0x14  main.o [1]
  .near.bss          zero     0x000106    0x13  board.o [1]
  .near.bss          zero     0x000119     0xa  ebyte_e10x.o [1]
  .near.bss          zero     0x000123     0x4  board.o [1]
  .near.bss          zero     0x000127     0x4  stm8l15x_it.o [1]
  .near.bss          zero     0x00012b     0x4  stm8l15x_it.o [1]
  .near.bss          zero     0x00012f     0x2  stm8l15x_it.o [1]
  .near.bss          zero     0x000131     0x2  stm8l15x_it.o [1]
  .near.bss          zero     0x000133     0x1  ebyte_e10x.o [1]
  .near.bss          zero     0x000134     0x1  main.o [1]
  .near.bss          zero     0x000135     0x1  main.o [1]
  .near.bss          zero     0x000136     0x1  main.o [1]
  .near.bss          zero     0x000137     0x1  main.o [1]
  .near.bss          zero     0x000138     0x1  main.o [1]
  .near.bss          zero     0x000139     0x1  stm8l15x_it.o [1]
  .near.bss          zero     0x00013a     0x1  stm8l15x_it.o [1]
                            - 0x00013b   0x115

"A1":                                    0x100
  CSTACK                      0x000700   0x100  <Block>
    CSTACK           uninit   0x000700   0x100  <Block tail>
                            - 0x000800   0x100

"A2":                                     0x80
  INTVEC                      0x008000    0x80  <Block>
    .intvec          const    0x008000    0x80  interrupt.o [4]
                            - 0x008080    0x80

"P3-P5":                                0x27aa
  .near.rodata       const    0x008080   0x3c9  ebyte_e10x.o [1]
  .near_func.text    ro code  0x008449   0x32d  float.o [4]
  .near_func.text    ro code  0x008776   0x2a6  ebyte_debug.o [1]
  .near_func.text    ro code  0x008a1c   0x1f0  board_mini_printf.o [1]
  .near_func.text    ro code  0x008c0c   0x164  board_mini_printf.o [1]
  .near_func.text    ro code  0x008d70   0x163  ebyte_kfifo.o [1]
  .near_func.text    ro code  0x008ed3   0x14e  ebyte_kfifo.o [1]
  .near_func.text    ro code  0x009021   0x14d  vreg_util.o [4]
  .near_func.text    ro code  0x00916e   0x126  long.o [4]
  .near_func.text    ro code  0x009294   0x105  main.o [1]
  .near_func.text    ro code  0x009399   0x103  board_mini_printf.o [1]
  .near_func.text    ro code  0x00949c    0xec  main.o [1]
  .near_func.text    ro code  0x009588    0xca  stm8l15x_usart.o [1]
  .near_func.text    ro code  0x009652    0xc5  main.o [1]
  .near_func.text    ro code  0x009717    0x9b  stm8l15x_it.o [1]
  .near_func.text    ro code  0x0097b2    0x94  stm8l15x_usart.o [1]
  .near_func.text    ro code  0x009846    0x8e  ebyte_e10x.o [1]
  .near_func.text    ro code  0x0098d4    0x8e  stm8l15x_gpio.o [1]
  .near_func.text    ro code  0x009962    0x89  stm8l15x_clk.o [1]
  .near_func.text    ro code  0x0099eb    0x74  ebyte_e10x.o [1]
  .near_func.text    ro code  0x009a5f    0x72  stm8l15x_clk.o [1]
  .near_func.text    ro code  0x009ad1    0x6e  stm8l15x_it.o [1]
  .near_func.text    ro code  0x009b3f    0x6a  ebyte_e10x.o [1]
  .near_func.text    ro code  0x009ba9    0x65  ebyte_e10x.o [1]
  .near_func.text    ro code  0x009c0e    0x55  stm8l15x_syscfg.o [1]
  .near_func.text    ro code  0x009c63    0x54  board.o [1]
  .near_func.text    ro code  0x009cb7    0x54  long_util.o [4]
  .near_func.text    ro code  0x009d0b    0x50  ebyte_e10x.o [1]
  .near_func.text    ro code  0x009d5b    0x48  main.o [1]
  .near_func.text    ro code  0x009da3    0x47  ebyte_kfifo.o [1]
  .near_func.text    ro code  0x009dea    0x47  stm8l15x_it.o [1]
  .near_func.text    ro code  0x009e31    0x44  board.o [1]
  .near_func.text    ro code  0x009e75    0x44  ebyte_e10x.o [1]
  .near_func.text    ro code  0x009eb9    0x43  board_button.o [1]
  .near_func.text    ro code  0x009efc    0x42  ebyte_e10x.o [1]
  .near_func.text    ro code  0x009f3e    0x41  stm8l15x_spi.o [1]
  .near_func.text    ro code  0x009f7f    0x3c  ebyte_e10x.o [1]
  .near_func.text    ro code  0x009fbb    0x3b  board.o [1]
  .near_func.text    ro code  0x009ff6    0x3b  ebyte_e10x.o [1]
  .near.rodata       const    0x00a031    0x3a  main.o [1]
  .near_func.text    ro code  0x00a06b    0x3a  board.o [1]
  .near_func.text    ro code  0x00a0a5    0x37  ebyte_e10x.o [1]
  .near_func.text    ro code  0x00a0dc    0x36  short.o [4]
  .near.rodata       const    0x00a112    0x35  main.o [1]
  .near_func.text    ro code  0x00a147    0x33  board.o [1]
  .near_func.text    ro code  0x00a17a    0x33  board_button.o [1]
  .near_func.text    ro code  0x00a1ad    0x2e  ebyte_e10x.o [1]
  .near_func.text    ro code  0x00a1db    0x2d  ebyte_e10x.o [1]
  .near_func.text    ro code  0x00a208    0x2d  ebyte_e10x.o [1]
  .near_func.text    ro code  0x00a235    0x2c  ebyte_e10x.o [1]
  .near_func.text    ro code  0x00a261    0x2c  stm8l15x_gpio.o [1]
  .near.rodata       const    0x00a28d    0x2b  main.o [1]
  .near_func.text    ro code  0x00a2b8    0x2b  ebyte_port.o [1]
  .near_func.text    ro code  0x00a2e3    0x28  init_small.o [4]
  .near_func.text    ro code  0x00a30b    0x27  stm8l15x_usart.o [1]
  .near_func.text    ro code  0x00a332    0x26  board.o [1]
  .near_func.text    ro code  0x00a358    0x24  board.o [1]
  .near_func.text    ro code  0x00a37c    0x24  board.o [1]
  .near_func.text    ro code  0x00a3a0    0x24  stm8l15x_tim3.o [1]
  .near_func.text    ro code  0x00a3c4    0x23  board.o [1]
  .near_func.text    ro code  0x00a3e7    0x23  ebyte_e10x.o [1]
  .near.rodata       const    0x00a40a    0x22  main.o [1]
  .near_func.text    ro code  0x00a42c    0x22  stm8l15x_usart.o [1]
  .near_func.text    ro code  0x00a44e    0x21  stm8l15x_exti.o [1]
  .near_func.text    ro code  0x00a46f    0x21  stm8l15x_it.o [1]
  .iar.init_table    const    0x00a490    0x12  - Linker created -
  .near_func.text    ro code  0x00a4a2    0x1f  board_mini_printf.o [1]
  .near_func.text    ro code  0x00a4c1    0x1e  init_small.o [4]
  .near_func.text    ro code  0x00a4df    0x1d  ebyte_callback.o [1]
  .near_func.text    ro code  0x00a4fc    0x1d  stm8l15x_it.o [1]
  .near_func.text    ro code  0x00a519    0x1c  ebyte_kfifo.o [1]
  .near_func.text    ro code  0x00a535    0x1a  ebyte_callback.o [1]
  .near_func.text    ro code  0x00a54f    0x1a  ebyte_port.o [1]
  .near_func.text    ro code  0x00a569    0x1a  ebyte_port.o [1]
  .near_func.text    ro code  0x00a583    0x1a  stm8l15x_tim3.o [1]
  .near_func.text    ro code  0x00a59d    0x19  stm8l15x_it.o [1]
  .near_func.text    ro code  0x00a5b6    0x19  stm8l15x_it.o [1]
  .near_func.text    ro code  0x00a5cf    0x19  stm8l15x_it.o [1]
  .near_func.text    ro code  0x00a5e8    0x18  board.o [1]
  .near_func.text    ro code  0x00a600    0x18  stm8l15x_it.o [1]
  .near_func.text    ro code  0x00a618    0x18  dc_util.o [4]
  Initializer bytes  const    0x00a630    0x16  <for P2-1>
  .near_func.text    ro code  0x00a646    0x15  board.o [1]
  .near.rodata       const    0x00a65b    0x14  main.o [1]
  .near_func.text    ro code  0x00a66f    0x14  ebyte_e10x.o [1]
  .near_func.text    ro code  0x00a683    0x14  init.o [4]
  .near_func.text    ro code  0x00a697    0x14  __dbg_xxexit.o [3]
  .near_func.text    ro code  0x00a6ab    0x13  cstartup.o [4]
  .near.rodata       const    0x00a6be    0x12  ebyte_core.o [1]
  .near.rodata       const    0x00a6d0    0x12  main.o [1]
  .near.rodata       const    0x00a6e2    0x12  main.o [1]
  .near_func.text    ro code  0x00a6f4    0x12  stm8l15x_gpio.o [1]
  .near.rodata       const    0x00a706    0x11  board_mini_printf.o [1]
  .near_func.text    ro code  0x00a717    0x11  board.o [1]
  .near_func.text    ro code  0x00a728    0x10  ebyte_port.o [1]
  .near_func.text    ro code  0x00a738     0xe  board_button.o [1]
  .near_func.text    ro code  0x00a746     0xe  stm8l15x_comp.o [1]
  .near_func.text    ro code  0x00a754     0xd  ebyte_e10x.o [1]
  .near_func.text    ro code  0x00a761     0xd  stm8l15x_spi.o [1]
  .near_func.text    ro code  0x00a76e     0xd  stm8l15x_tim3.o [1]
  .near_func.text    ro code  0x00a77b     0xd  move.o [4]
  .near.rodata       const    0x00a788     0xb  board_mini_printf.o [1]
  .near.rodata       const    0x00a793     0xb  main.o [1]
  .near_func.text    ro code  0x00a79e     0xb  stm8l15x_tim3.o [1]
  .near_func.text    ro code  0x00a7a9     0x9  board.o [1]
  .near_func.text    ro code  0x00a7b2     0x7  stm8l15x_gpio.o [1]
  .near_func.text    ro code  0x00a7b9     0x7  stm8l15x_gpio.o [1]
  .near.rodata       const    0x00a7c0     0x5  ebyte_debug.o [1]
  .near.rodata       const    0x00a7c5     0x5  ebyte_debug.o [1]
  .near.rodata       const    0x00a7ca     0x5  ebyte_debug.o [1]
  .near.rodata       const    0x00a7cf     0x5  ebyte_debug.o [1]
  .near.rodata       const    0x00a7d4     0x5  stm8l15x_clk.o [1]
  .near_func.text    ro code  0x00a7d9     0x5  stm8l15x_tim3.o [1]
  .near_func.text    ro code  0x00a7de     0x5  stm8l15x_usart.o [1]
  .near_func.text    ro code  0x00a7e3     0x5  cexit.o [4]
  .near_func.text    ro code  0x00a7e8     0x4  ebyte_e10x.o [1]
  .near_func.text    ro code  0x00a7ec     0x4  ebyte_e10x.o [1]
  .near_func.text    ro code  0x00a7f0     0x4  main.o [1]
  .near_func.text    ro code  0x00a7f4     0x4  stm8l15x_clk.o [1]
  .near_func.text    ro code  0x00a7f8     0x4  stm8l15x_clk.o [1]
  .near_func.text    ro code  0x00a7fc     0x3  ebyte_e10x.o [1]
  .near_func.text    ro code  0x00a7ff     0x3  stm8l15x_usart.o [1]
  .near_func.text    ro code  0x00a802     0x3  stm8l15x_usart.o [1]
  .near_func.text    ro code  0x00a805     0x3  interrupt.o [4]
  .near_func.text    ro code  0x00a808     0x3  low_level_init.o [4]
  .near_func.text    ro code  0x00a80b     0x3  exit.o [4]
  .near_func.text    ro code  0x00a80e     0x3  unhandled_exception.o [4]
  .near_func.text    ro code  0x00a811     0x1  ebyte_e10x.o [1]
  .near_func.text    ro code  0x00a812     0x1  stm8l15x_it.o [1]
  .near_func.text    ro code  0x00a813     0x1  stm8l15x_it.o [1]
  .near_func.text    ro code  0x00a814     0x1  stm8l15x_it.o [1]
  .near_func.text    ro code  0x00a815     0x1  stm8l15x_it.o [1]
  .near_func.text    ro code  0x00a816     0x1  stm8l15x_it.o [1]
  .near_func.text    ro code  0x00a817     0x1  stm8l15x_it.o [1]
  .near_func.text    ro code  0x00a818     0x1  stm8l15x_it.o [1]
  .near_func.text    ro code  0x00a819     0x1  stm8l15x_it.o [1]
  .near_func.text    ro code  0x00a81a     0x1  stm8l15x_it.o [1]
  .near_func.text    ro code  0x00a81b     0x1  stm8l15x_it.o [1]
  .near_func.text    ro code  0x00a81c     0x1  stm8l15x_it.o [1]
  .near_func.text    ro code  0x00a81d     0x1  stm8l15x_it.o [1]
  .near_func.text    ro code  0x00a81e     0x1  stm8l15x_it.o [1]
  .near_func.text    ro code  0x00a81f     0x1  stm8l15x_it.o [1]
  .near_func.text    ro code  0x00a820     0x1  stm8l15x_it.o [1]
  .near_func.text    ro code  0x00a821     0x1  stm8l15x_it.o [1]
  .near_func.text    ro code  0x00a822     0x1  stm8l15x_it.o [1]
  .near_func.text    ro code  0x00a823     0x1  stm8l15x_it.o [1]
  .near_func.text    ro code  0x00a824     0x1  stm8l15x_it.o [1]
  .near_func.text    ro code  0x00a825     0x1  stm8l15x_it.o [1]
  .near_func.text    ro code  0x00a826     0x1  stm8l15x_it.o [1]
  .near_func.text    ro code  0x00a827     0x1  stm8l15x_it.o [1]
  .near_func.text    ro code  0x00a828     0x1  stm8l15x_it.o [1]
  .near_func.text    ro code  0x00a829     0x1  __dbg_break.o [3]
                            - 0x00a82a  0x27aa


*******************************************************************************
*** INIT TABLE
***

          Address   Size
          -------   ----
Zero (__iar_zero_init2)
    1 destination range, total size 0x115:
          0x000026  0x115

Copy (__iar_copy_init2)
    1 source range, total size 0x16:
          0x00a630   0x16
    1 destination range, total size 0x16:
          0x000010   0x16



*******************************************************************************
*** MODULE SUMMARY
***

    Module                 ro code  ro data  rw data
    ------                 -------  -------  -------
E:\0_Ebyte_Product\0_Ebyte\E15\E15-EVB02\Software\2021-05-06-Project\0_Project\IAR_for_Stm8\ExMx_Demo\E15-EVB02_E10-400M20S\Obj: [1]
    board.o                    536                23
    board_button.o             132
    board_mini_printf.o      1 142       28
    ebyte_callback.o            55
    ebyte_core.o                         18
    ebyte_debug.o              678       20
    ebyte_e10x.o             1 113      981       87
    ebyte_kfifo.o              788
    ebyte_port.o               111
    main.o                     770      265      175
    stm8l15x_clk.o             259        5
    stm8l15x_comp.o             14
    stm8l15x_exti.o             33
    stm8l15x_gpio.o            218
    stm8l15x_it.o              520                14
    stm8l15x_spi.o              78
    stm8l15x_syscfg.o           85
    stm8l15x_tim3.o             91
    stm8l15x_usart.o           434
    ------------------------------------------------
    Total:                   7 057    1 317      299

command line: [2]
    ------------------------------------------------
    Total:

dbgstm8smd.a: [3]
    __dbg_break.o                1
    __dbg_xxexit.o              20
    ------------------------------------------------
    Total:                      21

dlstm8smn.a: [4]
    cexit.o                      5
    cstartup.o                  19
    dc_util.o                   24
    exit.o                       3
    float.o                    813
    init.o                      20
    init_small.o                70
    interrupt.o                  3      128
    long.o                     294
    long_util.o                 84
    low_level_init.o             3
    move.o                      13
    short.o                     54
    unhandled_exception.o        3
    vreg_util.o                333
    vregs.o                                       16
    ------------------------------------------------
    Total:                   1 741      128       16

    Linker created                       18      256
----------------------------------------------------
    Grand Total:             8 819    1 463      571


*******************************************************************************
*** ENTRY LIST
***

Entry                    Address   Size  Type      Object
-----                    -------   ----  ----      ------
.iar.init_table$$Base   0x00a490          --   Gb  - Linker created -
.iar.init_table$$Limit  0x00a4a2          --   Gb  - Linker created -
?add32_l0_l0_0x         0x00919a         Code  Gb  long.o [4]
?and32_l0_l0_0x         0x009245         Code  Gb  long.o [4]
?b0                     0x000000         Data  Gb  vregs.o [4]
?b1                     0x000001         Data  Gb  vregs.o [4]
?b10                    0x00000a         Data  Gb  vregs.o [4]
?b11                    0x00000b         Data  Gb  vregs.o [4]
?b12                    0x00000c         Data  Gb  vregs.o [4]
?b13                    0x00000d         Data  Gb  vregs.o [4]
?b14                    0x00000e         Data  Gb  vregs.o [4]
?b15                    0x00000f         Data  Gb  vregs.o [4]
?b2                     0x000002         Data  Gb  vregs.o [4]
?b3                     0x000003         Data  Gb  vregs.o [4]
?b4                     0x000004         Data  Gb  vregs.o [4]
?b5                     0x000005         Data  Gb  vregs.o [4]
?b6                     0x000006         Data  Gb  vregs.o [4]
?b7                     0x000007         Data  Gb  vregs.o [4]
?b8                     0x000008         Data  Gb  vregs.o [4]
?b9                     0x000009         Data  Gb  vregs.o [4]
?dc32_l1                0x00a618         Code  Gb  dc_util.o [4]
?dc32_px                0x00a625         Code  Gb  dc_util.o [4]
?dec32_0x_0x            0x009186         Code  Gb  long.o [4]
?dec32_l0_l0            0x009181         Code  Gb  long.o [4]
?e0                     0x000001         Data  Gb  vregs.o [4]
?e1                     0x000005         Data  Gb  vregs.o [4]
?e2                     0x000009         Data  Gb  vregs.o [4]
?e3                     0x00000d         Data  Gb  vregs.o [4]
?epilogue_l2            0x0090cd         Code  Gb  vreg_util.o [4]
?epilogue_l2_l3         0x0090ca         Code  Gb  vreg_util.o [4]
?epilogue_l2_w6         0x0090d1         Code  Gb  vreg_util.o [4]
?epilogue_w4            0x0090d8         Code  Gb  vreg_util.o [4]
?fadd32_l0_l0_l1        0x00846c         Code  Gb  float.o [4]
?fcastf32s16_l0_x       0x00862f         Code  Gb  float.o [4]
?fcastf32u16_l0_x       0x008636         Code  Gb  float.o [4]
?fcasts16f32_x_l0       0x008654         Code  Gb  float.o [4]
?fcmplt32_c_l0_0x       0x0085d9         Code  Gb  float.o [4]
?fcmplt32_c_l0_dc32     0x0085d4         Code  Gb  float.o [4]
?fmul32_l0_l0_dc32      0x00853a         Code  Gb  float.o [4]
?fmul32_l0_l0_l1        0x00853f         Code  Gb  float.o [4]
?fsub32_l0_l0_l1        0x008466         Code  Gb  float.o [4]
?inc32_0x_0x            0x009173         Code  Gb  long.o [4]
?inc32_l0_l0            0x00916e         Code  Gb  long.o [4]
?l0                     0x000000         Data  Gb  vregs.o [4]
?l1                     0x000004         Data  Gb  vregs.o [4]
?l2                     0x000008         Data  Gb  vregs.o [4]
?l3                     0x00000c         Data  Gb  vregs.o [4]
?load32_0x_l0           0x009cef         Code  Gb  long_util.o [4]
?load32_0x_l1           0x009cfd         Code  Gb  long_util.o [4]
?load32_l0_0x           0x009cc7         Code  Gb  long_util.o [4]
?load32_l0_asp          0x009cbc         Code  Gb  long_util.o [4]
?load32_l0_dbsp         0x009cb7         Code  Gb  long_util.o [4]
?load32_l0_xsp          0x009cbe         Code  Gb  long_util.o [4]
?load32_l1_0x           0x009ce3         Code  Gb  long_util.o [4]
?load32_l1_asp          0x009cd8         Code  Gb  long_util.o [4]
?load32_l1_dbsp         0x009cd3         Code  Gb  long_util.o [4]
?load32_l1_xsp          0x009cda         Code  Gb  long_util.o [4]
?mov_e0_e1              0x009102         Code  Gb  vreg_util.o [4]
?mov_e0_e2              0x00910f         Code  Gb  vreg_util.o [4]
?mov_e0_e3              0x00911c         Code  Gb  vreg_util.o [4]
?mov_e1_e0              0x009129         Code  Gb  vreg_util.o [4]
?mov_e1_e2              0x009136         Code  Gb  vreg_util.o [4]
?mov_e1_e3              0x009143         Code  Gb  vreg_util.o [4]
?mov_e2_e0              0x009150         Code  Gb  vreg_util.o [4]
?mov_e3_e0              0x00915d         Code  Gb  vreg_util.o [4]
?mov_l0_l1              0x0090ff         Code  Gb  vreg_util.o [4]
?mov_l0_l2              0x00910c         Code  Gb  vreg_util.o [4]
?mov_l0_l3              0x009119         Code  Gb  vreg_util.o [4]
?mov_l1_l0              0x009126         Code  Gb  vreg_util.o [4]
?mov_l1_l2              0x009133         Code  Gb  vreg_util.o [4]
?mov_l1_l3              0x009140         Code  Gb  vreg_util.o [4]
?mov_l2_l0              0x00914d         Code  Gb  vreg_util.o [4]
?mov_l3_l0              0x00915a         Code  Gb  vreg_util.o [4]
?mov_w0_w2              0x0090dc         Code  Gb  vreg_util.o [4]
?mov_w1_w0              0x0090e3         Code  Gb  vreg_util.o [4]
?mov_w1_w3              0x009105         Code  Gb  vreg_util.o [4]
?mov_w1_w5              0x009112         Code  Gb  vreg_util.o [4]
?mov_w1_w7              0x00911f         Code  Gb  vreg_util.o [4]
?mov_w2_w1              0x0090ea         Code  Gb  vreg_util.o [4]
?mov_w2_w5              0x0090f1         Code  Gb  vreg_util.o [4]
?mov_w3_w1              0x00912c         Code  Gb  vreg_util.o [4]
?mov_w3_w5              0x009139         Code  Gb  vreg_util.o [4]
?mov_w3_w7              0x009146         Code  Gb  vreg_util.o [4]
?mov_w5_w0              0x0090f8         Code  Gb  vreg_util.o [4]
?mov_w5_w1              0x009153         Code  Gb  vreg_util.o [4]
?mov_w7_w1              0x009160         Code  Gb  vreg_util.o [4]
?mov_w7_w5              0x009167         Code  Gb  vreg_util.o [4]
?move1616_v_x_y_a       0x00a77b         Code  Gb  move.o [4]
?or32_l0_l0_0x          0x009260         Code  Gb  long.o [4]
?or32_l0_l0_l1          0x00925d         Code  Gb  long.o [4]
?pop_l0                 0x009096         Code  Gb  vreg_util.o [4]
?pop_l1                 0x0090a1         Code  Gb  vreg_util.o [4]
?pop_l2                 0x0090ac         Code  Gb  vreg_util.o [4]
?pop_l3                 0x0090b7         Code  Gb  vreg_util.o [4]
?pop_w4                 0x009048         Code  Gb  vreg_util.o [4]
?pop_w6                 0x00904f         Code  Gb  vreg_util.o [4]
?pop_w7                 0x009056         Code  Gb  vreg_util.o [4]
?push_l0                0x009065         Code  Gb  vreg_util.o [4]
?push_l1                0x00906a         Code  Gb  vreg_util.o [4]
?push_l2                0x00906f         Code  Gb  vreg_util.o [4]
?push_l3                0x009074         Code  Gb  vreg_util.o [4]
?push_w0                0x009021         Code  Gb  vreg_util.o [4]
?push_w4                0x009026         Code  Gb  vreg_util.o [4]
?push_w6                0x00902b         Code  Gb  vreg_util.o [4]
?push_w7                0x009030         Code  Gb  vreg_util.o [4]
?sdiv16_x_x_y           0x00a0dc         Code  Gb  short.o [4]
?sext32_l0_x            0x009289         Code  Gb  long.o [4]
?sll16_x_x_a            0x00a105         Code  Gb  short.o [4]
?sll32_0x_0x_a          0x00927b         Code  Gb  long.o [4]
?sll32_l0_l0_a          0x009278         Code  Gb  long.o [4]
?smod16_y_x_y           0x00a0f5         Code  Gb  short.o [4]
?srl16_x_x_4            0x00a10d         Code  Gb  short.o [4]
?sub32_l0_l0_0x         0x0091b5         Code  Gb  long.o [4]
?sub32_l0_l0_l1         0x0091b2         Code  Gb  long.o [4]
?ucmp32_c_l0_l1         0x00923a         Code  Gb  long.o [4]
?udiv32_l0_l0_l1        0x0091cd         Code  Gb  long.o [4]
?umod32_l1_l0_l1        0x0091cd         Code  Gb  long.o [4]
?w0                     0x000000         Data  Gb  vregs.o [4]
?w1                     0x000002         Data  Gb  vregs.o [4]
?w2                     0x000004         Data  Gb  vregs.o [4]
?w3                     0x000006         Data  Gb  vregs.o [4]
?w4                     0x000008         Data  Gb  vregs.o [4]
?w5                     0x00000a         Data  Gb  vregs.o [4]
?w6                     0x00000c         Data  Gb  vregs.o [4]
?w7                     0x00000e         Data  Gb  vregs.o [4]
ADC1_COMP_IRQHandler    0x00a600   0x18  Code  Gb  stm8l15x_it.o [1]
BSP_BTN_FIFO            0x000106   0x13  Data  Gb  board.o [1]
BTN_Event               0x000138    0x1  Data  Lc  main.o [1]
BufferPing              0x00001c    0x5  Data  Gb  main.o [1]
BufferPong              0x000021    0x5  Data  Gb  main.o [1]
Button1_TickCounter     0x00012f    0x2  Data  Lc  stm8l15x_it.o [1]
Button2_TickCounter     0x000131    0x2  Data  Lc  stm8l15x_it.o [1]
CLK_GetClockFreq        0x009a5f   0x72  Code  Gb  stm8l15x_clk.o [1]
CLK_PeripheralClockConfig
                        0x009962   0x89  Code  Gb  stm8l15x_clk.o [1]
CLK_SYSCLKDivConfig     0x00a7f8    0x4  Code  Gb  stm8l15x_clk.o [1]
CLK_SYSCLKSourceConfig  0x00a7f4    0x4  Code  Gb  stm8l15x_clk.o [1]
COMP_ClearFlag          0x00a746    0xe  Code  Gb  stm8l15x_comp.o [1]
CSTACK$$Base            0x000700          --   Gb  - Linker created -
CSTACK$$Limit           0x000800          --   Gb  - Linker created -
Callback_isPingCheckReady
                        0x000136    0x1  Data  Gb  main.o [1]
DMA1_CHANNEL0_1_IRQHandler
                        0x00a814    0x1  Code  Gb  stm8l15x_it.o [1]
DMA1_CHANNEL2_3_IRQHandler
                        0x00a815    0x1  Code  Gb  stm8l15x_it.o [1]
E10x_ClearFIFO          0x00a0a5   0x37  Code  Lc  ebyte_e10x.o [1]
E10x_Config             0x0099eb   0x74  Code  Lc  ebyte_e10x.o [1]
E10x_Config_WDS         0x008080  0x3c9  Data  Gb  ebyte_e10x.o [1]
E10x_GetDriverVersion   0x00a7fc    0x3  Code  Gb  ebyte_e10x.o [1]
E10x_GetFIFO            0x009d0b   0x50  Code  Lc  ebyte_e10x.o [1]
E10x_GetIRQ             0x00a3e7   0x23  Code  Gb  ebyte_e10x.o [1]
E10x_GetName            0x00a7e8    0x4  Code  Gb  ebyte_e10x.o [1]
E10x_GetResponse        0x009efc   0x42  Code  Lc  ebyte_e10x.o [1]
E10x_GetStatus          0x00a7ec    0x4  Code  Gb  ebyte_e10x.o [1]
E10x_GoReceive          0x009ba9   0x65  Code  Gb  ebyte_e10x.o [1]
E10x_GoSleep            0x00a754    0xd  Code  Gb  ebyte_e10x.o [1]
E10x_GoTransmit         0x009846   0x8e  Code  Gb  ebyte_e10x.o [1]
E10x_Init               0x00a235   0x2c  Code  Gb  ebyte_e10x.o [1]
E10x_IsExist            0x00a1db   0x2d  Code  Lc  ebyte_e10x.o [1]
E10x_IsExist::buffer    0x000119    0xa  Data  Lc  ebyte_e10x.o [1]
E10x_IsReady            0x009e75   0x44  Code  Lc  ebyte_e10x.o [1]
E10x_NameString         0x000010    0xc  Data  Lc  ebyte_e10x.o [1]
E10x_Reset              0x00a66f   0x14  Code  Gb  ebyte_e10x.o [1]
E10x_RxBuffer           0x000072   0x40  Data  Lc  ebyte_e10x.o [1]
E10x_SendCommand        0x009ff6   0x3b  Code  Lc  ebyte_e10x.o [1]
E10x_SetFIFO            0x009f7f   0x3c  Code  Lc  ebyte_e10x.o [1]
E10x_SetProperty        0x00a1ad   0x2e  Code  Lc  ebyte_e10x.o [1]
E10x_SetWorkMode        0x009b3f   0x6a  Code  Lc  ebyte_e10x.o [1]
E10x_Status             0x000133    0x1  Data  Lc  ebyte_e10x.o [1]
E10x_TaskForIRQ         0x00a811    0x1  Code  Gb  ebyte_e10x.o [1]
E10x_TaskForPoll        0x00a208   0x2d  Code  Gb  ebyte_e10x.o [1]
EXTI0_IRQHandler        0x00a81a    0x1  Code  Gb  stm8l15x_it.o [1]
EXTI1_IRQHandler        0x00a81b    0x1  Code  Gb  stm8l15x_it.o [1]
EXTI2_IRQHandler        0x00a4fc   0x1d  Code  Gb  stm8l15x_it.o [1]
EXTI3_IRQHandler        0x00a59d   0x19  Code  Gb  stm8l15x_it.o [1]
EXTI4_IRQHandler        0x00a5b6   0x19  Code  Gb  stm8l15x_it.o [1]
EXTI5_IRQHandler        0x00a5cf   0x19  Code  Gb  stm8l15x_it.o [1]
EXTI6_IRQHandler        0x00a81c    0x1  Code  Gb  stm8l15x_it.o [1]
EXTI7_IRQHandler        0x00a81d    0x1  Code  Gb  stm8l15x_it.o [1]
EXTIB_G_IRQHandler      0x00a818    0x1  Code  Gb  stm8l15x_it.o [1]
EXTID_H_IRQHandler      0x00a819    0x1  Code  Gb  stm8l15x_it.o [1]
EXTIE_F_PVD_IRQHandler  0x00a817    0x1  Code  Gb  stm8l15x_it.o [1]
EXTI_ClearITPendingBit  0x00a44e   0x21  Code  Gb  stm8l15x_exti.o [1]
Ebyte_BSP_DelayMs       0x00a358   0x24  Code  Gb  board.o [1]
Ebyte_BSP_E10xGPIO_Init
                        0x00a5e8   0x18  Code  Gb  board.o [1]
Ebyte_BSP_GPIO_Init     0x00a147   0x33  Code  Gb  board.o [1]
Ebyte_BSP_HSI_Init      0x00a7a9    0x9  Code  Gb  board.o [1]
Ebyte_BSP_Init          0x00a646   0x15  Code  Gb  board.o [1]
Ebyte_BSP_LedControl    0x00a06b   0x3a  Code  Gb  board.o [1]
Ebyte_BSP_ReadButton    0x00a3c4   0x23  Code  Gb  board.o [1]
Ebyte_BSP_SPI_Init      0x009e31   0x44  Code  Gb  board.o [1]
Ebyte_BSP_SpiTransAndRecv
                        0x00a717   0x11  Code  Gb  board.o [1]
Ebyte_BSP_TIMER_Init    0x00a332   0x26  Code  Gb  board.o [1]
Ebyte_BSP_TimerDecrement
                        0x00a37c   0x24  Code  Gb  board.o [1]
Ebyte_BSP_UART_Init     0x009c63   0x54  Code  Gb  board.o [1]
Ebyte_BSP_UartTransmit  0x009fbb   0x3b  Code  Gb  board.o [1]
Ebyte_BTN_FIFO_Init     0x00a738    0xe  Code  Gb  board_button.o [1]
Ebyte_BTN_FIFO_Pop      0x00a17a   0x33  Code  Gb  board_button.o [1]
Ebyte_BTN_FIFO_Push     0x009eb9   0x43  Code  Gb  board_button.o [1]
Ebyte_DEBUG_CommandEcho
                        0x008776  0x2a6  Code  Gb  ebyte_debug.o [1]
Ebyte_FIFO_GetDataLength
                        0x00a519   0x1c  Code  Gb  ebyte_kfifo.o [1]
Ebyte_FIFO_Init         0x009da3   0x47  Code  Gb  ebyte_kfifo.o [1]
Ebyte_FIFO_Read         0x008ed3  0x14e  Code  Gb  ebyte_kfifo.o [1]
Ebyte_FIFO_Write        0x008d70  0x163  Code  Gb  ebyte_kfifo.o [1]
Ebyte_Port_DelayMs      0x00a2b8   0x2b  Code  Gb  ebyte_port.o [1]
Ebyte_Port_ReceiveCallback
                        0x00a4df   0x1d  Code  Gb  ebyte_callback.o [1]
Ebyte_Port_SdnIoControl
                        0x00a569   0x1a  Code  Gb  ebyte_port.o [1]
Ebyte_Port_SpiCsIoControl
                        0x00a54f   0x1a  Code  Gb  ebyte_port.o [1]
Ebyte_Port_SpiTransmitAndReceivce
                        0x00a728   0x10  Code  Gb  ebyte_port.o [1]
Ebyte_Port_TransmitCallback
                        0x00a535   0x1a  Code  Gb  ebyte_callback.o [1]
Ebyte_RF                0x00a6be   0x12  Data  Gb  ebyte_core.o [1]
Ebyte_TimerDelayCounter
                        0x000123    0x4  Data  Gb  board.o [1]
FIFO_TickCounter        0x00012b    0x4  Data  Lc  stm8l15x_it.o [1]
FIFO_isTimeCheckReady   0x000135    0x1  Data  Gb  main.o [1]
FLASH_IRQHandler        0x00a813    0x1  Code  Gb  stm8l15x_it.o [1]
GPIO_ExternalPullUpConfig
                        0x00a261   0x2c  Code  Gb  stm8l15x_gpio.o [1]
GPIO_Init               0x0098d4   0x8e  Code  Gb  stm8l15x_gpio.o [1]
GPIO_ReadInputDataBit   0x00a7b9    0x7  Code  Gb  stm8l15x_gpio.o [1]
GPIO_ToggleBits         0x00a7b2    0x7  Code  Gb  stm8l15x_gpio.o [1]
GPIO_WriteBit           0x00a6f4   0x12  Code  Gb  stm8l15x_gpio.o [1]
I2C1_SPI2_IRQHandler    0x00a828    0x1  Code  Gb  stm8l15x_it.o [1]
INTVEC$$Base            0x008000          --   Gb  - Linker created -
INTVEC$$Limit           0x008080          --   Gb  - Linker created -
IT_Timer_ButtonCheck    0x009ad1   0x6e  Code  Gb  stm8l15x_it.o [1]
IT_Timer_UartCheck      0x009717   0x9b  Code  Gb  stm8l15x_it.o [1]
LCD_AES_IRQHandler      0x00a81e    0x1  Code  Gb  stm8l15x_it.o [1]
PC_isConnected          0x000137    0x1  Data  Gb  main.o [1]
PcEchoBuffer            0x0000f2   0x14  Data  Gb  main.o [1]
RTC_CSSLSE_IRQHandler   0x00a816    0x1  Code  Gb  stm8l15x_it.o [1]
Region$$Table$$Base     0x00a490          --   Gb  - Linker created -
Region$$Table$$Limit    0x00a4a2          --   Gb  - Linker created -
SPI1_IRQHandler         0x00a826    0x1  Code  Gb  stm8l15x_it.o [1]
SPI_Cmd                 0x00a761    0xd  Code  Gb  stm8l15x_spi.o [1]
SPI_Init                0x009f3e   0x41  Code  Gb  stm8l15x_spi.o [1]
SWITCH_CSS_BREAK_DAC_IRQHandler
                        0x00a81f    0x1  Code  Gb  stm8l15x_it.o [1]
SYSCFG_REMAPPinConfig   0x009c0e   0x55  Code  Gb  stm8l15x_syscfg.o [1]
SYSDivFactor            0x00a7d4    0x5  Data  Gb  stm8l15x_clk.o [1]
SimulatedCommandsButton1
                        0x00a7c0    0x5  Data  Gb  ebyte_debug.o [1]
SimulatedCommandsButton2
                        0x00a7c5    0x5  Data  Gb  ebyte_debug.o [1]
SimulatedCommandsWireless1
                        0x00a7ca    0x5  Data  Gb  ebyte_debug.o [1]
SimulatedCommandsWireless2
                        0x00a7cf    0x5  Data  Gb  ebyte_debug.o [1]
TIM1_CC_IRQHandler      0x00a824    0x1  Code  Gb  stm8l15x_it.o [1]
TIM1_UPD_OVF_TRG_COM_IRQHandler
                        0x00a823    0x1  Code  Gb  stm8l15x_it.o [1]
TIM2_CC_USART2_RX_IRQHandler
                        0x00a821    0x1  Code  Gb  stm8l15x_it.o [1]
TIM2_UPD_OVF_TRG_BRK_USART2_TX_IRQHandler
                        0x00a820    0x1  Code  Gb  stm8l15x_it.o [1]
TIM3_CC_USART3_RX_IRQHandler
                        0x00a822    0x1  Code  Gb  stm8l15x_it.o [1]
TIM3_ClearFlag          0x00a79e    0xb  Code  Gb  stm8l15x_tim3.o [1]
TIM3_ClearITPendingBit  0x00a7d9    0x5  Code  Gb  stm8l15x_tim3.o [1]
TIM3_Cmd                0x00a76e    0xd  Code  Gb  stm8l15x_tim3.o [1]
TIM3_ITConfig           0x00a583   0x1a  Code  Gb  stm8l15x_tim3.o [1]
TIM3_TimeBaseInit       0x00a3a0   0x24  Code  Gb  stm8l15x_tim3.o [1]
TIM3_UPD_OVF_TRG_BRK_USART3_TX_IRQHandler
                        0x00a46f   0x21  Code  Gb  stm8l15x_it.o [1]
TIM4_UPD_OVF_TRG_IRQHandler
                        0x00a825    0x1  Code  Gb  stm8l15x_it.o [1]
TRAP_IRQHandler         0x00a812    0x1  Code  Gb  stm8l15x_it.o [1]
Task_Button             0x00949c   0xec  Code  Gb  main.o [1]
Task_Transmit           0x009652   0xc5  Code  Gb  main.o [1]
TxBuffer                0x0000b2   0x40  Data  Gb  main.o [1]
USART1_RX_TIM5_CC_IRQHandler
                        0x009dea   0x47  Code  Gb  stm8l15x_it.o [1]
USART1_TX_TIM5_UPD_OVF_TRG_BRK_IRQHandler
                        0x00a827    0x1  Code  Gb  stm8l15x_it.o [1]
USART_ClearITPendingBit
                        0x00a7de    0x5  Code  Gb  stm8l15x_usart.o [1]
USART_Cmd               0x00a30b   0x27  Code  Gb  stm8l15x_usart.o [1]
USART_GetFlagStatus     0x00a42c   0x22  Code  Gb  stm8l15x_usart.o [1]
USART_ITConfig          0x0097b2   0x94  Code  Gb  stm8l15x_usart.o [1]
USART_Init              0x009588   0xca  Code  Gb  stm8l15x_usart.o [1]
USART_ReceiveData8      0x00a7ff    0x3  Code  Gb  stm8l15x_usart.o [1]
USART_SendData8         0x00a802    0x3  Code  Gb  stm8l15x_usart.o [1]
Uart_TickCounter        0x000127    0x4  Data  Lc  stm8l15x_it.o [1]
Uart_isContinuousRecv   0x00013a    0x1  Data  Lc  stm8l15x_it.o [1]
Uart_isInRecvState      0x000139    0x1  Data  Lc  stm8l15x_it.o [1]
Uart_isRecvReady        0x000134    0x1  Data  Gb  main.o [1]
UserReceiveDoneCallback
                        0x009294  0x105  Code  Gb  main.o [1]
UserTransmitDoneCallback
                        0x00a7f0    0x4  Code  Gb  main.o [1]
__DebugBreak            0x00a829    0x1  Code  Gb  __dbg_break.o [3]
__exit                  0x00a697   0x14  Code  Gb  __dbg_xxexit.o [3]
__iar_copy_init2        0x00a2e3         Code  Gb  init_small.o [4]
__iar_data_init2        0x00a683   0x14  Code  Gb  init.o [4]
__iar_program_start     0x00a6ab         Code  Gb  cstartup.o [4]
__iar_unhandled_exception
                        0x00a80e         Code  Gb  unhandled_exception.o [4]
__iar_zero_init2        0x00a4c1         Code  Gb  init_small.o [4]
__intvec                0x008000         Data  Gb  interrupt.o [4]
__low_level_init        0x00a808    0x3  Code  Gb  low_level_init.o [4]
_exit                   0x00a7e3         Code  Gb  cexit.o [4]
_interrupt_1            0x00a812         Code  Gb  stm8l15x_it.o [1]
_interrupt_10           0x00a81a         Code  Gb  stm8l15x_it.o [1]
_interrupt_11           0x00a81b         Code  Gb  stm8l15x_it.o [1]
_interrupt_12           0x00a4fc         Code  Gb  stm8l15x_it.o [1]
_interrupt_13           0x00a59d         Code  Gb  stm8l15x_it.o [1]
_interrupt_14           0x00a5b6         Code  Gb  stm8l15x_it.o [1]
_interrupt_15           0x00a5cf         Code  Gb  stm8l15x_it.o [1]
_interrupt_16           0x00a81c         Code  Gb  stm8l15x_it.o [1]
_interrupt_17           0x00a81d         Code  Gb  stm8l15x_it.o [1]
_interrupt_18           0x00a81e         Code  Gb  stm8l15x_it.o [1]
_interrupt_19           0x00a81f         Code  Gb  stm8l15x_it.o [1]
_interrupt_20           0x00a600         Code  Gb  stm8l15x_it.o [1]
_interrupt_21           0x00a820         Code  Gb  stm8l15x_it.o [1]
_interrupt_22           0x00a821         Code  Gb  stm8l15x_it.o [1]
_interrupt_23           0x00a46f         Code  Gb  stm8l15x_it.o [1]
_interrupt_24           0x00a822         Code  Gb  stm8l15x_it.o [1]
_interrupt_25           0x00a823         Code  Gb  stm8l15x_it.o [1]
_interrupt_26           0x00a824         Code  Gb  stm8l15x_it.o [1]
_interrupt_27           0x00a825         Code  Gb  stm8l15x_it.o [1]
_interrupt_28           0x00a826         Code  Gb  stm8l15x_it.o [1]
_interrupt_29           0x00a827         Code  Gb  stm8l15x_it.o [1]
_interrupt_3            0x00a813         Code  Gb  stm8l15x_it.o [1]
_interrupt_30           0x009dea         Code  Gb  stm8l15x_it.o [1]
_interrupt_31           0x00a828         Code  Gb  stm8l15x_it.o [1]
_interrupt_4            0x00a814         Code  Gb  stm8l15x_it.o [1]
_interrupt_5            0x00a815         Code  Gb  stm8l15x_it.o [1]
_interrupt_6            0x00a816         Code  Gb  stm8l15x_it.o [1]
_interrupt_7            0x00a817         Code  Gb  stm8l15x_it.o [1]
_interrupt_8            0x00a818         Code  Gb  stm8l15x_it.o [1]
_interrupt_9            0x00a819         Code  Gb  stm8l15x_it.o [1]
exit                    0x00a80b    0x3  Code  Gb  exit.o [4]
hfifo                   0x000026   0x4c  Data  Gb  main.o [1]
main                    0x009d5b   0x48  Code  Gb  main.o [1]
mprintf                 0x008c0c  0x164  Code  Gb  board_mini_printf.o [1]
send_uart_data          0x00a4a2   0x1f  Code  Lc  board_mini_printf.o [1]
sky_ftoa                0x008a1c  0x1f0  Code  Lc  board_mini_printf.o [1]
sky_itoa                0x009399  0x103  Code  Lc  board_mini_printf.o [1]


[1] = E:\0_Ebyte_Product\0_Ebyte\E15\E15-EVB02\Software\2021-05-06-Project\0_Project\IAR_for_Stm8\ExMx_Demo\E15-EVB02_E10-400M20S\Obj
[2] = command line
[3] = dbgstm8smd.a
[4] = dlstm8smn.a

  8 819 bytes of readonly  code memory
  1 463 bytes of readonly  data memory
    571 bytes of readwrite data memory

Errors: none
Warnings: none
