###############################################################################
#
# IAR ELF Linker V3.10.1.201 for STM8                     07/Jul/2021  14:12:20
# Copyright 2010-2017 IAR Systems AB.
#
#    Output file  =  
#        E:\0_Ebyte_Product\0_Ebyte\E15\E15-EVB02\Software\2021-05-06-Project\0_Project\IAR_for_Stm8\ExMx_Demo\E15-EVB02_E49-900M20S\Exe\project.out
#    Map file     =  
#        E:\0_Ebyte_Product\0_Ebyte\E15\E15-EVB02\Software\2021-05-06-Project\0_Project\IAR_for_Stm8\ExMx_Demo\E15-EVB02_E49-900M20S\List\project.map
#    Command line =  
#        -f C:\Users\529880~1\AppData\Local\Temp\EWCAF.tmp
#        (E:\0_Ebyte_Product\0_Ebyte\E15\E15-EVB02\Software\2021-05-06-Project\0_Project\IAR_for_Stm8\ExMx_Demo\E15-EVB02_E49-900M20S\Obj\board.o
#        E:\0_Ebyte_Product\0_Ebyte\E15\E15-EVB02\Software\2021-05-06-Project\0_Project\IAR_for_Stm8\ExMx_Demo\E15-EVB02_E49-900M20S\Obj\board_button.o
#        E:\0_Ebyte_Product\0_Ebyte\E15\E15-EVB02\Software\2021-05-06-Project\0_Project\IAR_for_Stm8\ExMx_Demo\E15-EVB02_E49-900M20S\Obj\board_mini_printf.o
#        E:\0_Ebyte_Product\0_Ebyte\E15\E15-EVB02\Software\2021-05-06-Project\0_Project\IAR_for_Stm8\ExMx_Demo\E15-EVB02_E49-900M20S\Obj\ebyte_callback.o
#        E:\0_Ebyte_Product\0_Ebyte\E15\E15-EVB02\Software\2021-05-06-Project\0_Project\IAR_for_Stm8\ExMx_Demo\E15-EVB02_E49-900M20S\Obj\ebyte_core.o
#        E:\0_Ebyte_Product\0_Ebyte\E15\E15-EVB02\Software\2021-05-06-Project\0_Project\IAR_for_Stm8\ExMx_Demo\E15-EVB02_E49-900M20S\Obj\ebyte_debug.o
#        E:\0_Ebyte_Product\0_Ebyte\E15\E15-EVB02\Software\2021-05-06-Project\0_Project\IAR_for_Stm8\ExMx_Demo\E15-EVB02_E49-900M20S\Obj\ebyte_e49x.o
#        E:\0_Ebyte_Product\0_Ebyte\E15\E15-EVB02\Software\2021-05-06-Project\0_Project\IAR_for_Stm8\ExMx_Demo\E15-EVB02_E49-900M20S\Obj\ebyte_kfifo.o
#        E:\0_Ebyte_Product\0_Ebyte\E15\E15-EVB02\Software\2021-05-06-Project\0_Project\IAR_for_Stm8\ExMx_Demo\E15-EVB02_E49-900M20S\Obj\ebyte_port.o
#        E:\0_Ebyte_Product\0_Ebyte\E15\E15-EVB02\Software\2021-05-06-Project\0_Project\IAR_for_Stm8\ExMx_Demo\E15-EVB02_E49-900M20S\Obj\main.o
#        E:\0_Ebyte_Product\0_Ebyte\E15\E15-EVB02\Software\2021-05-06-Project\0_Project\IAR_for_Stm8\ExMx_Demo\E15-EVB02_E49-900M20S\Obj\stm8l15x_adc.o
#        E:\0_Ebyte_Product\0_Ebyte\E15\E15-EVB02\Software\2021-05-06-Project\0_Project\IAR_for_Stm8\ExMx_Demo\E15-EVB02_E49-900M20S\Obj\stm8l15x_aes.o
#        E:\0_Ebyte_Product\0_Ebyte\E15\E15-EVB02\Software\2021-05-06-Project\0_Project\IAR_for_Stm8\ExMx_Demo\E15-EVB02_E49-900M20S\Obj\stm8l15x_beep.o
#        E:\0_Ebyte_Product\0_Ebyte\E15\E15-EVB02\Software\2021-05-06-Project\0_Project\IAR_for_Stm8\ExMx_Demo\E15-EVB02_E49-900M20S\Obj\stm8l15x_clk.o
#        E:\0_Ebyte_Product\0_Ebyte\E15\E15-EVB02\Software\2021-05-06-Project\0_Project\IAR_for_Stm8\ExMx_Demo\E15-EVB02_E49-900M20S\Obj\stm8l15x_comp.o
#        E:\0_Ebyte_Product\0_Ebyte\E15\E15-EVB02\Software\2021-05-06-Project\0_Project\IAR_for_Stm8\ExMx_Demo\E15-EVB02_E49-900M20S\Obj\stm8l15x_dac.o
#        E:\0_Ebyte_Product\0_Ebyte\E15\E15-EVB02\Software\2021-05-06-Project\0_Project\IAR_for_Stm8\ExMx_Demo\E15-EVB02_E49-900M20S\Obj\stm8l15x_dma.o
#        E:\0_Ebyte_Product\0_Ebyte\E15\E15-EVB02\Software\2021-05-06-Project\0_Project\IAR_for_Stm8\ExMx_Demo\E15-EVB02_E49-900M20S\Obj\stm8l15x_exti.o
#        E:\0_Ebyte_Product\0_Ebyte\E15\E15-EVB02\Software\2021-05-06-Project\0_Project\IAR_for_Stm8\ExMx_Demo\E15-EVB02_E49-900M20S\Obj\stm8l15x_flash.o
#        E:\0_Ebyte_Product\0_Ebyte\E15\E15-EVB02\Software\2021-05-06-Project\0_Project\IAR_for_Stm8\ExMx_Demo\E15-EVB02_E49-900M20S\Obj\stm8l15x_gpio.o
#        E:\0_Ebyte_Product\0_Ebyte\E15\E15-EVB02\Software\2021-05-06-Project\0_Project\IAR_for_Stm8\ExMx_Demo\E15-EVB02_E49-900M20S\Obj\stm8l15x_i2c.o
#        E:\0_Ebyte_Product\0_Ebyte\E15\E15-EVB02\Software\2021-05-06-Project\0_Project\IAR_for_Stm8\ExMx_Demo\E15-EVB02_E49-900M20S\Obj\stm8l15x_irtim.o
#        E:\0_Ebyte_Product\0_Ebyte\E15\E15-EVB02\Software\2021-05-06-Project\0_Project\IAR_for_Stm8\ExMx_Demo\E15-EVB02_E49-900M20S\Obj\stm8l15x_it.o
#        E:\0_Ebyte_Product\0_Ebyte\E15\E15-EVB02\Software\2021-05-06-Project\0_Project\IAR_for_Stm8\ExMx_Demo\E15-EVB02_E49-900M20S\Obj\stm8l15x_iwdg.o
#        E:\0_Ebyte_Product\0_Ebyte\E15\E15-EVB02\Software\2021-05-06-Project\0_Project\IAR_for_Stm8\ExMx_Demo\E15-EVB02_E49-900M20S\Obj\stm8l15x_lcd.o
#        E:\0_Ebyte_Product\0_Ebyte\E15\E15-EVB02\Software\2021-05-06-Project\0_Project\IAR_for_Stm8\ExMx_Demo\E15-EVB02_E49-900M20S\Obj\stm8l15x_pwr.o
#        E:\0_Ebyte_Product\0_Ebyte\E15\E15-EVB02\Software\2021-05-06-Project\0_Project\IAR_for_Stm8\ExMx_Demo\E15-EVB02_E49-900M20S\Obj\stm8l15x_rst.o
#        E:\0_Ebyte_Product\0_Ebyte\E15\E15-EVB02\Software\2021-05-06-Project\0_Project\IAR_for_Stm8\ExMx_Demo\E15-EVB02_E49-900M20S\Obj\stm8l15x_rtc.o
#        E:\0_Ebyte_Product\0_Ebyte\E15\E15-EVB02\Software\2021-05-06-Project\0_Project\IAR_for_Stm8\ExMx_Demo\E15-EVB02_E49-900M20S\Obj\stm8l15x_spi.o
#        E:\0_Ebyte_Product\0_Ebyte\E15\E15-EVB02\Software\2021-05-06-Project\0_Project\IAR_for_Stm8\ExMx_Demo\E15-EVB02_E49-900M20S\Obj\stm8l15x_syscfg.o
#        E:\0_Ebyte_Product\0_Ebyte\E15\E15-EVB02\Software\2021-05-06-Project\0_Project\IAR_for_Stm8\ExMx_Demo\E15-EVB02_E49-900M20S\Obj\stm8l15x_tim1.o
#        E:\0_Ebyte_Product\0_Ebyte\E15\E15-EVB02\Software\2021-05-06-Project\0_Project\IAR_for_Stm8\ExMx_Demo\E15-EVB02_E49-900M20S\Obj\stm8l15x_tim2.o
#        E:\0_Ebyte_Product\0_Ebyte\E15\E15-EVB02\Software\2021-05-06-Project\0_Project\IAR_for_Stm8\ExMx_Demo\E15-EVB02_E49-900M20S\Obj\stm8l15x_tim3.o
#        E:\0_Ebyte_Product\0_Ebyte\E15\E15-EVB02\Software\2021-05-06-Project\0_Project\IAR_for_Stm8\ExMx_Demo\E15-EVB02_E49-900M20S\Obj\stm8l15x_tim4.o
#        E:\0_Ebyte_Product\0_Ebyte\E15\E15-EVB02\Software\2021-05-06-Project\0_Project\IAR_for_Stm8\ExMx_Demo\E15-EVB02_E49-900M20S\Obj\stm8l15x_tim5.o
#        E:\0_Ebyte_Product\0_Ebyte\E15\E15-EVB02\Software\2021-05-06-Project\0_Project\IAR_for_Stm8\ExMx_Demo\E15-EVB02_E49-900M20S\Obj\stm8l15x_usart.o
#        E:\0_Ebyte_Product\0_Ebyte\E15\E15-EVB02\Software\2021-05-06-Project\0_Project\IAR_for_Stm8\ExMx_Demo\E15-EVB02_E49-900M20S\Obj\stm8l15x_wfe.o
#        E:\0_Ebyte_Product\0_Ebyte\E15\E15-EVB02\Software\2021-05-06-Project\0_Project\IAR_for_Stm8\ExMx_Demo\E15-EVB02_E49-900M20S\Obj\stm8l15x_wwdg.o
#        --redirect _Printf=_PrintfSmall --redirect _Scanf=_ScanfSmall -o
#        E:\0_Ebyte_Product\0_Ebyte\E15\E15-EVB02\Software\2021-05-06-Project\0_Project\IAR_for_Stm8\ExMx_Demo\E15-EVB02_E49-900M20S\Exe\project.out
#        --map
#        E:\0_Ebyte_Product\0_Ebyte\E15\E15-EVB02\Software\2021-05-06-Project\0_Project\IAR_for_Stm8\ExMx_Demo\E15-EVB02_E49-900M20S\List\project.map
#        --config
#        F:\01_JH_Software\IAR\Install_ForStm8\stm8\config\lnkstm8l151g4.icf
#        --config_def _CSTACK_SIZE=0x100 --config_def _HEAP_SIZE=0x100 --entry
#        __iar_program_start --debug_lib)
#
###############################################################################

*******************************************************************************
*** RUNTIME MODEL ATTRIBUTES
***

__SystemLibrary            = DLib
__code_model               = small
__core                     = stm8
__data_model               = medium
__dlib_file_descriptor     = 0
__dlib_full_locale_support = 0
__rt_version               = 4


*******************************************************************************
*** PLACEMENT SUMMARY
***

"A0":  place at start of [0x000000-0x0000ff] { rw section .vregs };
"A1":  place at end of [0x000000-0x0007ff] { block CSTACK };
"P2":  place in [from 0x000000 to 0x0007ff] {
          block HEAP, rw section __DLIB_PERTHREAD, rw section .far.bss,
          rw section .far.data, rw section .far.noinit,
          rw section .far_func.textrw, rw section .huge.bss,
          rw section .huge.data, rw section .huge.noinit,
          rw section .huge_func.textrw, rw section .iar.dynexit,
          rw section .near.bss, rw section .near.data, rw section .near.noinit,
          rw section .near_func.textrw };
"A2":  place at start of [0x008000-0x00bfff] { block INTVEC };
"P3":  place in [from 0x008000 to 0x00bfff] {
          ro section __DLIB_PERTHREAD_init, ro section .far.data_init,
          ro section .far_func.textrw_init, ro section .huge.data_init,
          ro section .huge_func.textrw_init, ro section .iar.init_table,
          ro section .init_array, ro section .near.data_init,
          ro section .near.rodata, ro section .near_func.text,
          ro section .near_func.textrw_init, ro section .tiny.data_init,
          ro section .tiny.rodata_init };
"P4":  place in [from 0x008000 to 0x00bfff] {
          ro section .far.rodata, ro section .far_func.text };
"P5":  place in [from 0x008000 to 0x00bfff] {
          ro section .huge.rodata, ro section .huge_func.text };
do not initialize {
   rw section .eeprom.noinit, rw section .far.noinit, rw section .huge.noinit,
   rw section .near.noinit, rw section .tiny.noinit, rw section .vregs };
initialize by copy {
   rw section .far.bss, rw section .far.data, rw section .far_func.textrw,
   rw section .huge.bss, rw section .huge.data, rw section .huge_func.textrw,
   rw section .iar.dynexit, rw section .near.bss, rw section .near.data,
   rw section .near_func.textrw, rw section .tiny.bss, rw section .tiny.data,
   ro section .tiny.rodata };

  Section            Kind      Address    Size  Object
  -------            ----      -------    ----  ------
"A0":                                     0x10
  .vregs             uninit   0x000000    0x10  vregs.o [4]
                            - 0x000010    0x10

"P2", part 1 of 2:                        0x76
  P2-1                        0x000010    0x76  <Init block>
    .near.data       inited   0x000010     0xc  ebyte_e49x.o [1]
    .near.data       inited   0x00001c     0xc  ebyte_e49x.o [1]
    .near.data       inited   0x000028     0xc  ebyte_e49x.o [1]
    .near.data       inited   0x000034     0x8  ebyte_e49x.o [1]
    .near.data       inited   0x00003c    0x18  ebyte_e49x.o [1]
    .near.data       inited   0x000054    0x1d  ebyte_e49x.o [1]
    .near.data       inited   0x000071     0xb  ebyte_e49x.o [1]
    .near.data       inited   0x00007c     0x5  main.o [1]
    .near.data       inited   0x000081     0x5  main.o [1]
                            - 0x000086    0x76

"P2", part 2 of 2:                       0x10c
  .near.bss          zero     0x000086    0x4c  main.o [1]
  .near.bss          zero     0x0000d2    0x40  ebyte_e49x.o [1]
  .near.bss          zero     0x000112    0x40  main.o [1]
  .near.bss          zero     0x000152    0x14  main.o [1]
  .near.bss          zero     0x000166    0x13  board.o [1]
  .near.bss          zero     0x000179     0x4  board.o [1]
  .near.bss          zero     0x00017d     0x4  stm8l15x_it.o [1]
  .near.bss          zero     0x000181     0x4  stm8l15x_it.o [1]
  .near.bss          zero     0x000185     0x2  stm8l15x_it.o [1]
  .near.bss          zero     0x000187     0x2  stm8l15x_it.o [1]
  .near.bss          zero     0x000189     0x1  ebyte_e49x.o [1]
  .near.bss          zero     0x00018a     0x1  ebyte_e49x.o [1]
  .near.bss          zero     0x00018b     0x1  main.o [1]
  .near.bss          zero     0x00018c     0x1  main.o [1]
  .near.bss          zero     0x00018d     0x1  main.o [1]
  .near.bss          zero     0x00018e     0x1  main.o [1]
  .near.bss          zero     0x00018f     0x1  main.o [1]
  .near.bss          zero     0x000190     0x1  stm8l15x_it.o [1]
  .near.bss          zero     0x000191     0x1  stm8l15x_it.o [1]
                            - 0x000192   0x10c

"A1":                                    0x100
  CSTACK                      0x000700   0x100  <Block>
    CSTACK           uninit   0x000700   0x100  <Block tail>
                            - 0x000800   0x100

"A2":                                     0x80
  INTVEC                      0x008000    0x80  <Block>
    .intvec          const    0x008000    0x80  interrupt.o [4]
                            - 0x008080    0x80

"P3-P5":                                0x298d
  .near_func.text    ro code  0x008080   0x745  ebyte_e49x.o [1]
  .near_func.text    ro code  0x0087c5   0x32d  float.o [4]
  .near_func.text    ro code  0x008af2   0x2a6  ebyte_debug.o [1]
  .near_func.text    ro code  0x008d98   0x1f0  board_mini_printf.o [1]
  .near_func.text    ro code  0x008f88   0x164  board_mini_printf.o [1]
  .near_func.text    ro code  0x0090ec   0x163  ebyte_kfifo.o [1]
  .near_func.text    ro code  0x00924f   0x14e  ebyte_kfifo.o [1]
  .near_func.text    ro code  0x00939d   0x14d  vreg_util.o [4]
  .near_func.text    ro code  0x0094ea   0x126  long.o [4]
  .near_func.text    ro code  0x009610   0x10d  stm8l15x_exti.o [1]
  .near_func.text    ro code  0x00971d   0x105  main.o [1]
  .near_func.text    ro code  0x009822   0x103  board_mini_printf.o [1]
  .near_func.text    ro code  0x009925    0xec  main.o [1]
  .near_func.text    ro code  0x009a11    0xca  stm8l15x_usart.o [1]
  .near_func.text    ro code  0x009adb    0xc5  main.o [1]
  .near_func.text    ro code  0x009ba0    0x9b  stm8l15x_it.o [1]
  .near_func.text    ro code  0x009c3b    0x94  stm8l15x_usart.o [1]
  .near_func.text    ro code  0x009ccf    0x8e  stm8l15x_gpio.o [1]
  .near_func.text    ro code  0x009d5d    0x89  stm8l15x_clk.o [1]
  .near_func.text    ro code  0x009de6    0x7c  ebyte_e49x.o [1]
  Initializer bytes  const    0x009e62    0x76  <for P2-1>
  .near_func.text    ro code  0x009ed8    0x75  board.o [1]
  .near_func.text    ro code  0x009f4d    0x72  stm8l15x_clk.o [1]
  .near_func.text    ro code  0x009fbf    0x6e  stm8l15x_it.o [1]
  .near_func.text    ro code  0x00a02d    0x5a  ebyte_port.o [1]
  .near_func.text    ro code  0x00a087    0x55  stm8l15x_syscfg.o [1]
  .near_func.text    ro code  0x00a0dc    0x54  board.o [1]
  .near_func.text    ro code  0x00a130    0x54  long_util.o [4]
  .near_func.text    ro code  0x00a184    0x4c  ebyte_e49x.o [1]
  .near_func.text    ro code  0x00a1d0    0x48  main.o [1]
  .near_func.text    ro code  0x00a218    0x47  ebyte_e49x.o [1]
  .near_func.text    ro code  0x00a25f    0x47  ebyte_kfifo.o [1]
  .near_func.text    ro code  0x00a2a6    0x47  stm8l15x_it.o [1]
  .near_func.text    ro code  0x00a2ed    0x43  board_button.o [1]
  .near_func.text    ro code  0x00a330    0x3f  ebyte_e49x.o [1]
  .near_func.text    ro code  0x00a36f    0x3b  board.o [1]
  .near.rodata       const    0x00a3aa    0x3a  main.o [1]
  .near_func.text    ro code  0x00a3e4    0x3a  board.o [1]
  .near_func.text    ro code  0x00a41e    0x36  short.o [4]
  .near.rodata       const    0x00a454    0x35  main.o [1]
  .near_func.text    ro code  0x00a489    0x33  board.o [1]
  .near_func.text    ro code  0x00a4bc    0x33  board_button.o [1]
  .near_func.text    ro code  0x00a4ef    0x2c  stm8l15x_gpio.o [1]
  .near.rodata       const    0x00a51b    0x2b  main.o [1]
  .near_func.text    ro code  0x00a546    0x28  init_small.o [4]
  .near_func.text    ro code  0x00a56e    0x27  stm8l15x_usart.o [1]
  .near_func.text    ro code  0x00a595    0x26  board.o [1]
  .near_func.text    ro code  0x00a5bb    0x24  board.o [1]
  .near_func.text    ro code  0x00a5df    0x24  board.o [1]
  .near_func.text    ro code  0x00a603    0x24  stm8l15x_tim3.o [1]
  .near_func.text    ro code  0x00a627    0x23  board.o [1]
  .near.rodata       const    0x00a64a    0x22  main.o [1]
  .near_func.text    ro code  0x00a66c    0x22  stm8l15x_usart.o [1]
  .near_func.text    ro code  0x00a68e    0x21  stm8l15x_exti.o [1]
  .near_func.text    ro code  0x00a6af    0x21  stm8l15x_it.o [1]
  .iar.init_table    const    0x00a6d0    0x12  - Linker created -
  .near_func.text    ro code  0x00a6e2    0x1f  board_mini_printf.o [1]
  .near_func.text    ro code  0x00a701    0x1e  init_small.o [4]
  .near_func.text    ro code  0x00a71f    0x1d  stm8l15x_it.o [1]
  .near_func.text    ro code  0x00a73c    0x1c  ebyte_kfifo.o [1]
  .near_func.text    ro code  0x00a758    0x1a  ebyte_port.o [1]
  .near_func.text    ro code  0x00a772    0x1a  ebyte_port.o [1]
  .near_func.text    ro code  0x00a78c    0x1a  ebyte_port.o [1]
  .near_func.text    ro code  0x00a7a6    0x1a  stm8l15x_tim3.o [1]
  .near_func.text    ro code  0x00a7c0    0x19  stm8l15x_it.o [1]
  .near_func.text    ro code  0x00a7d9    0x19  stm8l15x_it.o [1]
  .near_func.text    ro code  0x00a7f2    0x19  stm8l15x_it.o [1]
  .near_func.text    ro code  0x00a80b    0x18  stm8l15x_it.o [1]
  .near_func.text    ro code  0x00a823    0x18  dc_util.o [4]
  .near_func.text    ro code  0x00a83b    0x15  board.o [1]
  .near.rodata       const    0x00a850    0x14  main.o [1]
  .near_func.text    ro code  0x00a864    0x14  init.o [4]
  .near_func.text    ro code  0x00a878    0x14  __dbg_xxexit.o [3]
  .near_func.text    ro code  0x00a88c    0x13  cstartup.o [4]
  .near.rodata       const    0x00a89f    0x12  ebyte_core.o [1]
  .near.rodata       const    0x00a8b1    0x12  main.o [1]
  .near.rodata       const    0x00a8c3    0x12  main.o [1]
  .near_func.text    ro code  0x00a8d5    0x12  stm8l15x_gpio.o [1]
  .near.rodata       const    0x00a8e7    0x11  board_mini_printf.o [1]
  .near_func.text    ro code  0x00a8f8    0x10  ebyte_callback.o [1]
  .near_func.text    ro code  0x00a908     0xf  ebyte_callback.o [1]
  .near_func.text    ro code  0x00a917     0xf  ebyte_port.o [1]
  .near_func.text    ro code  0x00a926     0xe  board_button.o [1]
  .near_func.text    ro code  0x00a934     0xe  stm8l15x_comp.o [1]
  .near_func.text    ro code  0x00a942     0xd  stm8l15x_tim3.o [1]
  .near_func.text    ro code  0x00a94f     0xd  move.o [4]
  .near.rodata       const    0x00a95c     0xb  board_mini_printf.o [1]
  .near.rodata       const    0x00a967     0xb  main.o [1]
  .near_func.text    ro code  0x00a972     0xb  stm8l15x_tim3.o [1]
  .near_func.text    ro code  0x00a97d     0xa  ebyte_e49x.o [1]
  .near_func.text    ro code  0x00a987     0x9  board.o [1]
  .near_func.text    ro code  0x00a990     0x7  stm8l15x_gpio.o [1]
  .near_func.text    ro code  0x00a997     0x7  stm8l15x_gpio.o [1]
  .near.rodata       const    0x00a99e     0x5  ebyte_debug.o [1]
  .near.rodata       const    0x00a9a3     0x5  ebyte_debug.o [1]
  .near.rodata       const    0x00a9a8     0x5  ebyte_debug.o [1]
  .near.rodata       const    0x00a9ad     0x5  ebyte_debug.o [1]
  .near.rodata       const    0x00a9b2     0x5  stm8l15x_clk.o [1]
  .near_func.text    ro code  0x00a9b7     0x5  ebyte_e49x.o [1]
  .near_func.text    ro code  0x00a9bc     0x5  stm8l15x_tim3.o [1]
  .near_func.text    ro code  0x00a9c1     0x5  stm8l15x_usart.o [1]
  .near_func.text    ro code  0x00a9c6     0x5  cexit.o [4]
  .near_func.text    ro code  0x00a9cb     0x4  ebyte_e49x.o [1]
  .near_func.text    ro code  0x00a9cf     0x4  ebyte_e49x.o [1]
  .near_func.text    ro code  0x00a9d3     0x4  main.o [1]
  .near_func.text    ro code  0x00a9d7     0x4  stm8l15x_clk.o [1]
  .near_func.text    ro code  0x00a9db     0x4  stm8l15x_clk.o [1]
  .near_func.text    ro code  0x00a9df     0x3  ebyte_e49x.o [1]
  .near_func.text    ro code  0x00a9e2     0x3  stm8l15x_usart.o [1]
  .near_func.text    ro code  0x00a9e5     0x3  stm8l15x_usart.o [1]
  .near_func.text    ro code  0x00a9e8     0x3  interrupt.o [4]
  .near_func.text    ro code  0x00a9eb     0x3  low_level_init.o [4]
  .near_func.text    ro code  0x00a9ee     0x3  exit.o [4]
  .near_func.text    ro code  0x00a9f1     0x3  unhandled_exception.o [4]
  .near_func.text    ro code  0x00a9f4     0x1  board.o [1]
  .near_func.text    ro code  0x00a9f5     0x1  stm8l15x_it.o [1]
  .near_func.text    ro code  0x00a9f6     0x1  stm8l15x_it.o [1]
  .near_func.text    ro code  0x00a9f7     0x1  stm8l15x_it.o [1]
  .near_func.text    ro code  0x00a9f8     0x1  stm8l15x_it.o [1]
  .near_func.text    ro code  0x00a9f9     0x1  stm8l15x_it.o [1]
  .near_func.text    ro code  0x00a9fa     0x1  stm8l15x_it.o [1]
  .near_func.text    ro code  0x00a9fb     0x1  stm8l15x_it.o [1]
  .near_func.text    ro code  0x00a9fc     0x1  stm8l15x_it.o [1]
  .near_func.text    ro code  0x00a9fd     0x1  stm8l15x_it.o [1]
  .near_func.text    ro code  0x00a9fe     0x1  stm8l15x_it.o [1]
  .near_func.text    ro code  0x00a9ff     0x1  stm8l15x_it.o [1]
  .near_func.text    ro code  0x00aa00     0x1  stm8l15x_it.o [1]
  .near_func.text    ro code  0x00aa01     0x1  stm8l15x_it.o [1]
  .near_func.text    ro code  0x00aa02     0x1  stm8l15x_it.o [1]
  .near_func.text    ro code  0x00aa03     0x1  stm8l15x_it.o [1]
  .near_func.text    ro code  0x00aa04     0x1  stm8l15x_it.o [1]
  .near_func.text    ro code  0x00aa05     0x1  stm8l15x_it.o [1]
  .near_func.text    ro code  0x00aa06     0x1  stm8l15x_it.o [1]
  .near_func.text    ro code  0x00aa07     0x1  stm8l15x_it.o [1]
  .near_func.text    ro code  0x00aa08     0x1  stm8l15x_it.o [1]
  .near_func.text    ro code  0x00aa09     0x1  stm8l15x_it.o [1]
  .near_func.text    ro code  0x00aa0a     0x1  stm8l15x_it.o [1]
  .near_func.text    ro code  0x00aa0b     0x1  stm8l15x_it.o [1]
  .near_func.text    ro code  0x00aa0c     0x1  __dbg_break.o [3]
                            - 0x00aa0d  0x298d


*******************************************************************************
*** INIT TABLE
***

          Address   Size
          -------   ----
Zero (__iar_zero_init2)
    1 destination range, total size 0x10c:
          0x000086  0x10c

Copy (__iar_copy_init2)
    1 source range, total size 0x76:
          0x009e62   0x76
    1 destination range, total size 0x76:
          0x000010   0x76



*******************************************************************************
*** MODULE SUMMARY
***

    Module                 ro code  ro data  rw data
    ------                 -------  -------  -------
E:\0_Ebyte_Product\0_Ebyte\E15\E15-EVB02\Software\2021-05-06-Project\0_Project\IAR_for_Stm8\ExMx_Demo\E15-EVB02_E49-900M20S\Obj: [1]
    board.o                    545                23
    board_button.o             132
    board_mini_printf.o      1 142       28
    ebyte_callback.o            31
    ebyte_core.o                         18
    ebyte_debug.o              678       20
    ebyte_e49x.o             2 221      108      174
    ebyte_kfifo.o              788
    ebyte_port.o               183
    main.o                     770      265      175
    stm8l15x_clk.o             259        5
    stm8l15x_comp.o             14
    stm8l15x_exti.o            302
    stm8l15x_gpio.o            218
    stm8l15x_it.o              520                14
    stm8l15x_syscfg.o           85
    stm8l15x_tim3.o             91
    stm8l15x_usart.o           434
    ------------------------------------------------
    Total:                   8 413      444      386

command line: [2]
    ------------------------------------------------
    Total:

dbgstm8smd.a: [3]
    __dbg_break.o                1
    __dbg_xxexit.o              20
    ------------------------------------------------
    Total:                      21

dlstm8smn.a: [4]
    cexit.o                      5
    cstartup.o                  19
    dc_util.o                   24
    exit.o                       3
    float.o                    813
    init.o                      20
    init_small.o                70
    interrupt.o                  3      128
    long.o                     294
    long_util.o                 84
    low_level_init.o             3
    move.o                      13
    short.o                     54
    unhandled_exception.o        3
    vreg_util.o                333
    vregs.o                                       16
    ------------------------------------------------
    Total:                   1 741      128       16

    Linker created                       18      256
----------------------------------------------------
    Grand Total:            10 175      590      658


*******************************************************************************
*** ENTRY LIST
***

Entry                    Address   Size  Type      Object
-----                    -------   ----  ----      ------
.iar.init_table$$Base   0x00a6d0          --   Gb  - Linker created -
.iar.init_table$$Limit  0x00a6e2          --   Gb  - Linker created -
?add32_l0_l0_0x         0x009516         Code  Gb  long.o [4]
?and32_l0_l0_0x         0x0095c1         Code  Gb  long.o [4]
?b0                     0x000000         Data  Gb  vregs.o [4]
?b1                     0x000001         Data  Gb  vregs.o [4]
?b10                    0x00000a         Data  Gb  vregs.o [4]
?b11                    0x00000b         Data  Gb  vregs.o [4]
?b12                    0x00000c         Data  Gb  vregs.o [4]
?b13                    0x00000d         Data  Gb  vregs.o [4]
?b14                    0x00000e         Data  Gb  vregs.o [4]
?b15                    0x00000f         Data  Gb  vregs.o [4]
?b2                     0x000002         Data  Gb  vregs.o [4]
?b3                     0x000003         Data  Gb  vregs.o [4]
?b4                     0x000004         Data  Gb  vregs.o [4]
?b5                     0x000005         Data  Gb  vregs.o [4]
?b6                     0x000006         Data  Gb  vregs.o [4]
?b7                     0x000007         Data  Gb  vregs.o [4]
?b8                     0x000008         Data  Gb  vregs.o [4]
?b9                     0x000009         Data  Gb  vregs.o [4]
?dc32_l1                0x00a823         Code  Gb  dc_util.o [4]
?dc32_px                0x00a830         Code  Gb  dc_util.o [4]
?dec32_0x_0x            0x009502         Code  Gb  long.o [4]
?dec32_l0_l0            0x0094fd         Code  Gb  long.o [4]
?e0                     0x000001         Data  Gb  vregs.o [4]
?e1                     0x000005         Data  Gb  vregs.o [4]
?e2                     0x000009         Data  Gb  vregs.o [4]
?e3                     0x00000d         Data  Gb  vregs.o [4]
?epilogue_l2            0x009449         Code  Gb  vreg_util.o [4]
?epilogue_l2_l3         0x009446         Code  Gb  vreg_util.o [4]
?epilogue_l2_w6         0x00944d         Code  Gb  vreg_util.o [4]
?epilogue_w4            0x009454         Code  Gb  vreg_util.o [4]
?fadd32_l0_l0_l1        0x0087e8         Code  Gb  float.o [4]
?fcastf32s16_l0_x       0x0089ab         Code  Gb  float.o [4]
?fcastf32u16_l0_x       0x0089b2         Code  Gb  float.o [4]
?fcasts16f32_x_l0       0x0089d0         Code  Gb  float.o [4]
?fcmplt32_c_l0_0x       0x008955         Code  Gb  float.o [4]
?fcmplt32_c_l0_dc32     0x008950         Code  Gb  float.o [4]
?fmul32_l0_l0_dc32      0x0088b6         Code  Gb  float.o [4]
?fmul32_l0_l0_l1        0x0088bb         Code  Gb  float.o [4]
?fsub32_l0_l0_l1        0x0087e2         Code  Gb  float.o [4]
?inc32_0x_0x            0x0094ef         Code  Gb  long.o [4]
?inc32_l0_l0            0x0094ea         Code  Gb  long.o [4]
?l0                     0x000000         Data  Gb  vregs.o [4]
?l1                     0x000004         Data  Gb  vregs.o [4]
?l2                     0x000008         Data  Gb  vregs.o [4]
?l3                     0x00000c         Data  Gb  vregs.o [4]
?load32_0x_l0           0x00a168         Code  Gb  long_util.o [4]
?load32_0x_l1           0x00a176         Code  Gb  long_util.o [4]
?load32_l0_0x           0x00a140         Code  Gb  long_util.o [4]
?load32_l0_asp          0x00a135         Code  Gb  long_util.o [4]
?load32_l0_dbsp         0x00a130         Code  Gb  long_util.o [4]
?load32_l0_xsp          0x00a137         Code  Gb  long_util.o [4]
?load32_l1_0x           0x00a15c         Code  Gb  long_util.o [4]
?load32_l1_asp          0x00a151         Code  Gb  long_util.o [4]
?load32_l1_dbsp         0x00a14c         Code  Gb  long_util.o [4]
?load32_l1_xsp          0x00a153         Code  Gb  long_util.o [4]
?mov_e0_e1              0x00947e         Code  Gb  vreg_util.o [4]
?mov_e0_e2              0x00948b         Code  Gb  vreg_util.o [4]
?mov_e0_e3              0x009498         Code  Gb  vreg_util.o [4]
?mov_e1_e0              0x0094a5         Code  Gb  vreg_util.o [4]
?mov_e1_e2              0x0094b2         Code  Gb  vreg_util.o [4]
?mov_e1_e3              0x0094bf         Code  Gb  vreg_util.o [4]
?mov_e2_e0              0x0094cc         Code  Gb  vreg_util.o [4]
?mov_e3_e0              0x0094d9         Code  Gb  vreg_util.o [4]
?mov_l0_l1              0x00947b         Code  Gb  vreg_util.o [4]
?mov_l0_l2              0x009488         Code  Gb  vreg_util.o [4]
?mov_l0_l3              0x009495         Code  Gb  vreg_util.o [4]
?mov_l1_l0              0x0094a2         Code  Gb  vreg_util.o [4]
?mov_l1_l2              0x0094af         Code  Gb  vreg_util.o [4]
?mov_l1_l3              0x0094bc         Code  Gb  vreg_util.o [4]
?mov_l2_l0              0x0094c9         Code  Gb  vreg_util.o [4]
?mov_l3_l0              0x0094d6         Code  Gb  vreg_util.o [4]
?mov_w0_w2              0x009458         Code  Gb  vreg_util.o [4]
?mov_w1_w0              0x00945f         Code  Gb  vreg_util.o [4]
?mov_w1_w3              0x009481         Code  Gb  vreg_util.o [4]
?mov_w1_w5              0x00948e         Code  Gb  vreg_util.o [4]
?mov_w1_w7              0x00949b         Code  Gb  vreg_util.o [4]
?mov_w2_w1              0x009466         Code  Gb  vreg_util.o [4]
?mov_w2_w5              0x00946d         Code  Gb  vreg_util.o [4]
?mov_w3_w1              0x0094a8         Code  Gb  vreg_util.o [4]
?mov_w3_w5              0x0094b5         Code  Gb  vreg_util.o [4]
?mov_w3_w7              0x0094c2         Code  Gb  vreg_util.o [4]
?mov_w5_w0              0x009474         Code  Gb  vreg_util.o [4]
?mov_w5_w1              0x0094cf         Code  Gb  vreg_util.o [4]
?mov_w7_w1              0x0094dc         Code  Gb  vreg_util.o [4]
?mov_w7_w5              0x0094e3         Code  Gb  vreg_util.o [4]
?move1616_v_x_y_a       0x00a94f         Code  Gb  move.o [4]
?or32_l0_l0_0x          0x0095dc         Code  Gb  long.o [4]
?or32_l0_l0_l1          0x0095d9         Code  Gb  long.o [4]
?pop_l0                 0x009412         Code  Gb  vreg_util.o [4]
?pop_l1                 0x00941d         Code  Gb  vreg_util.o [4]
?pop_l2                 0x009428         Code  Gb  vreg_util.o [4]
?pop_l3                 0x009433         Code  Gb  vreg_util.o [4]
?pop_w4                 0x0093c4         Code  Gb  vreg_util.o [4]
?pop_w6                 0x0093cb         Code  Gb  vreg_util.o [4]
?pop_w7                 0x0093d2         Code  Gb  vreg_util.o [4]
?push_l0                0x0093e1         Code  Gb  vreg_util.o [4]
?push_l1                0x0093e6         Code  Gb  vreg_util.o [4]
?push_l2                0x0093eb         Code  Gb  vreg_util.o [4]
?push_l3                0x0093f0         Code  Gb  vreg_util.o [4]
?push_w0                0x00939d         Code  Gb  vreg_util.o [4]
?push_w4                0x0093a2         Code  Gb  vreg_util.o [4]
?push_w6                0x0093a7         Code  Gb  vreg_util.o [4]
?push_w7                0x0093ac         Code  Gb  vreg_util.o [4]
?sdiv16_x_x_y           0x00a41e         Code  Gb  short.o [4]
?sext32_l0_x            0x009605         Code  Gb  long.o [4]
?sll16_x_x_a            0x00a447         Code  Gb  short.o [4]
?sll32_0x_0x_a          0x0095f7         Code  Gb  long.o [4]
?sll32_l0_l0_a          0x0095f4         Code  Gb  long.o [4]
?smod16_y_x_y           0x00a437         Code  Gb  short.o [4]
?srl16_x_x_4            0x00a44f         Code  Gb  short.o [4]
?sub32_l0_l0_0x         0x009531         Code  Gb  long.o [4]
?sub32_l0_l0_l1         0x00952e         Code  Gb  long.o [4]
?ucmp32_c_l0_l1         0x0095b6         Code  Gb  long.o [4]
?udiv32_l0_l0_l1        0x009549         Code  Gb  long.o [4]
?umod32_l1_l0_l1        0x009549         Code  Gb  long.o [4]
?w0                     0x000000         Data  Gb  vregs.o [4]
?w1                     0x000002         Data  Gb  vregs.o [4]
?w2                     0x000004         Data  Gb  vregs.o [4]
?w3                     0x000006         Data  Gb  vregs.o [4]
?w4                     0x000008         Data  Gb  vregs.o [4]
?w5                     0x00000a         Data  Gb  vregs.o [4]
?w6                     0x00000c         Data  Gb  vregs.o [4]
?w7                     0x00000e         Data  Gb  vregs.o [4]
ADC1_COMP_IRQHandler    0x00a80b   0x18  Code  Gb  stm8l15x_it.o [1]
BSP_BTN_FIFO            0x000166   0x13  Data  Gb  board.o [1]
BTN_Event               0x00018f    0x1  Data  Lc  main.o [1]
BufferPing              0x00007c    0x5  Data  Gb  main.o [1]
BufferPong              0x000081    0x5  Data  Gb  main.o [1]
Button1_TickCounter     0x000185    0x2  Data  Lc  stm8l15x_it.o [1]
Button2_TickCounter     0x000187    0x2  Data  Lc  stm8l15x_it.o [1]
CLK_GetClockFreq        0x009f4d   0x72  Code  Gb  stm8l15x_clk.o [1]
CLK_PeripheralClockConfig
                        0x009d5d   0x89  Code  Gb  stm8l15x_clk.o [1]
CLK_SYSCLKDivConfig     0x00a9db    0x4  Code  Gb  stm8l15x_clk.o [1]
CLK_SYSCLKSourceConfig  0x00a9d7    0x4  Code  Gb  stm8l15x_clk.o [1]
COMP_ClearFlag          0x00a934    0xe  Code  Gb  stm8l15x_comp.o [1]
CSTACK$$Base            0x000700          --   Gb  - Linker created -
CSTACK$$Limit           0x000800          --   Gb  - Linker created -
Callback_isPingCheckReady
                        0x00018d    0x1  Data  Gb  main.o [1]
DMA1_CHANNEL0_1_IRQHandler
                        0x00a9f7    0x1  Code  Gb  stm8l15x_it.o [1]
DMA1_CHANNEL2_3_IRQHandler
                        0x00a9f8    0x1  Code  Gb  stm8l15x_it.o [1]
E49x_ClearFIFO          0x0081fe   0x16  Code  Lc  ebyte_e49x.o [1]
E49x_ClearIRQ           0x008470   0xd9  Code  Gb  ebyte_e49x.o [1]
E49x_Config             0x008683  0x13f  Code  Lc  ebyte_e49x.o [1]
E49x_Config_Baseband    0x000054   0x1d  Data  Gb  ebyte_e49x.o [1]
E49x_Config_CMT         0x00001c    0xc  Data  Gb  ebyte_e49x.o [1]
E49x_Config_DataRate    0x00003c   0x18  Data  Gb  ebyte_e49x.o [1]
E49x_Config_Frequency   0x000034    0x8  Data  Gb  ebyte_e49x.o [1]
E49x_Config_System      0x000028    0xc  Data  Gb  ebyte_e49x.o [1]
E49x_Config_TX          0x000071    0xb  Data  Gb  ebyte_e49x.o [1]
E49x_GetDriverVersion   0x00a9df    0x3  Code  Gb  ebyte_e49x.o [1]
E49x_GetFIFO            0x008173   0x8b  Code  Lc  ebyte_e49x.o [1]
E49x_GetIRQ             0x008436   0x3a  Code  Lc  ebyte_e49x.o [1]
E49x_GetName            0x00a9cb    0x4  Code  Gb  ebyte_e49x.o [1]
E49x_GetRegister        0x0080c6   0x49  Code  Lc  ebyte_e49x.o [1]
E49x_GetStatus          0x00a9cf    0x4  Code  Gb  ebyte_e49x.o [1]
E49x_GoFIFO             0x008214   0x35  Code  Lc  ebyte_e49x.o [1]
E49x_GoIRQ              0x008549    0x7  Code  Lc  ebyte_e49x.o [1]
E49x_GoReceive          0x008550   0x6c  Code  Gb  ebyte_e49x.o [1]
E49x_GoSleep            0x0087c2    0x3  Code  Gb  ebyte_e49x.o [1]
E49x_GoTransmit         0x0085bc   0x87  Code  Gb  ebyte_e49x.o [1]
E49x_HalfSpiReceive     0x00a218   0x47  Code  Lc  ebyte_e49x.o [1]
E49x_HalfSpiTransmit    0x00a330   0x3f  Code  Lc  ebyte_e49x.o [1]
E49x_IRQ_Trigger        0x00018a    0x1  Data  Lc  ebyte_e49x.o [1]
E49x_Init               0x00a184   0x4c  Code  Gb  ebyte_e49x.o [1]
E49x_IsAlive            0x008643   0x40  Code  Lc  ebyte_e49x.o [1]
E49x_NameString         0x000010    0xc  Data  Lc  ebyte_e49x.o [1]
E49x_ReceiveBuffer      0x0000d2   0x40  Data  Lc  ebyte_e49x.o [1]
E49x_Reset              0x008249    0x9  Code  Gb  ebyte_e49x.o [1]
E49x_SetFIFO            0x00810f   0x64  Code  Lc  ebyte_e49x.o [1]
E49x_SetGPIO            0x0083f2    0x7  Code  Lc  ebyte_e49x.o [1]
E49x_SetIRQ             0x0083f9   0x3d  Code  Lc  ebyte_e49x.o [1]
E49x_SetPayloadSize     0x0083c4   0x2e  Code  Lc  ebyte_e49x.o [1]
E49x_SetReceive         0x0082a0   0x6b  Code  Lc  ebyte_e49x.o [1]
E49x_SetRegister        0x008080   0x46  Code  Lc  ebyte_e49x.o [1]
E49x_SetSleep           0x008376   0x4e  Code  Lc  ebyte_e49x.o [1]
E49x_SetStby            0x008252   0x4e  Code  Lc  ebyte_e49x.o [1]
E49x_SetTransmit        0x00830b   0x6b  Code  Lc  ebyte_e49x.o [1]
E49x_SpiDelay           0x00a97d    0xa  Code  Lc  ebyte_e49x.o [1]
E49x_Status             0x000189    0x1  Data  Lc  ebyte_e49x.o [1]
E49x_TaskForIRQ         0x00a9b7    0x5  Code  Gb  ebyte_e49x.o [1]
E49x_TaskForPoll        0x009de6   0x7c  Code  Gb  ebyte_e49x.o [1]
EXTI0_IRQHandler        0x00a9fd    0x1  Code  Gb  stm8l15x_it.o [1]
EXTI1_IRQHandler        0x00a9fe    0x1  Code  Gb  stm8l15x_it.o [1]
EXTI2_IRQHandler        0x00a71f   0x1d  Code  Gb  stm8l15x_it.o [1]
EXTI3_IRQHandler        0x00a7c0   0x19  Code  Gb  stm8l15x_it.o [1]
EXTI4_IRQHandler        0x00a7d9   0x19  Code  Gb  stm8l15x_it.o [1]
EXTI5_IRQHandler        0x00a7f2   0x19  Code  Gb  stm8l15x_it.o [1]
EXTI6_IRQHandler        0x00a9ff    0x1  Code  Gb  stm8l15x_it.o [1]
EXTI7_IRQHandler        0x00aa00    0x1  Code  Gb  stm8l15x_it.o [1]
EXTIB_G_IRQHandler      0x00a9fb    0x1  Code  Gb  stm8l15x_it.o [1]
EXTID_H_IRQHandler      0x00a9fc    0x1  Code  Gb  stm8l15x_it.o [1]
EXTIE_F_PVD_IRQHandler  0x00a9fa    0x1  Code  Gb  stm8l15x_it.o [1]
EXTI_ClearITPendingBit  0x00a68e   0x21  Code  Gb  stm8l15x_exti.o [1]
EXTI_SetPinSensitivity  0x009610  0x10d  Code  Gb  stm8l15x_exti.o [1]
Ebyte_BSP_DelayMs       0x00a5bb   0x24  Code  Gb  board.o [1]
Ebyte_BSP_E49xGPIO_Init
                        0x009ed8   0x75  Code  Gb  board.o [1]
Ebyte_BSP_GPIO_Init     0x00a489   0x33  Code  Gb  board.o [1]
Ebyte_BSP_HSI_Init      0x00a987    0x9  Code  Gb  board.o [1]
Ebyte_BSP_HalfSPI_Init  0x00a9f4    0x1  Code  Gb  board.o [1]
Ebyte_BSP_Init          0x00a83b   0x15  Code  Gb  board.o [1]
Ebyte_BSP_LedControl    0x00a3e4   0x3a  Code  Gb  board.o [1]
Ebyte_BSP_ReadButton    0x00a627   0x23  Code  Gb  board.o [1]
Ebyte_BSP_TIMER_Init    0x00a595   0x26  Code  Gb  board.o [1]
Ebyte_BSP_TimerDecrement
                        0x00a5df   0x24  Code  Gb  board.o [1]
Ebyte_BSP_UART_Init     0x00a0dc   0x54  Code  Gb  board.o [1]
Ebyte_BSP_UartTransmit  0x00a36f   0x3b  Code  Gb  board.o [1]
Ebyte_BTN_FIFO_Init     0x00a926    0xe  Code  Gb  board_button.o [1]
Ebyte_BTN_FIFO_Pop      0x00a4bc   0x33  Code  Gb  board_button.o [1]
Ebyte_BTN_FIFO_Push     0x00a2ed   0x43  Code  Gb  board_button.o [1]
Ebyte_DEBUG_CommandEcho
                        0x008af2  0x2a6  Code  Gb  ebyte_debug.o [1]
Ebyte_FIFO_GetDataLength
                        0x00a73c   0x1c  Code  Gb  ebyte_kfifo.o [1]
Ebyte_FIFO_Init         0x00a25f   0x47  Code  Gb  ebyte_kfifo.o [1]
Ebyte_FIFO_Read         0x00924f  0x14e  Code  Gb  ebyte_kfifo.o [1]
Ebyte_FIFO_Write        0x0090ec  0x163  Code  Gb  ebyte_kfifo.o [1]
Ebyte_Port_CsbIoControl
                        0x00a772   0x1a  Code  Gb  ebyte_port.o [1]
Ebyte_Port_DelayUs      0x00a917    0xf  Code  Gb  ebyte_port.o [1]
Ebyte_Port_FcsbIoControl
                        0x00a78c   0x1a  Code  Gb  ebyte_port.o [1]
Ebyte_Port_ReceiveCallback
                        0x00a8f8   0x10  Code  Gb  ebyte_callback.o [1]
Ebyte_Port_SdioIoControl
                        0x00a02d   0x5a  Code  Gb  ebyte_port.o [1]
Ebyte_Port_SlckIoControl
                        0x00a758   0x1a  Code  Gb  ebyte_port.o [1]
Ebyte_Port_TransmitCallback
                        0x00a908    0xf  Code  Gb  ebyte_callback.o [1]
Ebyte_RF                0x00a89f   0x12  Data  Gb  ebyte_core.o [1]
Ebyte_TimerDelayCounter
                        0x000179    0x4  Data  Gb  board.o [1]
FIFO_TickCounter        0x000181    0x4  Data  Lc  stm8l15x_it.o [1]
FIFO_isTimeCheckReady   0x00018c    0x1  Data  Gb  main.o [1]
FLASH_IRQHandler        0x00a9f6    0x1  Code  Gb  stm8l15x_it.o [1]
GPIO_ExternalPullUpConfig
                        0x00a4ef   0x2c  Code  Gb  stm8l15x_gpio.o [1]
GPIO_Init               0x009ccf   0x8e  Code  Gb  stm8l15x_gpio.o [1]
GPIO_ReadInputDataBit   0x00a997    0x7  Code  Gb  stm8l15x_gpio.o [1]
GPIO_ToggleBits         0x00a990    0x7  Code  Gb  stm8l15x_gpio.o [1]
GPIO_WriteBit           0x00a8d5   0x12  Code  Gb  stm8l15x_gpio.o [1]
I2C1_SPI2_IRQHandler    0x00aa0b    0x1  Code  Gb  stm8l15x_it.o [1]
INTVEC$$Base            0x008000          --   Gb  - Linker created -
INTVEC$$Limit           0x008080          --   Gb  - Linker created -
IT_Timer_ButtonCheck    0x009fbf   0x6e  Code  Gb  stm8l15x_it.o [1]
IT_Timer_UartCheck      0x009ba0   0x9b  Code  Gb  stm8l15x_it.o [1]
LCD_AES_IRQHandler      0x00aa01    0x1  Code  Gb  stm8l15x_it.o [1]
PC_isConnected          0x00018e    0x1  Data  Gb  main.o [1]
PcEchoBuffer            0x000152   0x14  Data  Gb  main.o [1]
RTC_CSSLSE_IRQHandler   0x00a9f9    0x1  Code  Gb  stm8l15x_it.o [1]
Region$$Table$$Base     0x00a6d0          --   Gb  - Linker created -
Region$$Table$$Limit    0x00a6e2          --   Gb  - Linker created -
SPI1_IRQHandler         0x00aa09    0x1  Code  Gb  stm8l15x_it.o [1]
SWITCH_CSS_BREAK_DAC_IRQHandler
                        0x00aa02    0x1  Code  Gb  stm8l15x_it.o [1]
SYSCFG_REMAPPinConfig   0x00a087   0x55  Code  Gb  stm8l15x_syscfg.o [1]
SYSDivFactor            0x00a9b2    0x5  Data  Gb  stm8l15x_clk.o [1]
SimulatedCommandsButton1
                        0x00a99e    0x5  Data  Gb  ebyte_debug.o [1]
SimulatedCommandsButton2
                        0x00a9a3    0x5  Data  Gb  ebyte_debug.o [1]
SimulatedCommandsWireless1
                        0x00a9a8    0x5  Data  Gb  ebyte_debug.o [1]
SimulatedCommandsWireless2
                        0x00a9ad    0x5  Data  Gb  ebyte_debug.o [1]
TIM1_CC_IRQHandler      0x00aa07    0x1  Code  Gb  stm8l15x_it.o [1]
TIM1_UPD_OVF_TRG_COM_IRQHandler
                        0x00aa06    0x1  Code  Gb  stm8l15x_it.o [1]
TIM2_CC_USART2_RX_IRQHandler
                        0x00aa04    0x1  Code  Gb  stm8l15x_it.o [1]
TIM2_UPD_OVF_TRG_BRK_USART2_TX_IRQHandler
                        0x00aa03    0x1  Code  Gb  stm8l15x_it.o [1]
TIM3_CC_USART3_RX_IRQHandler
                        0x00aa05    0x1  Code  Gb  stm8l15x_it.o [1]
TIM3_ClearFlag          0x00a972    0xb  Code  Gb  stm8l15x_tim3.o [1]
TIM3_ClearITPendingBit  0x00a9bc    0x5  Code  Gb  stm8l15x_tim3.o [1]
TIM3_Cmd                0x00a942    0xd  Code  Gb  stm8l15x_tim3.o [1]
TIM3_ITConfig           0x00a7a6   0x1a  Code  Gb  stm8l15x_tim3.o [1]
TIM3_TimeBaseInit       0x00a603   0x24  Code  Gb  stm8l15x_tim3.o [1]
TIM3_UPD_OVF_TRG_BRK_USART3_TX_IRQHandler
                        0x00a6af   0x21  Code  Gb  stm8l15x_it.o [1]
TIM4_UPD_OVF_TRG_IRQHandler
                        0x00aa08    0x1  Code  Gb  stm8l15x_it.o [1]
TRAP_IRQHandler         0x00a9f5    0x1  Code  Gb  stm8l15x_it.o [1]
Task_Button             0x009925   0xec  Code  Gb  main.o [1]
Task_Transmit           0x009adb   0xc5  Code  Gb  main.o [1]
TxBuffer                0x000112   0x40  Data  Gb  main.o [1]
USART1_RX_TIM5_CC_IRQHandler
                        0x00a2a6   0x47  Code  Gb  stm8l15x_it.o [1]
USART1_TX_TIM5_UPD_OVF_TRG_BRK_IRQHandler
                        0x00aa0a    0x1  Code  Gb  stm8l15x_it.o [1]
USART_ClearITPendingBit
                        0x00a9c1    0x5  Code  Gb  stm8l15x_usart.o [1]
USART_Cmd               0x00a56e   0x27  Code  Gb  stm8l15x_usart.o [1]
USART_GetFlagStatus     0x00a66c   0x22  Code  Gb  stm8l15x_usart.o [1]
USART_ITConfig          0x009c3b   0x94  Code  Gb  stm8l15x_usart.o [1]
USART_Init              0x009a11   0xca  Code  Gb  stm8l15x_usart.o [1]
USART_ReceiveData8      0x00a9e2    0x3  Code  Gb  stm8l15x_usart.o [1]
USART_SendData8         0x00a9e5    0x3  Code  Gb  stm8l15x_usart.o [1]
Uart_TickCounter        0x00017d    0x4  Data  Lc  stm8l15x_it.o [1]
Uart_isContinuousRecv   0x000191    0x1  Data  Lc  stm8l15x_it.o [1]
Uart_isInRecvState      0x000190    0x1  Data  Lc  stm8l15x_it.o [1]
Uart_isRecvReady        0x00018b    0x1  Data  Gb  main.o [1]
UserReceiveDoneCallback
                        0x00971d  0x105  Code  Gb  main.o [1]
UserTransmitDoneCallback
                        0x00a9d3    0x4  Code  Gb  main.o [1]
__DebugBreak            0x00aa0c    0x1  Code  Gb  __dbg_break.o [3]
__exit                  0x00a878   0x14  Code  Gb  __dbg_xxexit.o [3]
__iar_copy_init2        0x00a546         Code  Gb  init_small.o [4]
__iar_data_init2        0x00a864   0x14  Code  Gb  init.o [4]
__iar_program_start     0x00a88c         Code  Gb  cstartup.o [4]
__iar_unhandled_exception
                        0x00a9f1         Code  Gb  unhandled_exception.o [4]
__iar_zero_init2        0x00a701         Code  Gb  init_small.o [4]
__intvec                0x008000         Data  Gb  interrupt.o [4]
__low_level_init        0x00a9eb    0x3  Code  Gb  low_level_init.o [4]
_exit                   0x00a9c6         Code  Gb  cexit.o [4]
_interrupt_1            0x00a9f5         Code  Gb  stm8l15x_it.o [1]
_interrupt_10           0x00a9fd         Code  Gb  stm8l15x_it.o [1]
_interrupt_11           0x00a9fe         Code  Gb  stm8l15x_it.o [1]
_interrupt_12           0x00a71f         Code  Gb  stm8l15x_it.o [1]
_interrupt_13           0x00a7c0         Code  Gb  stm8l15x_it.o [1]
_interrupt_14           0x00a7d9         Code  Gb  stm8l15x_it.o [1]
_interrupt_15           0x00a7f2         Code  Gb  stm8l15x_it.o [1]
_interrupt_16           0x00a9ff         Code  Gb  stm8l15x_it.o [1]
_interrupt_17           0x00aa00         Code  Gb  stm8l15x_it.o [1]
_interrupt_18           0x00aa01         Code  Gb  stm8l15x_it.o [1]
_interrupt_19           0x00aa02         Code  Gb  stm8l15x_it.o [1]
_interrupt_20           0x00a80b         Code  Gb  stm8l15x_it.o [1]
_interrupt_21           0x00aa03         Code  Gb  stm8l15x_it.o [1]
_interrupt_22           0x00aa04         Code  Gb  stm8l15x_it.o [1]
_interrupt_23           0x00a6af         Code  Gb  stm8l15x_it.o [1]
_interrupt_24           0x00aa05         Code  Gb  stm8l15x_it.o [1]
_interrupt_25           0x00aa06         Code  Gb  stm8l15x_it.o [1]
_interrupt_26           0x00aa07         Code  Gb  stm8l15x_it.o [1]
_interrupt_27           0x00aa08         Code  Gb  stm8l15x_it.o [1]
_interrupt_28           0x00aa09         Code  Gb  stm8l15x_it.o [1]
_interrupt_29           0x00aa0a         Code  Gb  stm8l15x_it.o [1]
_interrupt_3            0x00a9f6         Code  Gb  stm8l15x_it.o [1]
_interrupt_30           0x00a2a6         Code  Gb  stm8l15x_it.o [1]
_interrupt_31           0x00aa0b         Code  Gb  stm8l15x_it.o [1]
_interrupt_4            0x00a9f7         Code  Gb  stm8l15x_it.o [1]
_interrupt_5            0x00a9f8         Code  Gb  stm8l15x_it.o [1]
_interrupt_6            0x00a9f9         Code  Gb  stm8l15x_it.o [1]
_interrupt_7            0x00a9fa         Code  Gb  stm8l15x_it.o [1]
_interrupt_8            0x00a9fb         Code  Gb  stm8l15x_it.o [1]
_interrupt_9            0x00a9fc         Code  Gb  stm8l15x_it.o [1]
exit                    0x00a9ee    0x3  Code  Gb  exit.o [4]
hfifo                   0x000086   0x4c  Data  Gb  main.o [1]
main                    0x00a1d0   0x48  Code  Gb  main.o [1]
mprintf                 0x008f88  0x164  Code  Gb  board_mini_printf.o [1]
send_uart_data          0x00a6e2   0x1f  Code  Lc  board_mini_printf.o [1]
sky_ftoa                0x008d98  0x1f0  Code  Lc  board_mini_printf.o [1]
sky_itoa                0x009822  0x103  Code  Lc  board_mini_printf.o [1]


[1] = E:\0_Ebyte_Product\0_Ebyte\E15\E15-EVB02\Software\2021-05-06-Project\0_Project\IAR_for_Stm8\ExMx_Demo\E15-EVB02_E49-900M20S\Obj
[2] = command line
[3] = dbgstm8smd.a
[4] = dlstm8smn.a

  10 175 bytes of readonly  code memory
     590 bytes of readonly  data memory
     658 bytes of readwrite data memory

Errors: none
Warnings: none
