###############################################################################
#
# IAR ELF Linker V3.10.1.201 for STM8                     07/Jul/2021  13:59:23
# Copyright 2010-2017 IAR Systems AB.
#
#    Output file  =  
#        E:\0_Ebyte_Product\0_Ebyte\E15\E15-EVB02\Software\2021-05-06-Project\0_Project\IAR_for_Stm8\ExMx_Demo\E15-EVB02_E07-400M10S\Exe\project.out
#    Map file     =  
#        E:\0_Ebyte_Product\0_Ebyte\E15\E15-EVB02\Software\2021-05-06-Project\0_Project\IAR_for_Stm8\ExMx_Demo\E15-EVB02_E07-400M10S\List\project.map
#    Command line =  
#        -f C:\Users\529880~1\AppData\Local\Temp\EW30C5.tmp
#        (E:\0_Ebyte_Product\0_Ebyte\E15\E15-EVB02\Software\2021-05-06-Project\0_Project\IAR_for_Stm8\ExMx_Demo\E15-EVB02_E07-400M10S\Obj\board.o
#        E:\0_Ebyte_Product\0_Ebyte\E15\E15-EVB02\Software\2021-05-06-Project\0_Project\IAR_for_Stm8\ExMx_Demo\E15-EVB02_E07-400M10S\Obj\board_button.o
#        E:\0_Ebyte_Product\0_Ebyte\E15\E15-EVB02\Software\2021-05-06-Project\0_Project\IAR_for_Stm8\ExMx_Demo\E15-EVB02_E07-400M10S\Obj\board_mini_printf.o
#        E:\0_Ebyte_Product\0_Ebyte\E15\E15-EVB02\Software\2021-05-06-Project\0_Project\IAR_for_Stm8\ExMx_Demo\E15-EVB02_E07-400M10S\Obj\ebyte_callback.o
#        E:\0_Ebyte_Product\0_Ebyte\E15\E15-EVB02\Software\2021-05-06-Project\0_Project\IAR_for_Stm8\ExMx_Demo\E15-EVB02_E07-400M10S\Obj\ebyte_core.o
#        E:\0_Ebyte_Product\0_Ebyte\E15\E15-EVB02\Software\2021-05-06-Project\0_Project\IAR_for_Stm8\ExMx_Demo\E15-EVB02_E07-400M10S\Obj\ebyte_debug.o
#        E:\0_Ebyte_Product\0_Ebyte\E15\E15-EVB02\Software\2021-05-06-Project\0_Project\IAR_for_Stm8\ExMx_Demo\E15-EVB02_E07-400M10S\Obj\ebyte_e07x.o
#        E:\0_Ebyte_Product\0_Ebyte\E15\E15-EVB02\Software\2021-05-06-Project\0_Project\IAR_for_Stm8\ExMx_Demo\E15-EVB02_E07-400M10S\Obj\ebyte_kfifo.o
#        E:\0_Ebyte_Product\0_Ebyte\E15\E15-EVB02\Software\2021-05-06-Project\0_Project\IAR_for_Stm8\ExMx_Demo\E15-EVB02_E07-400M10S\Obj\ebyte_port.o
#        E:\0_Ebyte_Product\0_Ebyte\E15\E15-EVB02\Software\2021-05-06-Project\0_Project\IAR_for_Stm8\ExMx_Demo\E15-EVB02_E07-400M10S\Obj\main.o
#        E:\0_Ebyte_Product\0_Ebyte\E15\E15-EVB02\Software\2021-05-06-Project\0_Project\IAR_for_Stm8\ExMx_Demo\E15-EVB02_E07-400M10S\Obj\stm8l15x_adc.o
#        E:\0_Ebyte_Product\0_Ebyte\E15\E15-EVB02\Software\2021-05-06-Project\0_Project\IAR_for_Stm8\ExMx_Demo\E15-EVB02_E07-400M10S\Obj\stm8l15x_aes.o
#        E:\0_Ebyte_Product\0_Ebyte\E15\E15-EVB02\Software\2021-05-06-Project\0_Project\IAR_for_Stm8\ExMx_Demo\E15-EVB02_E07-400M10S\Obj\stm8l15x_beep.o
#        E:\0_Ebyte_Product\0_Ebyte\E15\E15-EVB02\Software\2021-05-06-Project\0_Project\IAR_for_Stm8\ExMx_Demo\E15-EVB02_E07-400M10S\Obj\stm8l15x_clk.o
#        E:\0_Ebyte_Product\0_Ebyte\E15\E15-EVB02\Software\2021-05-06-Project\0_Project\IAR_for_Stm8\ExMx_Demo\E15-EVB02_E07-400M10S\Obj\stm8l15x_comp.o
#        E:\0_Ebyte_Product\0_Ebyte\E15\E15-EVB02\Software\2021-05-06-Project\0_Project\IAR_for_Stm8\ExMx_Demo\E15-EVB02_E07-400M10S\Obj\stm8l15x_dac.o
#        E:\0_Ebyte_Product\0_Ebyte\E15\E15-EVB02\Software\2021-05-06-Project\0_Project\IAR_for_Stm8\ExMx_Demo\E15-EVB02_E07-400M10S\Obj\stm8l15x_dma.o
#        E:\0_Ebyte_Product\0_Ebyte\E15\E15-EVB02\Software\2021-05-06-Project\0_Project\IAR_for_Stm8\ExMx_Demo\E15-EVB02_E07-400M10S\Obj\stm8l15x_exti.o
#        E:\0_Ebyte_Product\0_Ebyte\E15\E15-EVB02\Software\2021-05-06-Project\0_Project\IAR_for_Stm8\ExMx_Demo\E15-EVB02_E07-400M10S\Obj\stm8l15x_flash.o
#        E:\0_Ebyte_Product\0_Ebyte\E15\E15-EVB02\Software\2021-05-06-Project\0_Project\IAR_for_Stm8\ExMx_Demo\E15-EVB02_E07-400M10S\Obj\stm8l15x_gpio.o
#        E:\0_Ebyte_Product\0_Ebyte\E15\E15-EVB02\Software\2021-05-06-Project\0_Project\IAR_for_Stm8\ExMx_Demo\E15-EVB02_E07-400M10S\Obj\stm8l15x_i2c.o
#        E:\0_Ebyte_Product\0_Ebyte\E15\E15-EVB02\Software\2021-05-06-Project\0_Project\IAR_for_Stm8\ExMx_Demo\E15-EVB02_E07-400M10S\Obj\stm8l15x_irtim.o
#        E:\0_Ebyte_Product\0_Ebyte\E15\E15-EVB02\Software\2021-05-06-Project\0_Project\IAR_for_Stm8\ExMx_Demo\E15-EVB02_E07-400M10S\Obj\stm8l15x_it.o
#        E:\0_Ebyte_Product\0_Ebyte\E15\E15-EVB02\Software\2021-05-06-Project\0_Project\IAR_for_Stm8\ExMx_Demo\E15-EVB02_E07-400M10S\Obj\stm8l15x_iwdg.o
#        E:\0_Ebyte_Product\0_Ebyte\E15\E15-EVB02\Software\2021-05-06-Project\0_Project\IAR_for_Stm8\ExMx_Demo\E15-EVB02_E07-400M10S\Obj\stm8l15x_lcd.o
#        E:\0_Ebyte_Product\0_Ebyte\E15\E15-EVB02\Software\2021-05-06-Project\0_Project\IAR_for_Stm8\ExMx_Demo\E15-EVB02_E07-400M10S\Obj\stm8l15x_pwr.o
#        E:\0_Ebyte_Product\0_Ebyte\E15\E15-EVB02\Software\2021-05-06-Project\0_Project\IAR_for_Stm8\ExMx_Demo\E15-EVB02_E07-400M10S\Obj\stm8l15x_rst.o
#        E:\0_Ebyte_Product\0_Ebyte\E15\E15-EVB02\Software\2021-05-06-Project\0_Project\IAR_for_Stm8\ExMx_Demo\E15-EVB02_E07-400M10S\Obj\stm8l15x_rtc.o
#        E:\0_Ebyte_Product\0_Ebyte\E15\E15-EVB02\Software\2021-05-06-Project\0_Project\IAR_for_Stm8\ExMx_Demo\E15-EVB02_E07-400M10S\Obj\stm8l15x_spi.o
#        E:\0_Ebyte_Product\0_Ebyte\E15\E15-EVB02\Software\2021-05-06-Project\0_Project\IAR_for_Stm8\ExMx_Demo\E15-EVB02_E07-400M10S\Obj\stm8l15x_syscfg.o
#        E:\0_Ebyte_Product\0_Ebyte\E15\E15-EVB02\Software\2021-05-06-Project\0_Project\IAR_for_Stm8\ExMx_Demo\E15-EVB02_E07-400M10S\Obj\stm8l15x_tim1.o
#        E:\0_Ebyte_Product\0_Ebyte\E15\E15-EVB02\Software\2021-05-06-Project\0_Project\IAR_for_Stm8\ExMx_Demo\E15-EVB02_E07-400M10S\Obj\stm8l15x_tim2.o
#        E:\0_Ebyte_Product\0_Ebyte\E15\E15-EVB02\Software\2021-05-06-Project\0_Project\IAR_for_Stm8\ExMx_Demo\E15-EVB02_E07-400M10S\Obj\stm8l15x_tim3.o
#        E:\0_Ebyte_Product\0_Ebyte\E15\E15-EVB02\Software\2021-05-06-Project\0_Project\IAR_for_Stm8\ExMx_Demo\E15-EVB02_E07-400M10S\Obj\stm8l15x_tim4.o
#        E:\0_Ebyte_Product\0_Ebyte\E15\E15-EVB02\Software\2021-05-06-Project\0_Project\IAR_for_Stm8\ExMx_Demo\E15-EVB02_E07-400M10S\Obj\stm8l15x_tim5.o
#        E:\0_Ebyte_Product\0_Ebyte\E15\E15-EVB02\Software\2021-05-06-Project\0_Project\IAR_for_Stm8\ExMx_Demo\E15-EVB02_E07-400M10S\Obj\stm8l15x_usart.o
#        E:\0_Ebyte_Product\0_Ebyte\E15\E15-EVB02\Software\2021-05-06-Project\0_Project\IAR_for_Stm8\ExMx_Demo\E15-EVB02_E07-400M10S\Obj\stm8l15x_wfe.o
#        E:\0_Ebyte_Product\0_Ebyte\E15\E15-EVB02\Software\2021-05-06-Project\0_Project\IAR_for_Stm8\ExMx_Demo\E15-EVB02_E07-400M10S\Obj\stm8l15x_wwdg.o
#        --redirect _Printf=_PrintfSmall --redirect _Scanf=_ScanfSmall -o
#        E:\0_Ebyte_Product\0_Ebyte\E15\E15-EVB02\Software\2021-05-06-Project\0_Project\IAR_for_Stm8\ExMx_Demo\E15-EVB02_E07-400M10S\Exe\project.out
#        --map
#        E:\0_Ebyte_Product\0_Ebyte\E15\E15-EVB02\Software\2021-05-06-Project\0_Project\IAR_for_Stm8\ExMx_Demo\E15-EVB02_E07-400M10S\List\project.map
#        --config
#        F:\01_JH_Software\IAR\Install_ForStm8\stm8\config\lnkstm8l151g4.icf
#        --config_def _CSTACK_SIZE=0x100 --config_def _HEAP_SIZE=0x100 --entry
#        __iar_program_start --debug_lib)
#
###############################################################################

*******************************************************************************
*** RUNTIME MODEL ATTRIBUTES
***

__SystemLibrary            = DLib
__code_model               = small
__core                     = stm8
__data_model               = medium
__dlib_file_descriptor     = 0
__dlib_full_locale_support = 0
__rt_version               = 4


*******************************************************************************
*** PLACEMENT SUMMARY
***

"A0":  place at start of [0x000000-0x0000ff] { rw section .vregs };
"A1":  place at end of [0x000000-0x0007ff] { block CSTACK };
"P2":  place in [from 0x000000 to 0x0007ff] {
          block HEAP, rw section __DLIB_PERTHREAD, rw section .far.bss,
          rw section .far.data, rw section .far.noinit,
          rw section .far_func.textrw, rw section .huge.bss,
          rw section .huge.data, rw section .huge.noinit,
          rw section .huge_func.textrw, rw section .iar.dynexit,
          rw section .near.bss, rw section .near.data, rw section .near.noinit,
          rw section .near_func.textrw };
"A2":  place at start of [0x008000-0x00bfff] { block INTVEC };
"P3":  place in [from 0x008000 to 0x00bfff] {
          ro section __DLIB_PERTHREAD_init, ro section .far.data_init,
          ro section .far_func.textrw_init, ro section .huge.data_init,
          ro section .huge_func.textrw_init, ro section .iar.init_table,
          ro section .init_array, ro section .near.data_init,
          ro section .near.rodata, ro section .near_func.text,
          ro section .near_func.textrw_init, ro section .tiny.data_init,
          ro section .tiny.rodata_init };
"P4":  place in [from 0x008000 to 0x00bfff] {
          ro section .far.rodata, ro section .far_func.text };
"P5":  place in [from 0x008000 to 0x00bfff] {
          ro section .huge.rodata, ro section .huge_func.text };
do not initialize {
   rw section .eeprom.noinit, rw section .far.noinit, rw section .huge.noinit,
   rw section .near.noinit, rw section .tiny.noinit, rw section .vregs };
initialize by copy {
   rw section .far.bss, rw section .far.data, rw section .far_func.textrw,
   rw section .huge.bss, rw section .huge.data, rw section .huge_func.textrw,
   rw section .iar.dynexit, rw section .near.bss, rw section .near.data,
   rw section .near_func.textrw, rw section .tiny.bss, rw section .tiny.data,
   ro section .tiny.rodata };

  Section            Kind      Address    Size  Object
  -------            ----      -------    ----  ------
"A0":                                     0x10
  .vregs             uninit   0x000000    0x10  vregs.o [4]
                            - 0x000010    0x10

"P2", part 1 of 2:                        0x39
  P2-1                        0x000010    0x39  <Init block>
    .near.data       inited   0x000010     0xc  ebyte_e07x.o [1]
    .near.data       inited   0x00001c     0x8  ebyte_e07x.o [1]
    .near.data       inited   0x000024    0x1b  ebyte_e07x.o [1]
    .near.data       inited   0x00003f     0x5  main.o [1]
    .near.data       inited   0x000044     0x5  main.o [1]
                            - 0x000049    0x39

"P2", part 2 of 2:                       0x10b
  .near.bss          zero     0x000049    0x4c  main.o [1]
  .near.bss          zero     0x000095    0x40  ebyte_e07x.o [1]
  .near.bss          zero     0x0000d5    0x40  main.o [1]
  .near.bss          zero     0x000115    0x14  main.o [1]
  .near.bss          zero     0x000129    0x13  board.o [1]
  .near.bss          zero     0x00013c     0x4  board.o [1]
  .near.bss          zero     0x000140     0x4  stm8l15x_it.o [1]
  .near.bss          zero     0x000144     0x4  stm8l15x_it.o [1]
  .near.bss          zero     0x000148     0x2  stm8l15x_it.o [1]
  .near.bss          zero     0x00014a     0x2  stm8l15x_it.o [1]
  .near.bss          zero     0x00014c     0x1  ebyte_e07x.o [1]
  .near.bss          zero     0x00014d     0x1  main.o [1]
  .near.bss          zero     0x00014e     0x1  main.o [1]
  .near.bss          zero     0x00014f     0x1  main.o [1]
  .near.bss          zero     0x000150     0x1  main.o [1]
  .near.bss          zero     0x000151     0x1  main.o [1]
  .near.bss          zero     0x000152     0x1  stm8l15x_it.o [1]
  .near.bss          zero     0x000153     0x1  stm8l15x_it.o [1]
                            - 0x000154   0x10b

"A1":                                    0x100
  CSTACK                      0x000700   0x100  <Block>
    CSTACK           uninit   0x000700   0x100  <Block tail>
                            - 0x000800   0x100

"A2":                                     0x80
  INTVEC                      0x008000    0x80  <Block>
    .intvec          const    0x008000    0x80  interrupt.o [4]
                            - 0x008080    0x80

"P3-P5":                                0x2907
  .near_func.text    ro code  0x008080   0x483  float.o [4]
  .near_func.text    ro code  0x008503   0x2a6  ebyte_debug.o [1]
  .near_func.text    ro code  0x0087a9   0x1f0  board_mini_printf.o [1]
  .near_func.text    ro code  0x008999   0x1bd  long.o [4]
  .near_func.text    ro code  0x008b56   0x1b2  ebyte_e07x.o [1]
  .near_func.text    ro code  0x008d08   0x179  ebyte_e07x.o [1]
  .near_func.text    ro code  0x008e81   0x164  board_mini_printf.o [1]
  .near_func.text    ro code  0x008fe5   0x163  ebyte_kfifo.o [1]
  .near_func.text    ro code  0x009148   0x15a  vreg_util.o [4]
  .near_func.text    ro code  0x0092a2   0x14e  ebyte_kfifo.o [1]
  .near_func.text    ro code  0x0093f0   0x105  main.o [1]
  .near_func.text    ro code  0x0094f5   0x103  board_mini_printf.o [1]
  .near_func.text    ro code  0x0095f8    0xec  main.o [1]
  .near_func.text    ro code  0x0096e4    0xca  stm8l15x_usart.o [1]
  .near_func.text    ro code  0x0097ae    0xc5  main.o [1]
  .near_func.text    ro code  0x009873    0xa5  ebyte_e07x.o [1]
  .near_func.text    ro code  0x009918    0xa4  ebyte_e07x.o [1]
  .near_func.text    ro code  0x0099bc    0x9b  stm8l15x_it.o [1]
  .near_func.text    ro code  0x009a57    0x9a  ebyte_e07x.o [1]
  .near_func.text    ro code  0x009af1    0x94  stm8l15x_usart.o [1]
  .near_func.text    ro code  0x009b85    0x8e  stm8l15x_gpio.o [1]
  .near_func.text    ro code  0x009c13    0x89  stm8l15x_clk.o [1]
  .near_func.text    ro code  0x009c9c    0x83  ebyte_e07x.o [1]
  .near_func.text    ro code  0x009d1f    0x72  stm8l15x_clk.o [1]
  .near_func.text    ro code  0x009d91    0x6e  stm8l15x_it.o [1]
  .near_func.text    ro code  0x009dff    0x65  long_util.o [4]
  .near_func.text    ro code  0x009e64    0x5e  ebyte_e07x.o [1]
  .near_func.text    ro code  0x009ec2    0x5e  ebyte_e07x.o [1]
  .near_func.text    ro code  0x009f20    0x58  ebyte_e07x.o [1]
  .near_func.text    ro code  0x009f78    0x55  stm8l15x_syscfg.o [1]
  .near_func.text    ro code  0x009fcd    0x54  board.o [1]
  .near_func.text    ro code  0x00a021    0x48  main.o [1]
  .near_func.text    ro code  0x00a069    0x47  ebyte_kfifo.o [1]
  .near_func.text    ro code  0x00a0b0    0x47  stm8l15x_it.o [1]
  .near_func.text    ro code  0x00a0f7    0x44  board.o [1]
  .near_func.text    ro code  0x00a13b    0x43  board_button.o [1]
  .near_func.text    ro code  0x00a17e    0x41  stm8l15x_spi.o [1]
  .near_func.text    ro code  0x00a1bf    0x3d  short.o [4]
  .near_func.text    ro code  0x00a1fc    0x3c  ebyte_e07x.o [1]
  .near_func.text    ro code  0x00a238    0x3b  board.o [1]
  .near.rodata       const    0x00a273    0x3a  main.o [1]
  .near_func.text    ro code  0x00a2ad    0x3a  board.o [1]
  Initializer bytes  const    0x00a2e7    0x39  <for P2-1>
  .near.rodata       const    0x00a320    0x35  main.o [1]
  .near_func.text    ro code  0x00a355    0x33  board.o [1]
  .near_func.text    ro code  0x00a388    0x33  board_button.o [1]
  .near_func.text    ro code  0x00a3bb    0x2c  stm8l15x_gpio.o [1]
  .near.rodata       const    0x00a3e7    0x2b  main.o [1]
  .near_func.text    ro code  0x00a412    0x2b  ebyte_port.o [1]
  .near_func.text    ro code  0x00a43d    0x28  init_small.o [4]
  .near_func.text    ro code  0x00a465    0x27  stm8l15x_usart.o [1]
  .near_func.text    ro code  0x00a48c    0x26  board.o [1]
  .near_func.text    ro code  0x00a4b2    0x25  dc_util.o [4]
  .near_func.text    ro code  0x00a4d7    0x24  board.o [1]
  .near_func.text    ro code  0x00a4fb    0x24  board.o [1]
  .near_func.text    ro code  0x00a51f    0x24  stm8l15x_tim3.o [1]
  .near_func.text    ro code  0x00a543    0x23  board.o [1]
  .near.rodata       const    0x00a566    0x22  main.o [1]
  .near_func.text    ro code  0x00a588    0x22  stm8l15x_usart.o [1]
  .near_func.text    ro code  0x00a5aa    0x21  stm8l15x_exti.o [1]
  .near_func.text    ro code  0x00a5cb    0x21  stm8l15x_it.o [1]
  .iar.init_table    const    0x00a5ec    0x12  - Linker created -
  .near_func.text    ro code  0x00a5fe    0x1f  board_mini_printf.o [1]
  .near_func.text    ro code  0x00a61d    0x1e  init_small.o [4]
  .near_func.text    ro code  0x00a63b    0x1d  ebyte_callback.o [1]
  .near_func.text    ro code  0x00a658    0x1d  stm8l15x_it.o [1]
  .near_func.text    ro code  0x00a675    0x1c  ebyte_kfifo.o [1]
  .near_func.text    ro code  0x00a691    0x1a  ebyte_callback.o [1]
  .near_func.text    ro code  0x00a6ab    0x1a  ebyte_e07x.o [1]
  .near_func.text    ro code  0x00a6c5    0x1a  ebyte_port.o [1]
  .near_func.text    ro code  0x00a6df    0x1a  stm8l15x_tim3.o [1]
  .near_func.text    ro code  0x00a6f9    0x19  stm8l15x_it.o [1]
  .near_func.text    ro code  0x00a712    0x19  stm8l15x_it.o [1]
  .near_func.text    ro code  0x00a72b    0x19  stm8l15x_it.o [1]
  .near_func.text    ro code  0x00a744    0x18  board.o [1]
  .near_func.text    ro code  0x00a75c    0x18  ebyte_e07x.o [1]
  .near_func.text    ro code  0x00a774    0x18  ebyte_e07x.o [1]
  .near_func.text    ro code  0x00a78c    0x18  stm8l15x_it.o [1]
  .near_func.text    ro code  0x00a7a4    0x15  board.o [1]
  .near_func.text    ro code  0x00a7b9    0x15  ebyte_port.o [1]
  .near.rodata       const    0x00a7ce    0x14  main.o [1]
  .near_func.text    ro code  0x00a7e2    0x14  init.o [4]
  .near_func.text    ro code  0x00a7f6    0x14  __dbg_xxexit.o [3]
  .near_func.text    ro code  0x00a80a    0x13  cstartup.o [4]
  .near.rodata       const    0x00a81d    0x12  ebyte_core.o [1]
  .near.rodata       const    0x00a82f    0x12  main.o [1]
  .near.rodata       const    0x00a841    0x12  main.o [1]
  .near_func.text    ro code  0x00a853    0x12  stm8l15x_gpio.o [1]
  .near.rodata       const    0x00a865    0x11  board_mini_printf.o [1]
  .near_func.text    ro code  0x00a876    0x11  board.o [1]
  .near_func.text    ro code  0x00a887    0x10  ebyte_port.o [1]
  .near_func.text    ro code  0x00a897     0xe  board_button.o [1]
  .near_func.text    ro code  0x00a8a5     0xe  stm8l15x_comp.o [1]
  .near_func.text    ro code  0x00a8b3     0xd  stm8l15x_spi.o [1]
  .near_func.text    ro code  0x00a8c0     0xd  stm8l15x_tim3.o [1]
  .near_func.text    ro code  0x00a8cd     0xd  move.o [4]
  .near.rodata       const    0x00a8da     0xb  board_mini_printf.o [1]
  .near.rodata       const    0x00a8e5     0xb  main.o [1]
  .near_func.text    ro code  0x00a8f0     0xb  stm8l15x_tim3.o [1]
  .near_func.text    ro code  0x00a8fb     0x9  board.o [1]
  .near_func.text    ro code  0x00a904     0x7  stm8l15x_gpio.o [1]
  .near_func.text    ro code  0x00a90b     0x7  stm8l15x_gpio.o [1]
  .near_func.text    ro code  0x00a912     0x6  char.o [4]
  .near.rodata       const    0x00a918     0x5  ebyte_debug.o [1]
  .near.rodata       const    0x00a91d     0x5  ebyte_debug.o [1]
  .near.rodata       const    0x00a922     0x5  ebyte_debug.o [1]
  .near.rodata       const    0x00a927     0x5  ebyte_debug.o [1]
  .near.rodata       const    0x00a92c     0x5  stm8l15x_clk.o [1]
  .near_func.text    ro code  0x00a931     0x5  ebyte_e07x.o [1]
  .near_func.text    ro code  0x00a936     0x5  stm8l15x_tim3.o [1]
  .near_func.text    ro code  0x00a93b     0x5  stm8l15x_usart.o [1]
  .near_func.text    ro code  0x00a940     0x5  cexit.o [4]
  .near_func.text    ro code  0x00a945     0x4  ebyte_e07x.o [1]
  .near_func.text    ro code  0x00a949     0x4  ebyte_e07x.o [1]
  .near_func.text    ro code  0x00a94d     0x4  main.o [1]
  .near_func.text    ro code  0x00a951     0x4  stm8l15x_clk.o [1]
  .near_func.text    ro code  0x00a955     0x4  stm8l15x_clk.o [1]
  .near_func.text    ro code  0x00a959     0x3  ebyte_e07x.o [1]
  .near_func.text    ro code  0x00a95c     0x3  stm8l15x_usart.o [1]
  .near_func.text    ro code  0x00a95f     0x3  stm8l15x_usart.o [1]
  .near_func.text    ro code  0x00a962     0x3  interrupt.o [4]
  .near_func.text    ro code  0x00a965     0x3  low_level_init.o [4]
  .near_func.text    ro code  0x00a968     0x3  exit.o [4]
  .near_func.text    ro code  0x00a96b     0x3  unhandled_exception.o [4]
  .near_func.text    ro code  0x00a96e     0x1  ebyte_e07x.o [1]
  .near_func.text    ro code  0x00a96f     0x1  stm8l15x_it.o [1]
  .near_func.text    ro code  0x00a970     0x1  stm8l15x_it.o [1]
  .near_func.text    ro code  0x00a971     0x1  stm8l15x_it.o [1]
  .near_func.text    ro code  0x00a972     0x1  stm8l15x_it.o [1]
  .near_func.text    ro code  0x00a973     0x1  stm8l15x_it.o [1]
  .near_func.text    ro code  0x00a974     0x1  stm8l15x_it.o [1]
  .near_func.text    ro code  0x00a975     0x1  stm8l15x_it.o [1]
  .near_func.text    ro code  0x00a976     0x1  stm8l15x_it.o [1]
  .near_func.text    ro code  0x00a977     0x1  stm8l15x_it.o [1]
  .near_func.text    ro code  0x00a978     0x1  stm8l15x_it.o [1]
  .near_func.text    ro code  0x00a979     0x1  stm8l15x_it.o [1]
  .near_func.text    ro code  0x00a97a     0x1  stm8l15x_it.o [1]
  .near_func.text    ro code  0x00a97b     0x1  stm8l15x_it.o [1]
  .near_func.text    ro code  0x00a97c     0x1  stm8l15x_it.o [1]
  .near_func.text    ro code  0x00a97d     0x1  stm8l15x_it.o [1]
  .near_func.text    ro code  0x00a97e     0x1  stm8l15x_it.o [1]
  .near_func.text    ro code  0x00a97f     0x1  stm8l15x_it.o [1]
  .near_func.text    ro code  0x00a980     0x1  stm8l15x_it.o [1]
  .near_func.text    ro code  0x00a981     0x1  stm8l15x_it.o [1]
  .near_func.text    ro code  0x00a982     0x1  stm8l15x_it.o [1]
  .near_func.text    ro code  0x00a983     0x1  stm8l15x_it.o [1]
  .near_func.text    ro code  0x00a984     0x1  stm8l15x_it.o [1]
  .near_func.text    ro code  0x00a985     0x1  stm8l15x_it.o [1]
  .near_func.text    ro code  0x00a986     0x1  __dbg_break.o [3]
                            - 0x00a987  0x2907


*******************************************************************************
*** INIT TABLE
***

          Address   Size
          -------   ----
Zero (__iar_zero_init2)
    1 destination range, total size 0x10b:
          0x000049  0x10b

Copy (__iar_copy_init2)
    1 source range, total size 0x39:
          0x00a2e7   0x39
    1 destination range, total size 0x39:
          0x000010   0x39



*******************************************************************************
*** MODULE SUMMARY
***

    Module                 ro code  ro data  rw data
    ------                 -------  -------  -------
E:\0_Ebyte_Product\0_Ebyte\E15\E15-EVB02\Software\2021-05-06-Project\0_Project\IAR_for_Stm8\ExMx_Demo\E15-EVB02_E07-400M10S\Obj: [1]
    board.o                    536                23
    board_button.o             132
    board_mini_printf.o      1 142       28
    ebyte_callback.o            55
    ebyte_core.o                         18
    ebyte_debug.o              678       20
    ebyte_e07x.o             1 852       47      112
    ebyte_kfifo.o              788
    ebyte_port.o               106
    main.o                     770      265      175
    stm8l15x_clk.o             259        5
    stm8l15x_comp.o             14
    stm8l15x_exti.o             33
    stm8l15x_gpio.o            218
    stm8l15x_it.o              520                14
    stm8l15x_spi.o              78
    stm8l15x_syscfg.o           85
    stm8l15x_tim3.o             91
    stm8l15x_usart.o           434
    ------------------------------------------------
    Total:                   7 791      383      324

command line: [2]
    ------------------------------------------------
    Total:

dbgstm8smd.a: [3]
    __dbg_break.o                1
    __dbg_xxexit.o              20
    ------------------------------------------------
    Total:                      21

dlstm8smn.a: [4]
    cexit.o                      5
    char.o                       6
    cstartup.o                  19
    dc_util.o                   37
    exit.o                       3
    float.o                  1 155
    init.o                      20
    init_small.o                70
    interrupt.o                  3      128
    long.o                     445
    long_util.o                101
    low_level_init.o             3
    move.o                      13
    short.o                     61
    unhandled_exception.o        3
    vreg_util.o                346
    vregs.o                                       16
    ------------------------------------------------
    Total:                   2 290      128       16

    Linker created                       18      256
----------------------------------------------------
    Grand Total:            10 102      529      596


*******************************************************************************
*** ENTRY LIST
***

Entry                    Address   Size  Type      Object
-----                    -------   ----  ----      ------
.iar.init_table$$Base   0x00a5ec          --   Gb  - Linker created -
.iar.init_table$$Limit  0x00a5fe          --   Gb  - Linker created -
?add32_l0_l0_0x         0x0089c5         Code  Gb  long.o [4]
?and32_l0_l0_0x         0x008b07         Code  Gb  long.o [4]
?b0                     0x000000         Data  Gb  vregs.o [4]
?b1                     0x000001         Data  Gb  vregs.o [4]
?b10                    0x00000a         Data  Gb  vregs.o [4]
?b11                    0x00000b         Data  Gb  vregs.o [4]
?b12                    0x00000c         Data  Gb  vregs.o [4]
?b13                    0x00000d         Data  Gb  vregs.o [4]
?b14                    0x00000e         Data  Gb  vregs.o [4]
?b15                    0x00000f         Data  Gb  vregs.o [4]
?b2                     0x000002         Data  Gb  vregs.o [4]
?b3                     0x000003         Data  Gb  vregs.o [4]
?b4                     0x000004         Data  Gb  vregs.o [4]
?b5                     0x000005         Data  Gb  vregs.o [4]
?b6                     0x000006         Data  Gb  vregs.o [4]
?b7                     0x000007         Data  Gb  vregs.o [4]
?b8                     0x000008         Data  Gb  vregs.o [4]
?b9                     0x000009         Data  Gb  vregs.o [4]
?dc32_l0                0x00a4b2         Code  Gb  dc_util.o [4]
?dc32_l1                0x00a4bf         Code  Gb  dc_util.o [4]
?dc32_px                0x00a4cc         Code  Gb  dc_util.o [4]
?dec32_0x_0x            0x0089b1         Code  Gb  long.o [4]
?dec32_l0_l0            0x0089ac         Code  Gb  long.o [4]
?e0                     0x000001         Data  Gb  vregs.o [4]
?e1                     0x000005         Data  Gb  vregs.o [4]
?e2                     0x000009         Data  Gb  vregs.o [4]
?e3                     0x00000d         Data  Gb  vregs.o [4]
?epilogue_l2            0x0091f4         Code  Gb  vreg_util.o [4]
?epilogue_l2_l3         0x0091f1         Code  Gb  vreg_util.o [4]
?epilogue_l2_w6         0x0091f8         Code  Gb  vreg_util.o [4]
?epilogue_w4            0x0091ff         Code  Gb  vreg_util.o [4]
?fadd32_l0_l0_l1        0x0080a3         Code  Gb  float.o [4]
?fcastf32s16_l0_x       0x00831f         Code  Gb  float.o [4]
?fcastf32u16_l0_x       0x008326         Code  Gb  float.o [4]
?fcastf32u32_l0_l0      0x0083c9         Code  Gb  float.o [4]
?fcasts16f32_x_l0       0x008344         Code  Gb  float.o [4]
?fcastu32f32_l0_l0      0x008379         Code  Gb  float.o [4]
?fcmplt32_c_l0_0x       0x0082c9         Code  Gb  float.o [4]
?fcmplt32_c_l0_dc32     0x0082c4         Code  Gb  float.o [4]
?fdiv32_l0_l0_dc32      0x008211         Code  Gb  float.o [4]
?fdiv32_l0_l0_l1        0x008216         Code  Gb  float.o [4]
?fmul32_l0_l0_dc32      0x008171         Code  Gb  float.o [4]
?fmul32_l0_l0_l1        0x008176         Code  Gb  float.o [4]
?fsub32_l0_l0_l1        0x00809d         Code  Gb  float.o [4]
?inc32_0x_0x            0x00899e         Code  Gb  long.o [4]
?inc32_l0_l0            0x008999         Code  Gb  long.o [4]
?l0                     0x000000         Data  Gb  vregs.o [4]
?l1                     0x000004         Data  Gb  vregs.o [4]
?l2                     0x000008         Data  Gb  vregs.o [4]
?l3                     0x00000c         Data  Gb  vregs.o [4]
?load32_0x_l0           0x009e48         Code  Gb  long_util.o [4]
?load32_0x_l1           0x009e56         Code  Gb  long_util.o [4]
?load32_asp_l0          0x009e3c         Code  Gb  long_util.o [4]
?load32_dbsp_l0         0x009e37         Code  Gb  long_util.o [4]
?load32_l0_0x           0x009e0f         Code  Gb  long_util.o [4]
?load32_l0_asp          0x009e04         Code  Gb  long_util.o [4]
?load32_l0_dbsp         0x009dff         Code  Gb  long_util.o [4]
?load32_l0_xsp          0x009e06         Code  Gb  long_util.o [4]
?load32_l1_0x           0x009e2b         Code  Gb  long_util.o [4]
?load32_l1_asp          0x009e20         Code  Gb  long_util.o [4]
?load32_l1_dbsp         0x009e1b         Code  Gb  long_util.o [4]
?load32_l1_xsp          0x009e22         Code  Gb  long_util.o [4]
?load32_xsp_l0          0x009e3e         Code  Gb  long_util.o [4]
?mov_e0_e1              0x009229         Code  Gb  vreg_util.o [4]
?mov_e0_e2              0x009236         Code  Gb  vreg_util.o [4]
?mov_e0_e3              0x009243         Code  Gb  vreg_util.o [4]
?mov_e1_e0              0x009250         Code  Gb  vreg_util.o [4]
?mov_e1_e2              0x00925d         Code  Gb  vreg_util.o [4]
?mov_e1_e3              0x00926a         Code  Gb  vreg_util.o [4]
?mov_e2_e0              0x009277         Code  Gb  vreg_util.o [4]
?mov_e2_e1              0x009284         Code  Gb  vreg_util.o [4]
?mov_e3_e0              0x009291         Code  Gb  vreg_util.o [4]
?mov_l0_l1              0x009226         Code  Gb  vreg_util.o [4]
?mov_l0_l2              0x009233         Code  Gb  vreg_util.o [4]
?mov_l0_l3              0x009240         Code  Gb  vreg_util.o [4]
?mov_l1_l0              0x00924d         Code  Gb  vreg_util.o [4]
?mov_l1_l2              0x00925a         Code  Gb  vreg_util.o [4]
?mov_l1_l3              0x009267         Code  Gb  vreg_util.o [4]
?mov_l2_l0              0x009274         Code  Gb  vreg_util.o [4]
?mov_l2_l1              0x009281         Code  Gb  vreg_util.o [4]
?mov_l3_l0              0x00928e         Code  Gb  vreg_util.o [4]
?mov_w0_w2              0x009203         Code  Gb  vreg_util.o [4]
?mov_w1_w0              0x00920a         Code  Gb  vreg_util.o [4]
?mov_w1_w3              0x00922c         Code  Gb  vreg_util.o [4]
?mov_w1_w5              0x009239         Code  Gb  vreg_util.o [4]
?mov_w1_w7              0x009246         Code  Gb  vreg_util.o [4]
?mov_w2_w1              0x009211         Code  Gb  vreg_util.o [4]
?mov_w2_w5              0x009218         Code  Gb  vreg_util.o [4]
?mov_w3_w1              0x009253         Code  Gb  vreg_util.o [4]
?mov_w3_w5              0x009260         Code  Gb  vreg_util.o [4]
?mov_w3_w7              0x00926d         Code  Gb  vreg_util.o [4]
?mov_w5_w0              0x00921f         Code  Gb  vreg_util.o [4]
?mov_w5_w1              0x00927a         Code  Gb  vreg_util.o [4]
?mov_w5_w3              0x009287         Code  Gb  vreg_util.o [4]
?mov_w7_w1              0x009294         Code  Gb  vreg_util.o [4]
?mov_w7_w5              0x00929b         Code  Gb  vreg_util.o [4]
?move1616_v_x_y_a       0x00a8cd         Code  Gb  move.o [4]
?mul32_l0_l0_0x         0x008a00         Code  Gb  long.o [4]
?mul32_l0_l0_dl         0x0089fd         Code  Gb  long.o [4]
?mul32_l0_l0_l1         0x008a09         Code  Gb  long.o [4]
?or32_l0_l0_0x          0x008b22         Code  Gb  long.o [4]
?or32_l0_l0_l1          0x008b1f         Code  Gb  long.o [4]
?pop_l0                 0x0091bd         Code  Gb  vreg_util.o [4]
?pop_l1                 0x0091c8         Code  Gb  vreg_util.o [4]
?pop_l2                 0x0091d3         Code  Gb  vreg_util.o [4]
?pop_l3                 0x0091de         Code  Gb  vreg_util.o [4]
?pop_w4                 0x00916f         Code  Gb  vreg_util.o [4]
?pop_w6                 0x009176         Code  Gb  vreg_util.o [4]
?pop_w7                 0x00917d         Code  Gb  vreg_util.o [4]
?push_l0                0x00918c         Code  Gb  vreg_util.o [4]
?push_l1                0x009191         Code  Gb  vreg_util.o [4]
?push_l2                0x009196         Code  Gb  vreg_util.o [4]
?push_l3                0x00919b         Code  Gb  vreg_util.o [4]
?push_w0                0x009148         Code  Gb  vreg_util.o [4]
?push_w4                0x00914d         Code  Gb  vreg_util.o [4]
?push_w6                0x009152         Code  Gb  vreg_util.o [4]
?push_w7                0x009157         Code  Gb  vreg_util.o [4]
?sdiv16_x_x_y           0x00a1bf         Code  Gb  short.o [4]
?sext16_x_a             0x00a1f5         Code  Gb  short.o [4]
?sext32_l0_x            0x008b4b         Code  Gb  long.o [4]
?sll16_x_x_a            0x00a1e8         Code  Gb  short.o [4]
?sll32_0x_0x_a          0x008b3d         Code  Gb  long.o [4]
?sll32_l0_l0_a          0x008b3a         Code  Gb  long.o [4]
?sll8_a_a_5             0x00a913         Code  Gb  char.o [4]
?sll8_a_a_6             0x00a912         Code  Gb  char.o [4]
?smod16_y_x_y           0x00a1d8         Code  Gb  short.o [4]
?srl16_x_x_4            0x00a1f0         Code  Gb  short.o [4]
?sub32_l0_l0_0x         0x0089e5         Code  Gb  long.o [4]
?sub32_l0_l0_dl         0x0089dd         Code  Gb  long.o [4]
?sub32_l0_l0_l1         0x0089e2         Code  Gb  long.o [4]
?ucmp32_c_l0_l1         0x008afc         Code  Gb  long.o [4]
?udiv32_l0_dl_l1        0x008a87         Code  Gb  long.o [4]
?udiv32_l0_l0_dl        0x008a8c         Code  Gb  long.o [4]
?udiv32_l0_l0_l1        0x008a8f         Code  Gb  long.o [4]
?umod32_l1_l0_l1        0x008a8f         Code  Gb  long.o [4]
?w0                     0x000000         Data  Gb  vregs.o [4]
?w1                     0x000002         Data  Gb  vregs.o [4]
?w2                     0x000004         Data  Gb  vregs.o [4]
?w3                     0x000006         Data  Gb  vregs.o [4]
?w4                     0x000008         Data  Gb  vregs.o [4]
?w5                     0x00000a         Data  Gb  vregs.o [4]
?w6                     0x00000c         Data  Gb  vregs.o [4]
?w7                     0x00000e         Data  Gb  vregs.o [4]
ADC1_COMP_IRQHandler    0x00a78c   0x18  Code  Gb  stm8l15x_it.o [1]
BSP_BTN_FIFO            0x000129   0x13  Data  Gb  board.o [1]
BTN_Event               0x000151    0x1  Data  Lc  main.o [1]
BufferPing              0x00003f    0x5  Data  Gb  main.o [1]
BufferPong              0x000044    0x5  Data  Gb  main.o [1]
Button1_TickCounter     0x000148    0x2  Data  Lc  stm8l15x_it.o [1]
Button2_TickCounter     0x00014a    0x2  Data  Lc  stm8l15x_it.o [1]
CLK_GetClockFreq        0x009d1f   0x72  Code  Gb  stm8l15x_clk.o [1]
CLK_PeripheralClockConfig
                        0x009c13   0x89  Code  Gb  stm8l15x_clk.o [1]
CLK_SYSCLKDivConfig     0x00a955    0x4  Code  Gb  stm8l15x_clk.o [1]
CLK_SYSCLKSourceConfig  0x00a951    0x4  Code  Gb  stm8l15x_clk.o [1]
COMP_ClearFlag          0x00a8a5    0xe  Code  Gb  stm8l15x_comp.o [1]
CSTACK$$Base            0x000700          --   Gb  - Linker created -
CSTACK$$Limit           0x000800          --   Gb  - Linker created -
Callback_isPingCheckReady
                        0x00014f    0x1  Data  Gb  main.o [1]
DMA1_CHANNEL0_1_IRQHandler
                        0x00a971    0x1  Code  Gb  stm8l15x_it.o [1]
DMA1_CHANNEL2_3_IRQHandler
                        0x00a972    0x1  Code  Gb  stm8l15x_it.o [1]
E07x_ClearFIFO          0x008e0b    0xe  Code  Lc  ebyte_e07x.o [1]
E07x_Config             0x008b56  0x1b2  Code  Lc  ebyte_e07x.o [1]
E07x_GetDriverVersion   0x00a959    0x3  Code  Gb  ebyte_e07x.o [1]
E07x_GetFIFO            0x008dd5   0x36  Code  Lc  ebyte_e07x.o [1]
E07x_GetName            0x00a945    0x4  Code  Gb  ebyte_e07x.o [1]
E07x_GetRegister        0x008d26   0x31  Code  Lc  ebyte_e07x.o [1]
E07x_GetStatus          0x00a949    0x4  Code  Gb  ebyte_e07x.o [1]
E07x_GoReceive          0x00a6ab   0x1a  Code  Gb  ebyte_e07x.o [1]
E07x_GoSleep            0x00a931    0x5  Code  Gb  ebyte_e07x.o [1]
E07x_GoTransmit         0x009f20   0x58  Code  Gb  ebyte_e07x.o [1]
E07x_Init               0x009ec2   0x5e  Code  Gb  ebyte_e07x.o [1]
E07x_InitSetting        0x000024   0x1b  Data  Lc  ebyte_e07x.o [1]
E07x_IsExist            0x00a75c   0x18  Code  Lc  ebyte_e07x.o [1]
E07x_NameString         0x000010    0xc  Data  Lc  ebyte_e07x.o [1]
E07x_PaTabel            0x00001c    0x8  Data  Lc  ebyte_e07x.o [1]
E07x_Reset              0x008e19   0x23  Code  Gb  ebyte_e07x.o [1]
E07x_RxBuffer           0x000095   0x40  Data  Lc  ebyte_e07x.o [1]
E07x_SendCommand        0x008d8a   0x17  Code  Lc  ebyte_e07x.o [1]
E07x_SetChannelBandwidth
                        0x009918   0xa4  Code  Lc  ebyte_e07x.o [1]
E07x_SetDataRate        0x009873   0xa5  Code  Lc  ebyte_e07x.o [1]
E07x_SetFIFO            0x008da1   0x34  Code  Lc  ebyte_e07x.o [1]
E07x_SetFrequency       0x009c9c   0x83  Code  Lc  ebyte_e07x.o [1]
E07x_SetFrequencyDeviation
                        0x009a57   0x9a  Code  Lc  ebyte_e07x.o [1]
E07x_SetGPIO            0x008e50   0x31  Code  Lc  ebyte_e07x.o [1]
E07x_SetModulation      0x00a774   0x18  Code  Lc  ebyte_e07x.o [1]
E07x_SetOutputPower     0x009e64   0x5e  Code  Lc  ebyte_e07x.o [1]
E07x_SetRegister        0x008d08   0x1e  Code  Lc  ebyte_e07x.o [1]
E07x_SetRegisters       0x008d57   0x33  Code  Lc  ebyte_e07x.o [1]
E07x_SetSleep           0x008e46    0xa  Code  Lc  ebyte_e07x.o [1]
E07x_SetStby            0x008e3c    0xa  Code  Lc  ebyte_e07x.o [1]
E07x_Status             0x00014c    0x1  Data  Lc  ebyte_e07x.o [1]
E07x_TaskForIRQ         0x00a96e    0x1  Code  Gb  ebyte_e07x.o [1]
E07x_TaskForPoll        0x00a1fc   0x3c  Code  Gb  ebyte_e07x.o [1]
EXTI0_IRQHandler        0x00a977    0x1  Code  Gb  stm8l15x_it.o [1]
EXTI1_IRQHandler        0x00a978    0x1  Code  Gb  stm8l15x_it.o [1]
EXTI2_IRQHandler        0x00a658   0x1d  Code  Gb  stm8l15x_it.o [1]
EXTI3_IRQHandler        0x00a6f9   0x19  Code  Gb  stm8l15x_it.o [1]
EXTI4_IRQHandler        0x00a712   0x19  Code  Gb  stm8l15x_it.o [1]
EXTI5_IRQHandler        0x00a72b   0x19  Code  Gb  stm8l15x_it.o [1]
EXTI6_IRQHandler        0x00a979    0x1  Code  Gb  stm8l15x_it.o [1]
EXTI7_IRQHandler        0x00a97a    0x1  Code  Gb  stm8l15x_it.o [1]
EXTIB_G_IRQHandler      0x00a975    0x1  Code  Gb  stm8l15x_it.o [1]
EXTID_H_IRQHandler      0x00a976    0x1  Code  Gb  stm8l15x_it.o [1]
EXTIE_F_PVD_IRQHandler  0x00a974    0x1  Code  Gb  stm8l15x_it.o [1]
EXTI_ClearITPendingBit  0x00a5aa   0x21  Code  Gb  stm8l15x_exti.o [1]
Ebyte_BSP_DelayMs       0x00a4d7   0x24  Code  Gb  board.o [1]
Ebyte_BSP_E07xGPIO_Init
                        0x00a744   0x18  Code  Gb  board.o [1]
Ebyte_BSP_GPIO_Init     0x00a355   0x33  Code  Gb  board.o [1]
Ebyte_BSP_HSI_Init      0x00a8fb    0x9  Code  Gb  board.o [1]
Ebyte_BSP_Init          0x00a7a4   0x15  Code  Gb  board.o [1]
Ebyte_BSP_LedControl    0x00a2ad   0x3a  Code  Gb  board.o [1]
Ebyte_BSP_ReadButton    0x00a543   0x23  Code  Gb  board.o [1]
Ebyte_BSP_SPI_Init      0x00a0f7   0x44  Code  Gb  board.o [1]
Ebyte_BSP_SpiTransAndRecv
                        0x00a876   0x11  Code  Gb  board.o [1]
Ebyte_BSP_TIMER_Init    0x00a48c   0x26  Code  Gb  board.o [1]
Ebyte_BSP_TimerDecrement
                        0x00a4fb   0x24  Code  Gb  board.o [1]
Ebyte_BSP_UART_Init     0x009fcd   0x54  Code  Gb  board.o [1]
Ebyte_BSP_UartTransmit  0x00a238   0x3b  Code  Gb  board.o [1]
Ebyte_BTN_FIFO_Init     0x00a897    0xe  Code  Gb  board_button.o [1]
Ebyte_BTN_FIFO_Pop      0x00a388   0x33  Code  Gb  board_button.o [1]
Ebyte_BTN_FIFO_Push     0x00a13b   0x43  Code  Gb  board_button.o [1]
Ebyte_DEBUG_CommandEcho
                        0x008503  0x2a6  Code  Gb  ebyte_debug.o [1]
Ebyte_FIFO_GetDataLength
                        0x00a675   0x1c  Code  Gb  ebyte_kfifo.o [1]
Ebyte_FIFO_Init         0x00a069   0x47  Code  Gb  ebyte_kfifo.o [1]
Ebyte_FIFO_Read         0x0092a2  0x14e  Code  Gb  ebyte_kfifo.o [1]
Ebyte_FIFO_Write        0x008fe5  0x163  Code  Gb  ebyte_kfifo.o [1]
Ebyte_Port_DelayMs      0x00a412   0x2b  Code  Gb  ebyte_port.o [1]
Ebyte_Port_Gdo0IoRead   0x00a7b9   0x15  Code  Gb  ebyte_port.o [1]
Ebyte_Port_ReceiveCallback
                        0x00a63b   0x1d  Code  Gb  ebyte_callback.o [1]
Ebyte_Port_SpiCsIoControl
                        0x00a6c5   0x1a  Code  Gb  ebyte_port.o [1]
Ebyte_Port_SpiTransmitAndReceivce
                        0x00a887   0x10  Code  Gb  ebyte_port.o [1]
Ebyte_Port_TransmitCallback
                        0x00a691   0x1a  Code  Gb  ebyte_callback.o [1]
Ebyte_RF                0x00a81d   0x12  Data  Gb  ebyte_core.o [1]
Ebyte_TimerDelayCounter
                        0x00013c    0x4  Data  Gb  board.o [1]
FIFO_TickCounter        0x000144    0x4  Data  Lc  stm8l15x_it.o [1]
FIFO_isTimeCheckReady   0x00014e    0x1  Data  Gb  main.o [1]
FLASH_IRQHandler        0x00a970    0x1  Code  Gb  stm8l15x_it.o [1]
GPIO_ExternalPullUpConfig
                        0x00a3bb   0x2c  Code  Gb  stm8l15x_gpio.o [1]
GPIO_Init               0x009b85   0x8e  Code  Gb  stm8l15x_gpio.o [1]
GPIO_ReadInputDataBit   0x00a90b    0x7  Code  Gb  stm8l15x_gpio.o [1]
GPIO_ToggleBits         0x00a904    0x7  Code  Gb  stm8l15x_gpio.o [1]
GPIO_WriteBit           0x00a853   0x12  Code  Gb  stm8l15x_gpio.o [1]
I2C1_SPI2_IRQHandler    0x00a985    0x1  Code  Gb  stm8l15x_it.o [1]
INTVEC$$Base            0x008000          --   Gb  - Linker created -
INTVEC$$Limit           0x008080          --   Gb  - Linker created -
IT_Timer_ButtonCheck    0x009d91   0x6e  Code  Gb  stm8l15x_it.o [1]
IT_Timer_UartCheck      0x0099bc   0x9b  Code  Gb  stm8l15x_it.o [1]
LCD_AES_IRQHandler      0x00a97b    0x1  Code  Gb  stm8l15x_it.o [1]
PC_isConnected          0x000150    0x1  Data  Gb  main.o [1]
PcEchoBuffer            0x000115   0x14  Data  Gb  main.o [1]
RTC_CSSLSE_IRQHandler   0x00a973    0x1  Code  Gb  stm8l15x_it.o [1]
Region$$Table$$Base     0x00a5ec          --   Gb  - Linker created -
Region$$Table$$Limit    0x00a5fe          --   Gb  - Linker created -
SPI1_IRQHandler         0x00a983    0x1  Code  Gb  stm8l15x_it.o [1]
SPI_Cmd                 0x00a8b3    0xd  Code  Gb  stm8l15x_spi.o [1]
SPI_Init                0x00a17e   0x41  Code  Gb  stm8l15x_spi.o [1]
SWITCH_CSS_BREAK_DAC_IRQHandler
                        0x00a97c    0x1  Code  Gb  stm8l15x_it.o [1]
SYSCFG_REMAPPinConfig   0x009f78   0x55  Code  Gb  stm8l15x_syscfg.o [1]
SYSDivFactor            0x00a92c    0x5  Data  Gb  stm8l15x_clk.o [1]
SimulatedCommandsButton1
                        0x00a918    0x5  Data  Gb  ebyte_debug.o [1]
SimulatedCommandsButton2
                        0x00a91d    0x5  Data  Gb  ebyte_debug.o [1]
SimulatedCommandsWireless1
                        0x00a922    0x5  Data  Gb  ebyte_debug.o [1]
SimulatedCommandsWireless2
                        0x00a927    0x5  Data  Gb  ebyte_debug.o [1]
TIM1_CC_IRQHandler      0x00a981    0x1  Code  Gb  stm8l15x_it.o [1]
TIM1_UPD_OVF_TRG_COM_IRQHandler
                        0x00a980    0x1  Code  Gb  stm8l15x_it.o [1]
TIM2_CC_USART2_RX_IRQHandler
                        0x00a97e    0x1  Code  Gb  stm8l15x_it.o [1]
TIM2_UPD_OVF_TRG_BRK_USART2_TX_IRQHandler
                        0x00a97d    0x1  Code  Gb  stm8l15x_it.o [1]
TIM3_CC_USART3_RX_IRQHandler
                        0x00a97f    0x1  Code  Gb  stm8l15x_it.o [1]
TIM3_ClearFlag          0x00a8f0    0xb  Code  Gb  stm8l15x_tim3.o [1]
TIM3_ClearITPendingBit  0x00a936    0x5  Code  Gb  stm8l15x_tim3.o [1]
TIM3_Cmd                0x00a8c0    0xd  Code  Gb  stm8l15x_tim3.o [1]
TIM3_ITConfig           0x00a6df   0x1a  Code  Gb  stm8l15x_tim3.o [1]
TIM3_TimeBaseInit       0x00a51f   0x24  Code  Gb  stm8l15x_tim3.o [1]
TIM3_UPD_OVF_TRG_BRK_USART3_TX_IRQHandler
                        0x00a5cb   0x21  Code  Gb  stm8l15x_it.o [1]
TIM4_UPD_OVF_TRG_IRQHandler
                        0x00a982    0x1  Code  Gb  stm8l15x_it.o [1]
TRAP_IRQHandler         0x00a96f    0x1  Code  Gb  stm8l15x_it.o [1]
Task_Button             0x0095f8   0xec  Code  Gb  main.o [1]
Task_Transmit           0x0097ae   0xc5  Code  Gb  main.o [1]
TxBuffer                0x0000d5   0x40  Data  Gb  main.o [1]
USART1_RX_TIM5_CC_IRQHandler
                        0x00a0b0   0x47  Code  Gb  stm8l15x_it.o [1]
USART1_TX_TIM5_UPD_OVF_TRG_BRK_IRQHandler
                        0x00a984    0x1  Code  Gb  stm8l15x_it.o [1]
USART_ClearITPendingBit
                        0x00a93b    0x5  Code  Gb  stm8l15x_usart.o [1]
USART_Cmd               0x00a465   0x27  Code  Gb  stm8l15x_usart.o [1]
USART_GetFlagStatus     0x00a588   0x22  Code  Gb  stm8l15x_usart.o [1]
USART_ITConfig          0x009af1   0x94  Code  Gb  stm8l15x_usart.o [1]
USART_Init              0x0096e4   0xca  Code  Gb  stm8l15x_usart.o [1]
USART_ReceiveData8      0x00a95c    0x3  Code  Gb  stm8l15x_usart.o [1]
USART_SendData8         0x00a95f    0x3  Code  Gb  stm8l15x_usart.o [1]
Uart_TickCounter        0x000140    0x4  Data  Lc  stm8l15x_it.o [1]
Uart_isContinuousRecv   0x000153    0x1  Data  Lc  stm8l15x_it.o [1]
Uart_isInRecvState      0x000152    0x1  Data  Lc  stm8l15x_it.o [1]
Uart_isRecvReady        0x00014d    0x1  Data  Gb  main.o [1]
UserReceiveDoneCallback
                        0x0093f0  0x105  Code  Gb  main.o [1]
UserTransmitDoneCallback
                        0x00a94d    0x4  Code  Gb  main.o [1]
__DebugBreak            0x00a986    0x1  Code  Gb  __dbg_break.o [3]
__exit                  0x00a7f6   0x14  Code  Gb  __dbg_xxexit.o [3]
__iar_copy_init2        0x00a43d         Code  Gb  init_small.o [4]
__iar_data_init2        0x00a7e2   0x14  Code  Gb  init.o [4]
__iar_program_start     0x00a80a         Code  Gb  cstartup.o [4]
__iar_unhandled_exception
                        0x00a96b         Code  Gb  unhandled_exception.o [4]
__iar_zero_init2        0x00a61d         Code  Gb  init_small.o [4]
__intvec                0x008000         Data  Gb  interrupt.o [4]
__low_level_init        0x00a965    0x3  Code  Gb  low_level_init.o [4]
_exit                   0x00a940         Code  Gb  cexit.o [4]
_interrupt_1            0x00a96f         Code  Gb  stm8l15x_it.o [1]
_interrupt_10           0x00a977         Code  Gb  stm8l15x_it.o [1]
_interrupt_11           0x00a978         Code  Gb  stm8l15x_it.o [1]
_interrupt_12           0x00a658         Code  Gb  stm8l15x_it.o [1]
_interrupt_13           0x00a6f9         Code  Gb  stm8l15x_it.o [1]
_interrupt_14           0x00a712         Code  Gb  stm8l15x_it.o [1]
_interrupt_15           0x00a72b         Code  Gb  stm8l15x_it.o [1]
_interrupt_16           0x00a979         Code  Gb  stm8l15x_it.o [1]
_interrupt_17           0x00a97a         Code  Gb  stm8l15x_it.o [1]
_interrupt_18           0x00a97b         Code  Gb  stm8l15x_it.o [1]
_interrupt_19           0x00a97c         Code  Gb  stm8l15x_it.o [1]
_interrupt_20           0x00a78c         Code  Gb  stm8l15x_it.o [1]
_interrupt_21           0x00a97d         Code  Gb  stm8l15x_it.o [1]
_interrupt_22           0x00a97e         Code  Gb  stm8l15x_it.o [1]
_interrupt_23           0x00a5cb         Code  Gb  stm8l15x_it.o [1]
_interrupt_24           0x00a97f         Code  Gb  stm8l15x_it.o [1]
_interrupt_25           0x00a980         Code  Gb  stm8l15x_it.o [1]
_interrupt_26           0x00a981         Code  Gb  stm8l15x_it.o [1]
_interrupt_27           0x00a982         Code  Gb  stm8l15x_it.o [1]
_interrupt_28           0x00a983         Code  Gb  stm8l15x_it.o [1]
_interrupt_29           0x00a984         Code  Gb  stm8l15x_it.o [1]
_interrupt_3            0x00a970         Code  Gb  stm8l15x_it.o [1]
_interrupt_30           0x00a0b0         Code  Gb  stm8l15x_it.o [1]
_interrupt_31           0x00a985         Code  Gb  stm8l15x_it.o [1]
_interrupt_4            0x00a971         Code  Gb  stm8l15x_it.o [1]
_interrupt_5            0x00a972         Code  Gb  stm8l15x_it.o [1]
_interrupt_6            0x00a973         Code  Gb  stm8l15x_it.o [1]
_interrupt_7            0x00a974         Code  Gb  stm8l15x_it.o [1]
_interrupt_8            0x00a975         Code  Gb  stm8l15x_it.o [1]
_interrupt_9            0x00a976         Code  Gb  stm8l15x_it.o [1]
exit                    0x00a968    0x3  Code  Gb  exit.o [4]
hfifo                   0x000049   0x4c  Data  Gb  main.o [1]
main                    0x00a021   0x48  Code  Gb  main.o [1]
mprintf                 0x008e81  0x164  Code  Gb  board_mini_printf.o [1]
send_uart_data          0x00a5fe   0x1f  Code  Lc  board_mini_printf.o [1]
sky_ftoa                0x0087a9  0x1f0  Code  Lc  board_mini_printf.o [1]
sky_itoa                0x0094f5  0x103  Code  Lc  board_mini_printf.o [1]


[1] = E:\0_Ebyte_Product\0_Ebyte\E15\E15-EVB02\Software\2021-05-06-Project\0_Project\IAR_for_Stm8\ExMx_Demo\E15-EVB02_E07-400M10S\Obj
[2] = command line
[3] = dbgstm8smd.a
[4] = dlstm8smn.a

  10 102 bytes of readonly  code memory
     529 bytes of readonly  data memory
     596 bytes of readwrite data memory

Errors: none
Warnings: none
