###############################################################################
#
# IAR ELF Linker V3.10.1.201 for STM8                     28/Jun/2021  17:19:42
# Copyright 2010-2017 IAR Systems AB.
#
#    Output file  =  
#        E:\0_Ebyte_Product\0_Ebyte\E15\E15-EVB02\Software\2021-05-06-Project\0_Project\IAR_for_Stm8\ExMx_Demo\E15-EVB02_E22-900M22S\Exe\project.out
#    Map file     =  
#        E:\0_Ebyte_Product\0_Ebyte\E15\E15-EVB02\Software\2021-05-06-Project\0_Project\IAR_for_Stm8\ExMx_Demo\E15-EVB02_E22-900M22S\List\project.map
#    Command line =  
#        -f C:\Users\529880~1\AppData\Local\Temp\EW1E54.tmp
#        (E:\0_Ebyte_Product\0_Ebyte\E15\E15-EVB02\Software\2021-05-06-Project\0_Project\IAR_for_Stm8\ExMx_Demo\E15-EVB02_E22-900M22S\Obj\board.o
#        E:\0_Ebyte_Product\0_Ebyte\E15\E15-EVB02\Software\2021-05-06-Project\0_Project\IAR_for_Stm8\ExMx_Demo\E15-EVB02_E22-900M22S\Obj\board_button.o
#        E:\0_Ebyte_Product\0_Ebyte\E15\E15-EVB02\Software\2021-05-06-Project\0_Project\IAR_for_Stm8\ExMx_Demo\E15-EVB02_E22-900M22S\Obj\board_mini_printf.o
#        E:\0_Ebyte_Product\0_Ebyte\E15\E15-EVB02\Software\2021-05-06-Project\0_Project\IAR_for_Stm8\ExMx_Demo\E15-EVB02_E22-900M22S\Obj\ebyte_callback.o
#        E:\0_Ebyte_Product\0_Ebyte\E15\E15-EVB02\Software\2021-05-06-Project\0_Project\IAR_for_Stm8\ExMx_Demo\E15-EVB02_E22-900M22S\Obj\ebyte_core.o
#        E:\0_Ebyte_Product\0_Ebyte\E15\E15-EVB02\Software\2021-05-06-Project\0_Project\IAR_for_Stm8\ExMx_Demo\E15-EVB02_E22-900M22S\Obj\ebyte_debug.o
#        E:\0_Ebyte_Product\0_Ebyte\E15\E15-EVB02\Software\2021-05-06-Project\0_Project\IAR_for_Stm8\ExMx_Demo\E15-EVB02_E22-900M22S\Obj\ebyte_e22x.o
#        E:\0_Ebyte_Product\0_Ebyte\E15\E15-EVB02\Software\2021-05-06-Project\0_Project\IAR_for_Stm8\ExMx_Demo\E15-EVB02_E22-900M22S\Obj\ebyte_kfifo.o
#        E:\0_Ebyte_Product\0_Ebyte\E15\E15-EVB02\Software\2021-05-06-Project\0_Project\IAR_for_Stm8\ExMx_Demo\E15-EVB02_E22-900M22S\Obj\ebyte_port.o
#        E:\0_Ebyte_Product\0_Ebyte\E15\E15-EVB02\Software\2021-05-06-Project\0_Project\IAR_for_Stm8\ExMx_Demo\E15-EVB02_E22-900M22S\Obj\main.o
#        E:\0_Ebyte_Product\0_Ebyte\E15\E15-EVB02\Software\2021-05-06-Project\0_Project\IAR_for_Stm8\ExMx_Demo\E15-EVB02_E22-900M22S\Obj\stm8l15x_adc.o
#        E:\0_Ebyte_Product\0_Ebyte\E15\E15-EVB02\Software\2021-05-06-Project\0_Project\IAR_for_Stm8\ExMx_Demo\E15-EVB02_E22-900M22S\Obj\stm8l15x_aes.o
#        E:\0_Ebyte_Product\0_Ebyte\E15\E15-EVB02\Software\2021-05-06-Project\0_Project\IAR_for_Stm8\ExMx_Demo\E15-EVB02_E22-900M22S\Obj\stm8l15x_beep.o
#        E:\0_Ebyte_Product\0_Ebyte\E15\E15-EVB02\Software\2021-05-06-Project\0_Project\IAR_for_Stm8\ExMx_Demo\E15-EVB02_E22-900M22S\Obj\stm8l15x_clk.o
#        E:\0_Ebyte_Product\0_Ebyte\E15\E15-EVB02\Software\2021-05-06-Project\0_Project\IAR_for_Stm8\ExMx_Demo\E15-EVB02_E22-900M22S\Obj\stm8l15x_comp.o
#        E:\0_Ebyte_Product\0_Ebyte\E15\E15-EVB02\Software\2021-05-06-Project\0_Project\IAR_for_Stm8\ExMx_Demo\E15-EVB02_E22-900M22S\Obj\stm8l15x_dac.o
#        E:\0_Ebyte_Product\0_Ebyte\E15\E15-EVB02\Software\2021-05-06-Project\0_Project\IAR_for_Stm8\ExMx_Demo\E15-EVB02_E22-900M22S\Obj\stm8l15x_dma.o
#        E:\0_Ebyte_Product\0_Ebyte\E15\E15-EVB02\Software\2021-05-06-Project\0_Project\IAR_for_Stm8\ExMx_Demo\E15-EVB02_E22-900M22S\Obj\stm8l15x_exti.o
#        E:\0_Ebyte_Product\0_Ebyte\E15\E15-EVB02\Software\2021-05-06-Project\0_Project\IAR_for_Stm8\ExMx_Demo\E15-EVB02_E22-900M22S\Obj\stm8l15x_flash.o
#        E:\0_Ebyte_Product\0_Ebyte\E15\E15-EVB02\Software\2021-05-06-Project\0_Project\IAR_for_Stm8\ExMx_Demo\E15-EVB02_E22-900M22S\Obj\stm8l15x_gpio.o
#        E:\0_Ebyte_Product\0_Ebyte\E15\E15-EVB02\Software\2021-05-06-Project\0_Project\IAR_for_Stm8\ExMx_Demo\E15-EVB02_E22-900M22S\Obj\stm8l15x_i2c.o
#        E:\0_Ebyte_Product\0_Ebyte\E15\E15-EVB02\Software\2021-05-06-Project\0_Project\IAR_for_Stm8\ExMx_Demo\E15-EVB02_E22-900M22S\Obj\stm8l15x_irtim.o
#        E:\0_Ebyte_Product\0_Ebyte\E15\E15-EVB02\Software\2021-05-06-Project\0_Project\IAR_for_Stm8\ExMx_Demo\E15-EVB02_E22-900M22S\Obj\stm8l15x_it.o
#        E:\0_Ebyte_Product\0_Ebyte\E15\E15-EVB02\Software\2021-05-06-Project\0_Project\IAR_for_Stm8\ExMx_Demo\E15-EVB02_E22-900M22S\Obj\stm8l15x_iwdg.o
#        E:\0_Ebyte_Product\0_Ebyte\E15\E15-EVB02\Software\2021-05-06-Project\0_Project\IAR_for_Stm8\ExMx_Demo\E15-EVB02_E22-900M22S\Obj\stm8l15x_lcd.o
#        E:\0_Ebyte_Product\0_Ebyte\E15\E15-EVB02\Software\2021-05-06-Project\0_Project\IAR_for_Stm8\ExMx_Demo\E15-EVB02_E22-900M22S\Obj\stm8l15x_pwr.o
#        E:\0_Ebyte_Product\0_Ebyte\E15\E15-EVB02\Software\2021-05-06-Project\0_Project\IAR_for_Stm8\ExMx_Demo\E15-EVB02_E22-900M22S\Obj\stm8l15x_rst.o
#        E:\0_Ebyte_Product\0_Ebyte\E15\E15-EVB02\Software\2021-05-06-Project\0_Project\IAR_for_Stm8\ExMx_Demo\E15-EVB02_E22-900M22S\Obj\stm8l15x_rtc.o
#        E:\0_Ebyte_Product\0_Ebyte\E15\E15-EVB02\Software\2021-05-06-Project\0_Project\IAR_for_Stm8\ExMx_Demo\E15-EVB02_E22-900M22S\Obj\stm8l15x_spi.o
#        E:\0_Ebyte_Product\0_Ebyte\E15\E15-EVB02\Software\2021-05-06-Project\0_Project\IAR_for_Stm8\ExMx_Demo\E15-EVB02_E22-900M22S\Obj\stm8l15x_syscfg.o
#        E:\0_Ebyte_Product\0_Ebyte\E15\E15-EVB02\Software\2021-05-06-Project\0_Project\IAR_for_Stm8\ExMx_Demo\E15-EVB02_E22-900M22S\Obj\stm8l15x_tim1.o
#        E:\0_Ebyte_Product\0_Ebyte\E15\E15-EVB02\Software\2021-05-06-Project\0_Project\IAR_for_Stm8\ExMx_Demo\E15-EVB02_E22-900M22S\Obj\stm8l15x_tim2.o
#        E:\0_Ebyte_Product\0_Ebyte\E15\E15-EVB02\Software\2021-05-06-Project\0_Project\IAR_for_Stm8\ExMx_Demo\E15-EVB02_E22-900M22S\Obj\stm8l15x_tim3.o
#        E:\0_Ebyte_Product\0_Ebyte\E15\E15-EVB02\Software\2021-05-06-Project\0_Project\IAR_for_Stm8\ExMx_Demo\E15-EVB02_E22-900M22S\Obj\stm8l15x_tim4.o
#        E:\0_Ebyte_Product\0_Ebyte\E15\E15-EVB02\Software\2021-05-06-Project\0_Project\IAR_for_Stm8\ExMx_Demo\E15-EVB02_E22-900M22S\Obj\stm8l15x_tim5.o
#        E:\0_Ebyte_Product\0_Ebyte\E15\E15-EVB02\Software\2021-05-06-Project\0_Project\IAR_for_Stm8\ExMx_Demo\E15-EVB02_E22-900M22S\Obj\stm8l15x_usart.o
#        E:\0_Ebyte_Product\0_Ebyte\E15\E15-EVB02\Software\2021-05-06-Project\0_Project\IAR_for_Stm8\ExMx_Demo\E15-EVB02_E22-900M22S\Obj\stm8l15x_wfe.o
#        E:\0_Ebyte_Product\0_Ebyte\E15\E15-EVB02\Software\2021-05-06-Project\0_Project\IAR_for_Stm8\ExMx_Demo\E15-EVB02_E22-900M22S\Obj\stm8l15x_wwdg.o
#        --redirect _Printf=_PrintfSmall --redirect _Scanf=_ScanfSmall -o
#        E:\0_Ebyte_Product\0_Ebyte\E15\E15-EVB02\Software\2021-05-06-Project\0_Project\IAR_for_Stm8\ExMx_Demo\E15-EVB02_E22-900M22S\Exe\project.out
#        --map
#        E:\0_Ebyte_Product\0_Ebyte\E15\E15-EVB02\Software\2021-05-06-Project\0_Project\IAR_for_Stm8\ExMx_Demo\E15-EVB02_E22-900M22S\List\project.map
#        --config
#        F:\01_JH_Software\IAR\Install_ForStm8\stm8\config\lnkstm8l151g4.icf
#        --config_def _CSTACK_SIZE=0x100 --config_def _HEAP_SIZE=0x100 --entry
#        __iar_program_start --debug_lib)
#
###############################################################################

*******************************************************************************
*** RUNTIME MODEL ATTRIBUTES
***

__SystemLibrary            = DLib
__code_model               = small
__core                     = stm8
__data_model               = medium
__dlib_file_descriptor     = 0
__dlib_full_locale_support = 0
__rt_version               = 4


*******************************************************************************
*** PLACEMENT SUMMARY
***

"A0":  place at start of [0x000000-0x0000ff] { rw section .vregs };
"A1":  place at end of [0x000000-0x0007ff] { block CSTACK };
"P2":  place in [from 0x000000 to 0x0007ff] {
          block HEAP, rw section __DLIB_PERTHREAD, rw section .far.bss,
          rw section .far.data, rw section .far.noinit,
          rw section .far_func.textrw, rw section .huge.bss,
          rw section .huge.data, rw section .huge.noinit,
          rw section .huge_func.textrw, rw section .iar.dynexit,
          rw section .near.bss, rw section .near.data, rw section .near.noinit,
          rw section .near_func.textrw };
"A2":  place at start of [0x008000-0x00bfff] { block INTVEC };
"P3":  place in [from 0x008000 to 0x00bfff] {
          ro section __DLIB_PERTHREAD_init, ro section .far.data_init,
          ro section .far_func.textrw_init, ro section .huge.data_init,
          ro section .huge_func.textrw_init, ro section .iar.init_table,
          ro section .init_array, ro section .near.data_init,
          ro section .near.rodata, ro section .near_func.text,
          ro section .near_func.textrw_init, ro section .tiny.data_init,
          ro section .tiny.rodata_init };
"P4":  place in [from 0x008000 to 0x00bfff] {
          ro section .far.rodata, ro section .far_func.text };
"P5":  place in [from 0x008000 to 0x00bfff] {
          ro section .huge.rodata, ro section .huge_func.text };
do not initialize {
   rw section .eeprom.noinit, rw section .far.noinit, rw section .huge.noinit,
   rw section .near.noinit, rw section .tiny.noinit, rw section .vregs };
initialize by copy {
   rw section .far.bss, rw section .far.data, rw section .far_func.textrw,
   rw section .huge.bss, rw section .huge.data, rw section .huge_func.textrw,
   rw section .iar.dynexit, rw section .near.bss, rw section .near.data,
   rw section .near_func.textrw, rw section .tiny.bss, rw section .tiny.data,
   ro section .tiny.rodata };

  Section            Kind      Address    Size  Object
  -------            ----      -------    ----  ------
"A0":                                     0x10
  .vregs             uninit   0x000000    0x10  vregs.o [4]
                            - 0x000010    0x10

"P2", part 1 of 2:                        0x16
  P2-1                        0x000010    0x16  <Init block>
    .near.data       inited   0x000010     0xc  ebyte_e22x.o [1]
    .near.data       inited   0x00001c     0x5  main.o [1]
    .near.data       inited   0x000021     0x5  main.o [1]
                            - 0x000026    0x16

"P2", part 2 of 2:                       0x1da
  .near.bss          zero     0x000026    0xff  ebyte_e22x.o [1]
  .near.bss          zero     0x000125    0x4c  main.o [1]
  .near.bss          zero     0x000171    0x40  main.o [1]
  .near.bss          zero     0x0001b1    0x14  main.o [1]
  .near.bss          zero     0x0001c5    0x13  board.o [1]
  .near.bss          zero     0x0001d8     0xb  ebyte_e22x.o [1]
  .near.bss          zero     0x0001e3     0x4  board.o [1]
  .near.bss          zero     0x0001e7     0x4  ebyte_e22x.o [1]
  .near.bss          zero     0x0001eb     0x4  stm8l15x_it.o [1]
  .near.bss          zero     0x0001ef     0x4  stm8l15x_it.o [1]
  .near.bss          zero     0x0001f3     0x2  stm8l15x_it.o [1]
  .near.bss          zero     0x0001f5     0x2  stm8l15x_it.o [1]
  .near.bss          zero     0x0001f7     0x1  ebyte_e22x.o [1]
  .near.bss          zero     0x0001f8     0x1  ebyte_e22x.o [1]
  .near.bss          zero     0x0001f9     0x1  main.o [1]
  .near.bss          zero     0x0001fa     0x1  main.o [1]
  .near.bss          zero     0x0001fb     0x1  main.o [1]
  .near.bss          zero     0x0001fc     0x1  main.o [1]
  .near.bss          zero     0x0001fd     0x1  main.o [1]
  .near.bss          zero     0x0001fe     0x1  stm8l15x_it.o [1]
  .near.bss          zero     0x0001ff     0x1  stm8l15x_it.o [1]
                            - 0x000200   0x1da

"A1":                                    0x100
  CSTACK                      0x000700   0x100  <Block>
    CSTACK           uninit   0x000700   0x100  <Block tail>
                            - 0x000800   0x100

"A2":                                     0x80
  INTVEC                      0x008000    0x80  <Block>
    .intvec          const    0x008000    0x80  interrupt.o [4]
                            - 0x008080    0x80

"P3-P5":                                0x27c7
  .near_func.text    ro code  0x008080   0x483  float.o [4]
  .near_func.text    ro code  0x008503   0x43b  ebyte_e22x.o [1]
  .near_func.text    ro code  0x00893e   0x1f0  board_mini_printf.o [1]
  .near_func.text    ro code  0x008b2e   0x164  board_mini_printf.o [1]
  .near_func.text    ro code  0x008c92   0x163  ebyte_kfifo.o [1]
  .near_func.text    ro code  0x008df5   0x14f  vreg_util.o [4]
  .near_func.text    ro code  0x008f44   0x14e  ebyte_kfifo.o [1]
  .near_func.text    ro code  0x009092   0x144  ebyte_debug.o [1]
  .near_func.text    ro code  0x0091d6   0x105  main.o [1]
  .near_func.text    ro code  0x0092db   0x103  board_mini_printf.o [1]
  .near_func.text    ro code  0x0093de    0xef  long.o [4]
  .near_func.text    ro code  0x0094cd    0xec  main.o [1]
  .near_func.text    ro code  0x0095b9    0xca  stm8l15x_usart.o [1]
  .near_func.text    ro code  0x009683    0xba  main.o [1]
  .near_func.text    ro code  0x00973d    0x9b  stm8l15x_it.o [1]
  .near_func.text    ro code  0x0097d8    0x94  stm8l15x_usart.o [1]
  .near_func.text    ro code  0x00986c    0x8e  stm8l15x_gpio.o [1]
  .near_func.text    ro code  0x0098fa    0x8b  ebyte_e22x.o [1]
  .near_func.text    ro code  0x009985    0x89  stm8l15x_clk.o [1]
  .near_func.text    ro code  0x009a0e    0x88  ebyte_e22x.o [1]
  .near_func.text    ro code  0x009a96    0x80  ebyte_e22x.o [1]
  .near_func.text    ro code  0x009b16    0x72  stm8l15x_clk.o [1]
  .near_func.text    ro code  0x009b88    0x6e  stm8l15x_it.o [1]
  .near_func.text    ro code  0x009bf6    0x5d  ebyte_e22x.o [1]
  .near_func.text    ro code  0x009c53    0x55  stm8l15x_syscfg.o [1]
  .near_func.text    ro code  0x009ca8    0x54  board.o [1]
  .near_func.text    ro code  0x009cfc    0x53  ebyte_e22x.o [1]
  .near_func.text    ro code  0x009d4f    0x52  board.o [1]
  .near_func.text    ro code  0x009da1    0x51  ebyte_e22x.o [1]
  .near_func.text    ro code  0x009df2    0x48  main.o [1]
  .near_func.text    ro code  0x009e3a    0x47  ebyte_kfifo.o [1]
  .near_func.text    ro code  0x009e81    0x47  stm8l15x_it.o [1]
  .near_func.text    ro code  0x009ec8    0x44  board.o [1]
  .near_func.text    ro code  0x009f0c    0x44  long_util.o [4]
  .near_func.text    ro code  0x009f50    0x43  board_button.o [1]
  .near_func.text    ro code  0x009f93    0x42  ebyte_e22x.o [1]
  .near_func.text    ro code  0x009fd5    0x41  stm8l15x_spi.o [1]
  .near_func.text    ro code  0x00a016    0x3b  board.o [1]
  .near.rodata       const    0x00a051    0x3a  main.o [1]
  .near_func.text    ro code  0x00a08b    0x3a  board.o [1]
  .near_func.text    ro code  0x00a0c5    0x36  short.o [4]
  .near.rodata       const    0x00a0fb    0x35  main.o [1]
  .near_func.text    ro code  0x00a130    0x35  ebyte_e22x.o [1]
  .near_func.text    ro code  0x00a165    0x33  board.o [1]
  .near_func.text    ro code  0x00a198    0x33  board_button.o [1]
  .near_func.text    ro code  0x00a1cb    0x33  ebyte_e22x.o [1]
  .near_func.text    ro code  0x00a1fe    0x2c  stm8l15x_gpio.o [1]
  .near.rodata       const    0x00a22a    0x2b  main.o [1]
  .near_func.text    ro code  0x00a255    0x2b  ebyte_port.o [1]
  .near_func.text    ro code  0x00a280    0x28  init_small.o [4]
  .near_func.text    ro code  0x00a2a8    0x27  stm8l15x_usart.o [1]
  .near_func.text    ro code  0x00a2cf    0x26  board.o [1]
  .near_func.text    ro code  0x00a2f5    0x24  board.o [1]
  .near_func.text    ro code  0x00a319    0x24  stm8l15x_tim3.o [1]
  .near_func.text    ro code  0x00a33d    0x23  board.o [1]
  .near.rodata       const    0x00a360    0x22  main.o [1]
  .near_func.text    ro code  0x00a382    0x22  stm8l15x_usart.o [1]
  .near_func.text    ro code  0x00a3a4    0x21  stm8l15x_exti.o [1]
  .near_func.text    ro code  0x00a3c5    0x21  stm8l15x_it.o [1]
  .iar.init_table    const    0x00a3e6    0x12  - Linker created -
  .near_func.text    ro code  0x00a3f8    0x20  ebyte_e22x.o [1]
  .near_func.text    ro code  0x00a418    0x1f  board_mini_printf.o [1]
  .near_func.text    ro code  0x00a437    0x1f  move.o [4]
  .near_func.text    ro code  0x00a456    0x1e  init_small.o [4]
  .near_func.text    ro code  0x00a474    0x1d  ebyte_callback.o [1]
  .near_func.text    ro code  0x00a491    0x1d  stm8l15x_it.o [1]
  .near_func.text    ro code  0x00a4ae    0x1c  ebyte_kfifo.o [1]
  .near_func.text    ro code  0x00a4ca    0x1b  ebyte_e22x.o [1]
  .near_func.text    ro code  0x00a4e5    0x1a  ebyte_callback.o [1]
  .near_func.text    ro code  0x00a4ff    0x1a  ebyte_port.o [1]
  .near_func.text    ro code  0x00a519    0x1a  ebyte_port.o [1]
  .near_func.text    ro code  0x00a533    0x1a  ebyte_port.o [1]
  .near_func.text    ro code  0x00a54d    0x1a  ebyte_port.o [1]
  .near_func.text    ro code  0x00a567    0x1a  stm8l15x_tim3.o [1]
  .near_func.text    ro code  0x00a581    0x19  stm8l15x_it.o [1]
  .near_func.text    ro code  0x00a59a    0x19  stm8l15x_it.o [1]
  .near_func.text    ro code  0x00a5b3    0x19  stm8l15x_it.o [1]
  .near.rodata       const    0x00a5cc    0x18  ebyte_e22x.o [1]
  .near_func.text    ro code  0x00a5e4    0x18  ebyte_e22x.o [1]
  .near_func.text    ro code  0x00a5fc    0x18  stm8l15x_it.o [1]
  .near_func.text    ro code  0x00a614    0x18  dc_util.o [4]
  .near_func.text    ro code  0x00a62c    0x16  ebyte_e22x.o [1]
  Initializer bytes  const    0x00a642    0x16  <for P2-1>
  .near_func.text    ro code  0x00a658    0x15  board.o [1]
  .near_func.text    ro code  0x00a66d    0x15  ebyte_port.o [1]
  .near.rodata       const    0x00a682    0x14  main.o [1]
  .near_func.text    ro code  0x00a696    0x14  init.o [4]
  .near_func.text    ro code  0x00a6aa    0x14  __dbg_xxexit.o [3]
  .near_func.text    ro code  0x00a6be    0x13  cstartup.o [4]
  .near.rodata       const    0x00a6d1    0x12  ebyte_core.o [1]
  .near.rodata       const    0x00a6e3    0x12  main.o [1]
  .near.rodata       const    0x00a6f5    0x12  main.o [1]
  .near_func.text    ro code  0x00a707    0x12  stm8l15x_gpio.o [1]
  .near.rodata       const    0x00a719    0x11  board_mini_printf.o [1]
  .near_func.text    ro code  0x00a72a    0x11  board.o [1]
  .near_func.text    ro code  0x00a73b    0x11  ebyte_e22x.o [1]
  .near_func.text    ro code  0x00a74c    0x10  ebyte_port.o [1]
  .near_func.text    ro code  0x00a75c     0xe  board_button.o [1]
  .near_func.text    ro code  0x00a76a     0xe  stm8l15x_comp.o [1]
  .near_func.text    ro code  0x00a778     0xd  stm8l15x_spi.o [1]
  .near_func.text    ro code  0x00a785     0xd  stm8l15x_tim3.o [1]
  .near.rodata       const    0x00a792     0xb  board_mini_printf.o [1]
  .near.rodata       const    0x00a79d     0xb  main.o [1]
  .near_func.text    ro code  0x00a7a8     0xb  stm8l15x_tim3.o [1]
  .near.rodata       const    0x00a7b3     0x9  ebyte_e22x.o [1]
  .near_func.text    ro code  0x00a7bc     0x9  board.o [1]
  .near.rodata       const    0x00a7c5     0x8  ebyte_e22x.o [1]
  .near_func.text    ro code  0x00a7cd     0x7  stm8l15x_gpio.o [1]
  .near_func.text    ro code  0x00a7d4     0x7  stm8l15x_gpio.o [1]
  .near_func.text    ro code  0x00a7db     0x6  ebyte_e22x.o [1]
  .near.rodata       const    0x00a7e1     0x5  ebyte_debug.o [1]
  .near.rodata       const    0x00a7e6     0x5  ebyte_debug.o [1]
  .near.rodata       const    0x00a7eb     0x5  ebyte_debug.o [1]
  .near.rodata       const    0x00a7f0     0x5  ebyte_debug.o [1]
  .near.rodata       const    0x00a7f5     0x5  stm8l15x_clk.o [1]
  .near_func.text    ro code  0x00a7fa     0x5  stm8l15x_tim3.o [1]
  .near_func.text    ro code  0x00a7ff     0x5  stm8l15x_usart.o [1]
  .near_func.text    ro code  0x00a804     0x5  cexit.o [4]
  .near_func.text    ro code  0x00a809     0x4  ebyte_e22x.o [1]
  .near_func.text    ro code  0x00a80d     0x4  main.o [1]
  .near_func.text    ro code  0x00a811     0x4  stm8l15x_clk.o [1]
  .near_func.text    ro code  0x00a815     0x4  stm8l15x_clk.o [1]
  .near_func.text    ro code  0x00a819     0x3  ebyte_e22x.o [1]
  .near_func.text    ro code  0x00a81c     0x3  stm8l15x_usart.o [1]
  .near_func.text    ro code  0x00a81f     0x3  stm8l15x_usart.o [1]
  .near_func.text    ro code  0x00a822     0x3  interrupt.o [4]
  .near_func.text    ro code  0x00a825     0x3  low_level_init.o [4]
  .near_func.text    ro code  0x00a828     0x3  exit.o [4]
  .near_func.text    ro code  0x00a82b     0x3  unhandled_exception.o [4]
  .near_func.text    ro code  0x00a82e     0x1  ebyte_e22x.o [1]
  .near_func.text    ro code  0x00a82f     0x1  stm8l15x_it.o [1]
  .near_func.text    ro code  0x00a830     0x1  stm8l15x_it.o [1]
  .near_func.text    ro code  0x00a831     0x1  stm8l15x_it.o [1]
  .near_func.text    ro code  0x00a832     0x1  stm8l15x_it.o [1]
  .near_func.text    ro code  0x00a833     0x1  stm8l15x_it.o [1]
  .near_func.text    ro code  0x00a834     0x1  stm8l15x_it.o [1]
  .near_func.text    ro code  0x00a835     0x1  stm8l15x_it.o [1]
  .near_func.text    ro code  0x00a836     0x1  stm8l15x_it.o [1]
  .near_func.text    ro code  0x00a837     0x1  stm8l15x_it.o [1]
  .near_func.text    ro code  0x00a838     0x1  stm8l15x_it.o [1]
  .near_func.text    ro code  0x00a839     0x1  stm8l15x_it.o [1]
  .near_func.text    ro code  0x00a83a     0x1  stm8l15x_it.o [1]
  .near_func.text    ro code  0x00a83b     0x1  stm8l15x_it.o [1]
  .near_func.text    ro code  0x00a83c     0x1  stm8l15x_it.o [1]
  .near_func.text    ro code  0x00a83d     0x1  stm8l15x_it.o [1]
  .near_func.text    ro code  0x00a83e     0x1  stm8l15x_it.o [1]
  .near_func.text    ro code  0x00a83f     0x1  stm8l15x_it.o [1]
  .near_func.text    ro code  0x00a840     0x1  stm8l15x_it.o [1]
  .near_func.text    ro code  0x00a841     0x1  stm8l15x_it.o [1]
  .near_func.text    ro code  0x00a842     0x1  stm8l15x_it.o [1]
  .near_func.text    ro code  0x00a843     0x1  stm8l15x_it.o [1]
  .near_func.text    ro code  0x00a844     0x1  stm8l15x_it.o [1]
  .near_func.text    ro code  0x00a845     0x1  stm8l15x_it.o [1]
  .near_func.text    ro code  0x00a846     0x1  __dbg_break.o [3]
                            - 0x00a847  0x27c7


*******************************************************************************
*** INIT TABLE
***

          Address   Size
          -------   ----
Zero (__iar_zero_init2)
    1 destination range, total size 0x1da:
          0x000026  0x1da

Copy (__iar_copy_init2)
    1 source range, total size 0x16:
          0x00a642   0x16
    1 destination range, total size 0x16:
          0x000010   0x16



*******************************************************************************
*** MODULE SUMMARY
***

    Module                 ro code  ro data  rw data
    ------                 -------  -------  -------
E:\0_Ebyte_Product\0_Ebyte\E15\E15-EVB02\Software\2021-05-06-Project\0_Project\IAR_for_Stm8\ExMx_Demo\E15-EVB02_E22-900M22S\Obj: [1]
    board.o                    558                23
    board_button.o             132
    board_mini_printf.o      1 142       28
    ebyte_callback.o            55
    ebyte_core.o                         18
    ebyte_debug.o              324       20
    ebyte_e22x.o             2 049       53      284
    ebyte_kfifo.o              788
    ebyte_port.o               184
    main.o                     759      265      175
    stm8l15x_clk.o             259        5
    stm8l15x_comp.o             14
    stm8l15x_exti.o             33
    stm8l15x_gpio.o            218
    stm8l15x_it.o              520                14
    stm8l15x_spi.o              78
    stm8l15x_syscfg.o           85
    stm8l15x_tim3.o             91
    stm8l15x_usart.o           434
    ------------------------------------------------
    Total:                   7 723      389      496

command line: [2]
    ------------------------------------------------
    Total:

dbgstm8smd.a: [3]
    __dbg_break.o                1
    __dbg_xxexit.o              20
    ------------------------------------------------
    Total:                      21

dlstm8smn.a: [4]
    cexit.o                      5
    cstartup.o                  19
    dc_util.o                   24
    exit.o                       3
    float.o                  1 155
    init.o                      20
    init_small.o                70
    interrupt.o                  3      128
    long.o                     239
    long_util.o                 68
    low_level_init.o             3
    move.o                      31
    short.o                     54
    unhandled_exception.o        3
    vreg_util.o                335
    vregs.o                                       16
    ------------------------------------------------
    Total:                   2 032      128       16

    Linker created                       18      256
----------------------------------------------------
    Grand Total:             9 776      535      768


*******************************************************************************
*** ENTRY LIST
***

Entry                    Address   Size  Type      Object
-----                    -------   ----  ----      ------
.iar.init_table$$Base   0x00a3e6          --   Gb  - Linker created -
.iar.init_table$$Limit  0x00a3f8          --   Gb  - Linker created -
?add32_l0_l0_0x         0x00940a         Code  Gb  long.o [4]
?and32_l0_l0_0x         0x0094b5         Code  Gb  long.o [4]
?b0                     0x000000         Data  Gb  vregs.o [4]
?b1                     0x000001         Data  Gb  vregs.o [4]
?b10                    0x00000a         Data  Gb  vregs.o [4]
?b11                    0x00000b         Data  Gb  vregs.o [4]
?b12                    0x00000c         Data  Gb  vregs.o [4]
?b13                    0x00000d         Data  Gb  vregs.o [4]
?b14                    0x00000e         Data  Gb  vregs.o [4]
?b15                    0x00000f         Data  Gb  vregs.o [4]
?b2                     0x000002         Data  Gb  vregs.o [4]
?b3                     0x000003         Data  Gb  vregs.o [4]
?b4                     0x000004         Data  Gb  vregs.o [4]
?b5                     0x000005         Data  Gb  vregs.o [4]
?b6                     0x000006         Data  Gb  vregs.o [4]
?b7                     0x000007         Data  Gb  vregs.o [4]
?b8                     0x000008         Data  Gb  vregs.o [4]
?b9                     0x000009         Data  Gb  vregs.o [4]
?dc32_l1                0x00a614         Code  Gb  dc_util.o [4]
?dc32_px                0x00a621         Code  Gb  dc_util.o [4]
?dec32_0x_0x            0x0093f6         Code  Gb  long.o [4]
?dec32_l0_l0            0x0093f1         Code  Gb  long.o [4]
?e0                     0x000001         Data  Gb  vregs.o [4]
?e1                     0x000005         Data  Gb  vregs.o [4]
?e2                     0x000009         Data  Gb  vregs.o [4]
?e3                     0x00000d         Data  Gb  vregs.o [4]
?epilogue_l2            0x008e9c         Code  Gb  vreg_util.o [4]
?epilogue_l2_l3         0x008e99         Code  Gb  vreg_util.o [4]
?epilogue_l2_w6         0x008ea0         Code  Gb  vreg_util.o [4]
?epilogue_w4            0x008ea7         Code  Gb  vreg_util.o [4]
?fadd32_l0_l0_l1        0x0080a3         Code  Gb  float.o [4]
?fcastf32s16_l0_x       0x00831f         Code  Gb  float.o [4]
?fcastf32u16_l0_x       0x008326         Code  Gb  float.o [4]
?fcastf32u32_l0_l0      0x0083c9         Code  Gb  float.o [4]
?fcasts16f32_x_l0       0x008344         Code  Gb  float.o [4]
?fcastu32f32_l0_l0      0x008379         Code  Gb  float.o [4]
?fcmplt32_c_l0_0x       0x0082c9         Code  Gb  float.o [4]
?fcmplt32_c_l0_dc32     0x0082c4         Code  Gb  float.o [4]
?fdiv32_l0_l0_dc32      0x008211         Code  Gb  float.o [4]
?fdiv32_l0_l0_l1        0x008216         Code  Gb  float.o [4]
?fmul32_l0_l0_dc32      0x008171         Code  Gb  float.o [4]
?fmul32_l0_l0_l1        0x008176         Code  Gb  float.o [4]
?fsub32_l0_l0_l1        0x00809d         Code  Gb  float.o [4]
?inc32_0x_0x            0x0093e3         Code  Gb  long.o [4]
?inc32_l0_l0            0x0093de         Code  Gb  long.o [4]
?l0                     0x000000         Data  Gb  vregs.o [4]
?l1                     0x000004         Data  Gb  vregs.o [4]
?l2                     0x000008         Data  Gb  vregs.o [4]
?l3                     0x00000c         Data  Gb  vregs.o [4]
?load32_0x_l0           0x009f34         Code  Gb  long_util.o [4]
?load32_0x_l1           0x009f42         Code  Gb  long_util.o [4]
?load32_l0_0x           0x009f0c         Code  Gb  long_util.o [4]
?load32_l1_0x           0x009f28         Code  Gb  long_util.o [4]
?load32_l1_asp          0x009f1d         Code  Gb  long_util.o [4]
?load32_l1_dbsp         0x009f18         Code  Gb  long_util.o [4]
?load32_l1_xsp          0x009f1f         Code  Gb  long_util.o [4]
?longfarg16_v_w0_a      0x00a444         Code  Gb  move.o [4]
?longfarg16_v_w0_x      0x00a446         Code  Gb  move.o [4]
?mov_e0_e1              0x008ed8         Code  Gb  vreg_util.o [4]
?mov_e0_e2              0x008ee5         Code  Gb  vreg_util.o [4]
?mov_e0_e3              0x008ef2         Code  Gb  vreg_util.o [4]
?mov_e1_e0              0x008eff         Code  Gb  vreg_util.o [4]
?mov_e1_e2              0x008f0c         Code  Gb  vreg_util.o [4]
?mov_e1_e3              0x008f19         Code  Gb  vreg_util.o [4]
?mov_e2_e0              0x008f26         Code  Gb  vreg_util.o [4]
?mov_e3_e0              0x008f33         Code  Gb  vreg_util.o [4]
?mov_l0_l1              0x008ed5         Code  Gb  vreg_util.o [4]
?mov_l0_l2              0x008ee2         Code  Gb  vreg_util.o [4]
?mov_l0_l3              0x008eef         Code  Gb  vreg_util.o [4]
?mov_l1_l0              0x008efc         Code  Gb  vreg_util.o [4]
?mov_l1_l2              0x008f09         Code  Gb  vreg_util.o [4]
?mov_l1_l3              0x008f16         Code  Gb  vreg_util.o [4]
?mov_l2_l0              0x008f23         Code  Gb  vreg_util.o [4]
?mov_l3_l0              0x008f30         Code  Gb  vreg_util.o [4]
?mov_w0_w2              0x008eab         Code  Gb  vreg_util.o [4]
?mov_w1_w0              0x008eb2         Code  Gb  vreg_util.o [4]
?mov_w1_w3              0x008edb         Code  Gb  vreg_util.o [4]
?mov_w1_w5              0x008ee8         Code  Gb  vreg_util.o [4]
?mov_w1_w7              0x008ef5         Code  Gb  vreg_util.o [4]
?mov_w2_w0              0x008eb9         Code  Gb  vreg_util.o [4]
?mov_w2_w1              0x008ec0         Code  Gb  vreg_util.o [4]
?mov_w2_w5              0x008ec7         Code  Gb  vreg_util.o [4]
?mov_w3_w1              0x008f02         Code  Gb  vreg_util.o [4]
?mov_w3_w5              0x008f0f         Code  Gb  vreg_util.o [4]
?mov_w3_w7              0x008f1c         Code  Gb  vreg_util.o [4]
?mov_w5_w0              0x008ece         Code  Gb  vreg_util.o [4]
?mov_w5_w1              0x008f29         Code  Gb  vreg_util.o [4]
?mov_w7_w1              0x008f36         Code  Gb  vreg_util.o [4]
?mov_w7_w5              0x008f3d         Code  Gb  vreg_util.o [4]
?move1616_v_x_y_a       0x00a437         Code  Gb  move.o [4]
?pop_l0                 0x008e65         Code  Gb  vreg_util.o [4]
?pop_l1                 0x008e70         Code  Gb  vreg_util.o [4]
?pop_l2                 0x008e7b         Code  Gb  vreg_util.o [4]
?pop_l3                 0x008e86         Code  Gb  vreg_util.o [4]
?pop_w4                 0x008e17         Code  Gb  vreg_util.o [4]
?pop_w6                 0x008e1e         Code  Gb  vreg_util.o [4]
?pop_w7                 0x008e25         Code  Gb  vreg_util.o [4]
?push_l0                0x008e34         Code  Gb  vreg_util.o [4]
?push_l1                0x008e39         Code  Gb  vreg_util.o [4]
?push_l2                0x008e3e         Code  Gb  vreg_util.o [4]
?push_l3                0x008e43         Code  Gb  vreg_util.o [4]
?push_w4                0x008df5         Code  Gb  vreg_util.o [4]
?push_w6                0x008dfa         Code  Gb  vreg_util.o [4]
?push_w7                0x008dff         Code  Gb  vreg_util.o [4]
?sdiv16_x_x_y           0x00a0c5         Code  Gb  short.o [4]
?sll16_x_x_a            0x00a0ee         Code  Gb  short.o [4]
?smod16_y_x_y           0x00a0de         Code  Gb  short.o [4]
?srl16_x_x_4            0x00a0f6         Code  Gb  short.o [4]
?sub32_l0_l0_0x         0x009425         Code  Gb  long.o [4]
?sub32_l0_l0_l1         0x009422         Code  Gb  long.o [4]
?ucmp32_c_l0_l1         0x0094aa         Code  Gb  long.o [4]
?udiv32_l0_l0_l1        0x00943d         Code  Gb  long.o [4]
?umod32_l1_l0_l1        0x00943d         Code  Gb  long.o [4]
?w0                     0x000000         Data  Gb  vregs.o [4]
?w1                     0x000002         Data  Gb  vregs.o [4]
?w2                     0x000004         Data  Gb  vregs.o [4]
?w3                     0x000006         Data  Gb  vregs.o [4]
?w4                     0x000008         Data  Gb  vregs.o [4]
?w5                     0x00000a         Data  Gb  vregs.o [4]
?w6                     0x00000c         Data  Gb  vregs.o [4]
?w7                     0x00000e         Data  Gb  vregs.o [4]
ADC1_COMP_IRQHandler    0x00a5fc   0x18  Code  Gb  stm8l15x_it.o [1]
BSP_BTN_FIFO            0x0001c5   0x13  Data  Gb  board.o [1]
BTN_Event               0x0001fd    0x1  Data  Lc  main.o [1]
BufferPing              0x00001c    0x5  Data  Gb  main.o [1]
BufferPong              0x000021    0x5  Data  Gb  main.o [1]
Button1_TickCounter     0x0001f3    0x2  Data  Lc  stm8l15x_it.o [1]
Button2_TickCounter     0x0001f5    0x2  Data  Lc  stm8l15x_it.o [1]
CLK_GetClockFreq        0x009b16   0x72  Code  Gb  stm8l15x_clk.o [1]
CLK_PeripheralClockConfig
                        0x009985   0x89  Code  Gb  stm8l15x_clk.o [1]
CLK_SYSCLKDivConfig     0x00a815    0x4  Code  Gb  stm8l15x_clk.o [1]
CLK_SYSCLKSourceConfig  0x00a811    0x4  Code  Gb  stm8l15x_clk.o [1]
COMP_ClearFlag          0x00a76a    0xe  Code  Gb  stm8l15x_comp.o [1]
CSTACK$$Base            0x000700          --   Gb  - Linker created -
CSTACK$$Limit           0x000800          --   Gb  - Linker created -
Callback_isPingCheckReady
                        0x0001fb    0x1  Data  Gb  main.o [1]
DMA1_CHANNEL0_1_IRQHandler
                        0x00a831    0x1  Code  Gb  stm8l15x_it.o [1]
DMA1_CHANNEL2_3_IRQHandler
                        0x00a832    0x1  Code  Gb  stm8l15x_it.o [1]
E22x_Calibrate          0x00871a    0xd  Code  Gb  ebyte_e22x.o [1]
E22x_CalibrateImage     0x009a0e   0x88  Code  Gb  ebyte_e22x.o [1]
E22x_CheckReady         0x00a151   0x14  Code  Gb  ebyte_e22x.o [1]
E22x_ClearIrqStatus     0x008809   0x18  Code  Gb  ebyte_e22x.o [1]
E22x_GetDriverVersion   0x00a819    0x3  Code  Gb  ebyte_e22x.o [1]
E22x_GetIrqStatus       0x0088e4   0x25  Code  Gb  ebyte_e22x.o [1]
E22x_GetLoraPacketStatus
                        0x009a96   0x80  Code  Gb  ebyte_e22x.o [1]
E22x_GetName            0x00a809    0x4  Code  Gb  ebyte_e22x.o [1]
E22x_GetOperatingMode   0x00a14d    0x4  Code  Gb  ebyte_e22x.o [1]
E22x_GetPayload         0x00879d   0x3c  Code  Gb  ebyte_e22x.o [1]
E22x_GetRxBufferStatus  0x00875a   0x3d  Code  Gb  ebyte_e22x.o [1]
E22x_GoReceive          0x00889c   0x48  Code  Gb  ebyte_e22x.o [1]
E22x_GoSleep            0x00a7db    0x6  Code  Gb  ebyte_e22x.o [1]
E22x_GoTransmit         0x009f93   0x42  Code  Gb  ebyte_e22x.o [1]
E22x_Init               0x0098fa   0x8b  Code  Gb  ebyte_e22x.o [1]
E22x_LoraBpsTable       0x00a5cc   0x18  Data  Lc  ebyte_e22x.o [1]
E22x_NameString         0x000010    0xc  Data  Lc  ebyte_e22x.o [1]
E22x_ReadBuffer         0x00869e   0x4b  Code  Gb  ebyte_e22x.o [1]
E22x_ReadCommand        0x00854e   0x44  Code  Gb  ebyte_e22x.o [1]
E22x_ReadRegister       0x008640   0x18  Code  Gb  ebyte_e22x.o [1]
E22x_ReadRegisters      0x0085f1   0x4f  Code  Gb  ebyte_e22x.o [1]
E22x_Reset              0x00a4ca   0x1b  Code  Gb  ebyte_e22x.o [1]
E22x_RfIoEnterRxMode    0x0086f2    0x9  Code  Gb  ebyte_e22x.o [1]
E22x_RfIoEnterTxMode    0x0086e9    0x9  Code  Gb  ebyte_e22x.o [1]
E22x_SetBufferBaseAddress
                        0x00a5e4   0x18  Code  Gb  ebyte_e22x.o [1]
E22x_SetDio2AsRfSwitchCtrl
                        0x008749   0x11  Code  Gb  ebyte_e22x.o [1]
E22x_SetDio3AsTcxoCtrl  0x008727   0x22  Code  Gb  ebyte_e22x.o [1]
E22x_SetDioIrqParams    0x0087d9   0x30  Code  Gb  ebyte_e22x.o [1]
E22x_SetLoraPacketParams
                        0x008864   0x38  Code  Gb  ebyte_e22x.o [1]
E22x_SetLoraSyncWord    0x008909   0x18  Code  Gb  ebyte_e22x.o [1]
E22x_SetModulationLoraParams
                        0x00a1cb   0x33  Code  Gb  ebyte_e22x.o [1]
E22x_SetPaConfig        0x00a3f8   0x20  Code  Gb  ebyte_e22x.o [1]
E22x_SetPacketType      0x00a62c   0x16  Code  Gb  ebyte_e22x.o [1]
E22x_SetPayload         0x008797    0x6  Code  Gb  ebyte_e22x.o [1]
E22x_SetRegulatorMode   0x00a73b   0x11  Code  Gb  ebyte_e22x.o [1]
E22x_SetRfFrequency     0x009bf6   0x5d  Code  Gb  ebyte_e22x.o [1]
E22x_SetSleep           0x008921   0x1d  Code  Gb  ebyte_e22x.o [1]
E22x_SetStandby         0x0086fb   0x1f  Code  Gb  ebyte_e22x.o [1]
E22x_SetTx              0x008821   0x43  Code  Gb  ebyte_e22x.o [1]
E22x_SetTxPaParams      0x009da1   0x51  Code  Gb  ebyte_e22x.o [1]
E22x_TaskForIRQ         0x00a82e    0x1  Code  Gb  ebyte_e22x.o [1]
E22x_TaskForPoll        0x009cfc   0x53  Code  Gb  ebyte_e22x.o [1]
E22x_WaitOnBusy         0x00a130    0x8  Code  Gb  ebyte_e22x.o [1]
E22x_Wakeup             0x00a138   0x15  Code  Gb  ebyte_e22x.o [1]
E22x_WriteBuffer        0x008658   0x46  Code  Gb  ebyte_e22x.o [1]
E22x_WriteCommand       0x008503   0x4b  Code  Gb  ebyte_e22x.o [1]
E22x_WriteRegister      0x0085dc   0x15  Code  Gb  ebyte_e22x.o [1]
E22x_WriteRegisters     0x008592   0x4a  Code  Gb  ebyte_e22x.o [1]
EXTI0_IRQHandler        0x00a837    0x1  Code  Gb  stm8l15x_it.o [1]
EXTI1_IRQHandler        0x00a838    0x1  Code  Gb  stm8l15x_it.o [1]
EXTI2_IRQHandler        0x00a491   0x1d  Code  Gb  stm8l15x_it.o [1]
EXTI3_IRQHandler        0x00a581   0x19  Code  Gb  stm8l15x_it.o [1]
EXTI4_IRQHandler        0x00a59a   0x19  Code  Gb  stm8l15x_it.o [1]
EXTI5_IRQHandler        0x00a5b3   0x19  Code  Gb  stm8l15x_it.o [1]
EXTI6_IRQHandler        0x00a839    0x1  Code  Gb  stm8l15x_it.o [1]
EXTI7_IRQHandler        0x00a83a    0x1  Code  Gb  stm8l15x_it.o [1]
EXTIB_G_IRQHandler      0x00a835    0x1  Code  Gb  stm8l15x_it.o [1]
EXTID_H_IRQHandler      0x00a836    0x1  Code  Gb  stm8l15x_it.o [1]
EXTIE_F_PVD_IRQHandler  0x00a834    0x1  Code  Gb  stm8l15x_it.o [1]
EXTI_ClearITPendingBit  0x00a3a4   0x21  Code  Gb  stm8l15x_exti.o [1]
Ebyte_BSP_E22xE220xGPIO_Init
                        0x009d4f   0x52  Code  Gb  board.o [1]
Ebyte_BSP_GPIO_Init     0x00a165   0x33  Code  Gb  board.o [1]
Ebyte_BSP_HSI_Init      0x00a7bc    0x9  Code  Gb  board.o [1]
Ebyte_BSP_Init          0x00a658   0x15  Code  Gb  board.o [1]
Ebyte_BSP_LedControl    0x00a08b   0x3a  Code  Gb  board.o [1]
Ebyte_BSP_ReadButton    0x00a33d   0x23  Code  Gb  board.o [1]
Ebyte_BSP_SPI_Init      0x009ec8   0x44  Code  Gb  board.o [1]
Ebyte_BSP_SpiTransAndRecv
                        0x00a72a   0x11  Code  Gb  board.o [1]
Ebyte_BSP_TIMER_Init    0x00a2cf   0x26  Code  Gb  board.o [1]
Ebyte_BSP_TimerDecrement
                        0x00a2f5   0x24  Code  Gb  board.o [1]
Ebyte_BSP_UART_Init     0x009ca8   0x54  Code  Gb  board.o [1]
Ebyte_BSP_UartTransmit  0x00a016   0x3b  Code  Gb  board.o [1]
Ebyte_BTN_FIFO_Init     0x00a75c    0xe  Code  Gb  board_button.o [1]
Ebyte_BTN_FIFO_Pop      0x00a198   0x33  Code  Gb  board_button.o [1]
Ebyte_BTN_FIFO_Push     0x009f50   0x43  Code  Gb  board_button.o [1]
Ebyte_DEBUG_CommandEcho
                        0x009092  0x144  Code  Gb  ebyte_debug.o [1]
Ebyte_FIFO_GetDataLength
                        0x00a4ae   0x1c  Code  Gb  ebyte_kfifo.o [1]
Ebyte_FIFO_Init         0x009e3a   0x47  Code  Gb  ebyte_kfifo.o [1]
Ebyte_FIFO_Read         0x008f44  0x14e  Code  Gb  ebyte_kfifo.o [1]
Ebyte_FIFO_Write        0x008c92  0x163  Code  Gb  ebyte_kfifo.o [1]
Ebyte_Port_BusyIoRead   0x00a66d   0x15  Code  Gb  ebyte_port.o [1]
Ebyte_Port_DelayMs      0x00a255   0x2b  Code  Gb  ebyte_port.o [1]
Ebyte_Port_ReceiveCallback
                        0x00a474   0x1d  Code  Gb  ebyte_callback.o [1]
Ebyte_Port_RstIoControl
                        0x00a519   0x1a  Code  Gb  ebyte_port.o [1]
Ebyte_Port_RxenIoControl
                        0x00a54d   0x1a  Code  Gb  ebyte_port.o [1]
Ebyte_Port_SpiCsIoControl
                        0x00a4ff   0x1a  Code  Gb  ebyte_port.o [1]
Ebyte_Port_SpiTransmitAndReceivce
                        0x00a74c   0x10  Code  Gb  ebyte_port.o [1]
Ebyte_Port_TransmitCallback
                        0x00a4e5   0x1a  Code  Gb  ebyte_callback.o [1]
Ebyte_Port_TxenIoControl
                        0x00a533   0x1a  Code  Gb  ebyte_port.o [1]
Ebyte_RF                0x00a6d1   0x12  Data  Gb  ebyte_core.o [1]
Ebyte_TimerDelayCounter
                        0x0001e3    0x4  Data  Gb  board.o [1]
FIFO_TickCounter        0x0001ef    0x4  Data  Lc  stm8l15x_it.o [1]
FIFO_isTimeCheckReady   0x0001fa    0x1  Data  Gb  main.o [1]
FLASH_IRQHandler        0x00a830    0x1  Code  Gb  stm8l15x_it.o [1]
FrequencyError          0x0001e7    0x4  Data  Lc  ebyte_e22x.o [1]
GPIO_ExternalPullUpConfig
                        0x00a1fe   0x2c  Code  Gb  stm8l15x_gpio.o [1]
GPIO_Init               0x00986c   0x8e  Code  Gb  stm8l15x_gpio.o [1]
GPIO_ReadInputDataBit   0x00a7d4    0x7  Code  Gb  stm8l15x_gpio.o [1]
GPIO_ToggleBits         0x00a7cd    0x7  Code  Gb  stm8l15x_gpio.o [1]
GPIO_WriteBit           0x00a707   0x12  Code  Gb  stm8l15x_gpio.o [1]
I2C1_SPI2_IRQHandler    0x00a845    0x1  Code  Gb  stm8l15x_it.o [1]
INTVEC$$Base            0x008000          --   Gb  - Linker created -
INTVEC$$Limit           0x008080          --   Gb  - Linker created -
IT_Timer_ButtonCheck    0x009b88   0x6e  Code  Gb  stm8l15x_it.o [1]
IT_Timer_UartCheck      0x00973d   0x9b  Code  Gb  stm8l15x_it.o [1]
LCD_AES_IRQHandler      0x00a83b    0x1  Code  Gb  stm8l15x_it.o [1]
OperatingMode           0x0001f7    0x1  Data  Lc  ebyte_e22x.o [1]
PC_isConnected          0x0001fc    0x1  Data  Gb  main.o [1]
PacketStatus            0x0001d8    0xb  Data  Lc  ebyte_e22x.o [1]
PacketType              0x0001f8    0x1  Data  Lc  ebyte_e22x.o [1]
PcEchoBuffer            0x0001b1   0x14  Data  Gb  main.o [1]
RTC_CSSLSE_IRQHandler   0x00a833    0x1  Code  Gb  stm8l15x_it.o [1]
RecvPacketBuffer        0x000026   0xff  Data  Lc  ebyte_e22x.o [1]
Region$$Table$$Base     0x00a3e6          --   Gb  - Linker created -
Region$$Table$$Limit    0x00a3f8          --   Gb  - Linker created -
SPI1_IRQHandler         0x00a843    0x1  Code  Gb  stm8l15x_it.o [1]
SPI_Cmd                 0x00a778    0xd  Code  Gb  stm8l15x_spi.o [1]
SPI_Init                0x009fd5   0x41  Code  Gb  stm8l15x_spi.o [1]
SWITCH_CSS_BREAK_DAC_IRQHandler
                        0x00a83c    0x1  Code  Gb  stm8l15x_it.o [1]
SYSCFG_REMAPPinConfig   0x009c53   0x55  Code  Gb  stm8l15x_syscfg.o [1]
SYSDivFactor            0x00a7f5    0x5  Data  Gb  stm8l15x_clk.o [1]
SimulatedCommandsButton1
                        0x00a7e1    0x5  Data  Gb  ebyte_debug.o [1]
SimulatedCommandsButton2
                        0x00a7e6    0x5  Data  Gb  ebyte_debug.o [1]
SimulatedCommandsWireless1
                        0x00a7eb    0x5  Data  Gb  ebyte_debug.o [1]
SimulatedCommandsWireless2
                        0x00a7f0    0x5  Data  Gb  ebyte_debug.o [1]
TIM1_CC_IRQHandler      0x00a841    0x1  Code  Gb  stm8l15x_it.o [1]
TIM1_UPD_OVF_TRG_COM_IRQHandler
                        0x00a840    0x1  Code  Gb  stm8l15x_it.o [1]
TIM2_CC_USART2_RX_IRQHandler
                        0x00a83e    0x1  Code  Gb  stm8l15x_it.o [1]
TIM2_UPD_OVF_TRG_BRK_USART2_TX_IRQHandler
                        0x00a83d    0x1  Code  Gb  stm8l15x_it.o [1]
TIM3_CC_USART3_RX_IRQHandler
                        0x00a83f    0x1  Code  Gb  stm8l15x_it.o [1]
TIM3_ClearFlag          0x00a7a8    0xb  Code  Gb  stm8l15x_tim3.o [1]
TIM3_ClearITPendingBit  0x00a7fa    0x5  Code  Gb  stm8l15x_tim3.o [1]
TIM3_Cmd                0x00a785    0xd  Code  Gb  stm8l15x_tim3.o [1]
TIM3_ITConfig           0x00a567   0x1a  Code  Gb  stm8l15x_tim3.o [1]
TIM3_TimeBaseInit       0x00a319   0x24  Code  Gb  stm8l15x_tim3.o [1]
TIM3_UPD_OVF_TRG_BRK_USART3_TX_IRQHandler
                        0x00a3c5   0x21  Code  Gb  stm8l15x_it.o [1]
TIM4_UPD_OVF_TRG_IRQHandler
                        0x00a842    0x1  Code  Gb  stm8l15x_it.o [1]
TRAP_IRQHandler         0x00a82f    0x1  Code  Gb  stm8l15x_it.o [1]
Task_Button             0x0094cd   0xec  Code  Gb  main.o [1]
Task_Transmit           0x009683   0xba  Code  Gb  main.o [1]
TxBuffer                0x000171   0x40  Data  Gb  main.o [1]
USART1_RX_TIM5_CC_IRQHandler
                        0x009e81   0x47  Code  Gb  stm8l15x_it.o [1]
USART1_TX_TIM5_UPD_OVF_TRG_BRK_IRQHandler
                        0x00a844    0x1  Code  Gb  stm8l15x_it.o [1]
USART_ClearITPendingBit
                        0x00a7ff    0x5  Code  Gb  stm8l15x_usart.o [1]
USART_Cmd               0x00a2a8   0x27  Code  Gb  stm8l15x_usart.o [1]
USART_GetFlagStatus     0x00a382   0x22  Code  Gb  stm8l15x_usart.o [1]
USART_ITConfig          0x0097d8   0x94  Code  Gb  stm8l15x_usart.o [1]
USART_Init              0x0095b9   0xca  Code  Gb  stm8l15x_usart.o [1]
USART_ReceiveData8      0x00a81c    0x3  Code  Gb  stm8l15x_usart.o [1]
USART_SendData8         0x00a81f    0x3  Code  Gb  stm8l15x_usart.o [1]
Uart_TickCounter        0x0001eb    0x4  Data  Lc  stm8l15x_it.o [1]
Uart_isContinuousRecv   0x0001ff    0x1  Data  Lc  stm8l15x_it.o [1]
Uart_isInRecvState      0x0001fe    0x1  Data  Lc  stm8l15x_it.o [1]
Uart_isRecvReady        0x0001f9    0x1  Data  Gb  main.o [1]
UserReceiveDoneCallback
                        0x0091d6  0x105  Code  Gb  main.o [1]
UserTransmitDoneCallback
                        0x00a80d    0x4  Code  Gb  main.o [1]
__DebugBreak            0x00a846    0x1  Code  Gb  __dbg_break.o [3]
__exit                  0x00a6aa   0x14  Code  Gb  __dbg_xxexit.o [3]
__iar_copy_init2        0x00a280         Code  Gb  init_small.o [4]
__iar_data_init2        0x00a696   0x14  Code  Gb  init.o [4]
__iar_program_start     0x00a6be         Code  Gb  cstartup.o [4]
__iar_unhandled_exception
                        0x00a82b         Code  Gb  unhandled_exception.o [4]
__iar_zero_init2        0x00a456         Code  Gb  init_small.o [4]
__intvec                0x008000         Data  Gb  interrupt.o [4]
__low_level_init        0x00a825    0x3  Code  Gb  low_level_init.o [4]
_exit                   0x00a804         Code  Gb  cexit.o [4]
_interrupt_1            0x00a82f         Code  Gb  stm8l15x_it.o [1]
_interrupt_10           0x00a837         Code  Gb  stm8l15x_it.o [1]
_interrupt_11           0x00a838         Code  Gb  stm8l15x_it.o [1]
_interrupt_12           0x00a491         Code  Gb  stm8l15x_it.o [1]
_interrupt_13           0x00a581         Code  Gb  stm8l15x_it.o [1]
_interrupt_14           0x00a59a         Code  Gb  stm8l15x_it.o [1]
_interrupt_15           0x00a5b3         Code  Gb  stm8l15x_it.o [1]
_interrupt_16           0x00a839         Code  Gb  stm8l15x_it.o [1]
_interrupt_17           0x00a83a         Code  Gb  stm8l15x_it.o [1]
_interrupt_18           0x00a83b         Code  Gb  stm8l15x_it.o [1]
_interrupt_19           0x00a83c         Code  Gb  stm8l15x_it.o [1]
_interrupt_20           0x00a5fc         Code  Gb  stm8l15x_it.o [1]
_interrupt_21           0x00a83d         Code  Gb  stm8l15x_it.o [1]
_interrupt_22           0x00a83e         Code  Gb  stm8l15x_it.o [1]
_interrupt_23           0x00a3c5         Code  Gb  stm8l15x_it.o [1]
_interrupt_24           0x00a83f         Code  Gb  stm8l15x_it.o [1]
_interrupt_25           0x00a840         Code  Gb  stm8l15x_it.o [1]
_interrupt_26           0x00a841         Code  Gb  stm8l15x_it.o [1]
_interrupt_27           0x00a842         Code  Gb  stm8l15x_it.o [1]
_interrupt_28           0x00a843         Code  Gb  stm8l15x_it.o [1]
_interrupt_29           0x00a844         Code  Gb  stm8l15x_it.o [1]
_interrupt_3            0x00a830         Code  Gb  stm8l15x_it.o [1]
_interrupt_30           0x009e81         Code  Gb  stm8l15x_it.o [1]
_interrupt_31           0x00a845         Code  Gb  stm8l15x_it.o [1]
_interrupt_4            0x00a831         Code  Gb  stm8l15x_it.o [1]
_interrupt_5            0x00a832         Code  Gb  stm8l15x_it.o [1]
_interrupt_6            0x00a833         Code  Gb  stm8l15x_it.o [1]
_interrupt_7            0x00a834         Code  Gb  stm8l15x_it.o [1]
_interrupt_8            0x00a835         Code  Gb  stm8l15x_it.o [1]
_interrupt_9            0x00a836         Code  Gb  stm8l15x_it.o [1]
exit                    0x00a828    0x3  Code  Gb  exit.o [4]
hfifo                   0x000125   0x4c  Data  Gb  main.o [1]
main                    0x009df2   0x48  Code  Gb  main.o [1]
mprintf                 0x008b2e  0x164  Code  Gb  board_mini_printf.o [1]
send_uart_data          0x00a418   0x1f  Code  Lc  board_mini_printf.o [1]
sky_ftoa                0x00893e  0x1f0  Code  Lc  board_mini_printf.o [1]
sky_itoa                0x0092db  0x103  Code  Lc  board_mini_printf.o [1]


[1] = E:\0_Ebyte_Product\0_Ebyte\E15\E15-EVB02\Software\2021-05-06-Project\0_Project\IAR_for_Stm8\ExMx_Demo\E15-EVB02_E22-900M22S\Obj
[2] = command line
[3] = dbgstm8smd.a
[4] = dlstm8smn.a

  9 776 bytes of readonly  code memory
    535 bytes of readonly  data memory
    768 bytes of readwrite data memory

Errors: none
Warnings: none
